Running one-time sync...
Claude Code sync pipeline starting...
DEBUG: Processing JSONL file: /home/joshf/.claude/projects/-home-joshf-Guardian/07c3ccde-7625-4f75-90c3-ec5ee8108df8.jsonl
DEBUG: Extracted session ID: 07c3ccde-7625-4f75-90c3-ec5ee8108df8
DEBUG: File size: 0.25 MB
DEBUG: Reading file content from: /home/joshf/.claude/projects/-home-joshf-Guardian/07c3ccde-7625-4f75-90c3-ec5ee8108df8.jsonl
DEBUG: File content length: 266888 characters
DEBUG: Found 92 non-empty lines
DEBUG: Parsed 92 JSON messages
DEBUG: Parsing stats - total: 92, messages: 34, toolUses: 29, toolResults: 29, errors: 0, skipped: 58
[2025-08-13T18:05:45.830Z] INFO  [database-connection] Read-write database connection established {"path":"/home/joshf/.local/share/memory-sqlite/claude_code.db"}
DB_LOG: insert sessions for session 07c3ccde-7625-4f75-90c3-ec5ee8108df8
DB_LOG: insert messages for session 07c3ccde-7625-4f75-90c3-ec5ee8108df8
DB_LOG: insert messages for session 07c3ccde-7625-4f75-90c3-ec5ee8108df8
DB_LOG: insert messages for session 07c3ccde-7625-4f75-90c3-ec5ee8108df8
DB_LOG: insert messages for session 07c3ccde-7625-4f75-90c3-ec5ee8108df8
DB_LOG: insert messages for session 07c3ccde-7625-4f75-90c3-ec5ee8108df8
DB_LOG: insert messages for session 07c3ccde-7625-4f75-90c3-ec5ee8108df8
DB_LOG: insert tool_uses for session unknown
DB_LOG: insert messages for session 07c3ccde-7625-4f75-90c3-ec5ee8108df8
DB_LOG: insert tool_use_results for session unknown
DB_LOG: insert messages for session 07c3ccde-7625-4f75-90c3-ec5ee8108df8
DB_LOG: insert messages for session 07c3ccde-7625-4f75-90c3-ec5ee8108df8
DB_LOG: insert tool_uses for session unknown
DB_LOG: insert messages for session 07c3ccde-7625-4f75-90c3-ec5ee8108df8
DB_LOG: insert tool_use_results for session unknown
DB_LOG: insert messages for session 07c3ccde-7625-4f75-90c3-ec5ee8108df8
DB_LOG: insert tool_uses for session unknown
DB_LOG: insert messages for session 07c3ccde-7625-4f75-90c3-ec5ee8108df8
DB_LOG: insert tool_use_results for session unknown
DB_LOG: insert messages for session 07c3ccde-7625-4f75-90c3-ec5ee8108df8
DB_LOG: insert messages for session 07c3ccde-7625-4f75-90c3-ec5ee8108df8
DB_LOG: insert tool_uses for session unknown
DB_LOG: insert messages for session 07c3ccde-7625-4f75-90c3-ec5ee8108df8
DB_LOG: insert tool_use_results for session unknown
DB_LOG: insert messages for session 07c3ccde-7625-4f75-90c3-ec5ee8108df8
DB_LOG: insert messages for session 07c3ccde-7625-4f75-90c3-ec5ee8108df8
DB_LOG: insert messages for session 07c3ccde-7625-4f75-90c3-ec5ee8108df8
DB_LOG: insert messages for session 07c3ccde-7625-4f75-90c3-ec5ee8108df8
DB_LOG: insert messages for session 07c3ccde-7625-4f75-90c3-ec5ee8108df8
DB_LOG: insert messages for session 07c3ccde-7625-4f75-90c3-ec5ee8108df8
DB_LOG: insert messages for session 07c3ccde-7625-4f75-90c3-ec5ee8108df8
DB_LOG: insert messages for session 07c3ccde-7625-4f75-90c3-ec5ee8108df8
DB_LOG: insert tool_uses for session unknown
DB_LOG: insert messages for session 07c3ccde-7625-4f75-90c3-ec5ee8108df8
DB_LOG: insert tool_use_results for session unknown
DB_LOG: insert messages for session 07c3ccde-7625-4f75-90c3-ec5ee8108df8
DB_LOG: insert messages for session 07c3ccde-7625-4f75-90c3-ec5ee8108df8
DB_LOG: insert tool_uses for session unknown
DB_LOG: insert messages for session 07c3ccde-7625-4f75-90c3-ec5ee8108df8
DB_LOG: insert tool_use_results for session unknown
DB_LOG: insert messages for session 07c3ccde-7625-4f75-90c3-ec5ee8108df8
DB_LOG: insert messages for session 07c3ccde-7625-4f75-90c3-ec5ee8108df8
DB_LOG: insert tool_uses for session unknown
DB_LOG: insert messages for session 07c3ccde-7625-4f75-90c3-ec5ee8108df8
DB_LOG: insert tool_use_results for session unknown
DB_LOG: insert messages for session 07c3ccde-7625-4f75-90c3-ec5ee8108df8
DB_LOG: insert tool_uses for session unknown
DB_LOG: insert messages for session 07c3ccde-7625-4f75-90c3-ec5ee8108df8
DB_LOG: insert tool_use_results for session unknown
DB_LOG: insert messages for session 07c3ccde-7625-4f75-90c3-ec5ee8108df8
DB_LOG: insert messages for session 07c3ccde-7625-4f75-90c3-ec5ee8108df8
DB_LOG: insert tool_uses for session unknown
DB_LOG: insert messages for session 07c3ccde-7625-4f75-90c3-ec5ee8108df8
DB_LOG: insert tool_use_results for session unknown
DB_LOG: insert messages for session 07c3ccde-7625-4f75-90c3-ec5ee8108df8
DB_LOG: insert messages for session 07c3ccde-7625-4f75-90c3-ec5ee8108df8
DB_LOG: insert tool_uses for session unknown
DB_LOG: insert messages for session 07c3ccde-7625-4f75-90c3-ec5ee8108df8
DB_LOG: insert tool_use_results for session unknown
DB_LOG: insert messages for session 07c3ccde-7625-4f75-90c3-ec5ee8108df8
DB_LOG: insert messages for session 07c3ccde-7625-4f75-90c3-ec5ee8108df8
DB_LOG: insert tool_uses for session unknown
DB_LOG: insert messages for session 07c3ccde-7625-4f75-90c3-ec5ee8108df8
DB_LOG: insert tool_use_results for session unknown
DB_LOG: insert messages for session 07c3ccde-7625-4f75-90c3-ec5ee8108df8
DB_LOG: insert messages for session 07c3ccde-7625-4f75-90c3-ec5ee8108df8
DB_LOG: insert tool_uses for session unknown
DB_LOG: insert messages for session 07c3ccde-7625-4f75-90c3-ec5ee8108df8
DB_LOG: insert tool_use_results for session unknown
DB_LOG: insert messages for session 07c3ccde-7625-4f75-90c3-ec5ee8108df8
DB_LOG: insert messages for session 07c3ccde-7625-4f75-90c3-ec5ee8108df8
DB_LOG: insert tool_uses for session unknown
DB_LOG: insert messages for session 07c3ccde-7625-4f75-90c3-ec5ee8108df8
DB_LOG: insert tool_use_results for session unknown
DB_LOG: insert messages for session 07c3ccde-7625-4f75-90c3-ec5ee8108df8
DB_LOG: insert tool_uses for session unknown
DB_LOG: insert messages for session 07c3ccde-7625-4f75-90c3-ec5ee8108df8
DB_LOG: insert tool_use_results for session unknown
DB_LOG: insert messages for session 07c3ccde-7625-4f75-90c3-ec5ee8108df8
DB_LOG: insert messages for session 07c3ccde-7625-4f75-90c3-ec5ee8108df8
DB_LOG: insert tool_uses for session unknown
DB_LOG: insert messages for session 07c3ccde-7625-4f75-90c3-ec5ee8108df8
DB_LOG: insert tool_use_results for session unknown
DB_LOG: insert messages for session 07c3ccde-7625-4f75-90c3-ec5ee8108df8
DB_LOG: insert tool_uses for session unknown
DB_LOG: insert messages for session 07c3ccde-7625-4f75-90c3-ec5ee8108df8
DB_LOG: insert tool_use_results for session unknown
DB_LOG: insert messages for session 07c3ccde-7625-4f75-90c3-ec5ee8108df8
DB_LOG: insert messages for session 07c3ccde-7625-4f75-90c3-ec5ee8108df8
DB_LOG: insert tool_uses for session unknown
DB_LOG: insert messages for session 07c3ccde-7625-4f75-90c3-ec5ee8108df8
DB_LOG: insert tool_use_results for session unknown
DB_LOG: insert messages for session 07c3ccde-7625-4f75-90c3-ec5ee8108df8
DB_LOG: insert messages for session 07c3ccde-7625-4f75-90c3-ec5ee8108df8
DB_LOG: insert tool_uses for session unknown
DB_LOG: insert messages for session 07c3ccde-7625-4f75-90c3-ec5ee8108df8
DB_LOG: insert tool_use_results for session unknown
DB_LOG: insert messages for session 07c3ccde-7625-4f75-90c3-ec5ee8108df8
DB_LOG: insert messages for session 07c3ccde-7625-4f75-90c3-ec5ee8108df8
DB_LOG: insert tool_uses for session unknown
DB_LOG: insert messages for session 07c3ccde-7625-4f75-90c3-ec5ee8108df8
DB_LOG: insert tool_use_results for session unknown
DB_LOG: insert messages for session 07c3ccde-7625-4f75-90c3-ec5ee8108df8
DB_LOG: insert messages for session 07c3ccde-7625-4f75-90c3-ec5ee8108df8
DB_LOG: insert tool_uses for session unknown
DB_LOG: insert messages for session 07c3ccde-7625-4f75-90c3-ec5ee8108df8
DB_LOG: insert tool_use_results for session unknown
DB_LOG: insert messages for session 07c3ccde-7625-4f75-90c3-ec5ee8108df8
DB_LOG: insert messages for session 07c3ccde-7625-4f75-90c3-ec5ee8108df8
DB_LOG: insert tool_uses for session unknown
DB_LOG: insert messages for session 07c3ccde-7625-4f75-90c3-ec5ee8108df8
DB_LOG: insert tool_use_results for session unknown
DB_LOG: insert messages for session 07c3ccde-7625-4f75-90c3-ec5ee8108df8
DB_LOG: insert messages for session 07c3ccde-7625-4f75-90c3-ec5ee8108df8
DB_LOG: insert tool_uses for session unknown
DB_LOG: insert messages for session 07c3ccde-7625-4f75-90c3-ec5ee8108df8
DB_LOG: insert tool_use_results for session unknown
DB_LOG: insert messages for session 07c3ccde-7625-4f75-90c3-ec5ee8108df8
DB_LOG: insert messages for session 07c3ccde-7625-4f75-90c3-ec5ee8108df8
DB_LOG: insert tool_uses for session unknown
DB_LOG: insert messages for session 07c3ccde-7625-4f75-90c3-ec5ee8108df8
DB_LOG: insert tool_use_results for session unknown
DB_LOG: insert messages for session 07c3ccde-7625-4f75-90c3-ec5ee8108df8
DB_LOG: insert messages for session 07c3ccde-7625-4f75-90c3-ec5ee8108df8
DB_LOG: insert tool_uses for session unknown
DB_LOG: insert messages for session 07c3ccde-7625-4f75-90c3-ec5ee8108df8
DB_LOG: insert tool_use_results for session unknown
DB_LOG: insert messages for session 07c3ccde-7625-4f75-90c3-ec5ee8108df8
DB_LOG: insert messages for session 07c3ccde-7625-4f75-90c3-ec5ee8108df8
DB_LOG: insert tool_uses for session unknown
DB_LOG: insert messages for session 07c3ccde-7625-4f75-90c3-ec5ee8108df8
DB_LOG: insert tool_use_results for session unknown
DB_LOG: insert messages for session 07c3ccde-7625-4f75-90c3-ec5ee8108df8
DB_LOG: insert messages for session 07c3ccde-7625-4f75-90c3-ec5ee8108df8
DB_LOG: insert tool_uses for session unknown
DB_LOG: insert messages for session 07c3ccde-7625-4f75-90c3-ec5ee8108df8
DB_LOG: insert tool_use_results for session unknown
DB_LOG: insert messages for session 07c3ccde-7625-4f75-90c3-ec5ee8108df8
DB_LOG: insert tool_uses for session unknown
DB_LOG: insert messages for session 07c3ccde-7625-4f75-90c3-ec5ee8108df8
DB_LOG: insert tool_use_results for session unknown
DB_LOG: insert messages for session 07c3ccde-7625-4f75-90c3-ec5ee8108df8
DB_LOG: insert messages for session 07c3ccde-7625-4f75-90c3-ec5ee8108df8
DB_LOG: insert tool_uses for session unknown
DB_LOG: insert messages for session 07c3ccde-7625-4f75-90c3-ec5ee8108df8
DB_LOG: insert tool_use_results for session unknown
DB_LOG: insert messages for session 07c3ccde-7625-4f75-90c3-ec5ee8108df8
DB_LOG: insert tool_uses for session unknown
DB_LOG: insert messages for session 07c3ccde-7625-4f75-90c3-ec5ee8108df8
DB_LOG: insert tool_use_results for session unknown
DB_LOG: insert messages for session 07c3ccde-7625-4f75-90c3-ec5ee8108df8
DB_LOG: insert batch_operation for session batch
DEBUG: Database operation complete:
  - Messages inserted: 92, updated: 0
  - Tool uses inserted: 29
  - Tool results inserted: 29
  - Attachments inserted: 0
  - Env info inserted: 92
  - Errors: 0
Synced 150 records from 07c3ccde-7625-4f75-90c3-ec5ee8108df8 (29 tool calls extracted)
DEBUG: Processing JSONL file: /home/joshf/.claude/projects/-home-joshf-Guardian/0adb5298-a7b3-44d2-83ca-47f8430f2aea.jsonl
DEBUG: Extracted session ID: 0adb5298-a7b3-44d2-83ca-47f8430f2aea
DEBUG: File size: 0.21 MB
DEBUG: Reading file content from: /home/joshf/.claude/projects/-home-joshf-Guardian/0adb5298-a7b3-44d2-83ca-47f8430f2aea.jsonl
DEBUG: File content length: 220228 characters
DEBUG: Found 112 non-empty lines
DEBUG: Parsed 112 JSON messages
DEBUG: Parsing stats - total: 112, messages: 39, toolUses: 37, toolResults: 37, errors: 0, skipped: 73
DEBUG: Database operation complete:
  - Messages inserted: 0, updated: 0
  - Tool uses inserted: 0
  - Tool results inserted: 0
  - Attachments inserted: 0
  - Env info inserted: 0
  - Errors: 1
Synced 0 records from 0adb5298-a7b3-44d2-83ca-47f8430f2aea (37 tool calls extracted)
Errors in 0adb5298-a7b3-44d2-83ca-47f8430f2aea: [
  TypeError: The database connection is not open
      at sqliteTransaction (/home/joshf/mem-sqlite/node_modules/better-sqlite3/lib/methods/transaction.js:63:9)
      at <anonymous> (/home/joshf/mem-sqlite/sync_engine/execute/database.ts:311:7)
      at retryDatabaseOperation (/home/joshf/mem-sqlite/sync_engine/execute/database.ts:163:14)
      at executeParsedEntries (/home/joshf/mem-sqlite/sync_engine/execute/database.ts:193:10)
      at processJsonlFile (/home/joshf/mem-sqlite/sync_engine/claude_code/index.ts:69:20)
      at runClaudeCodeSync (/home/joshf/mem-sqlite/sync_engine/claude_code/index.ts:112:13)
      at async sync (/home/joshf/mem-sqlite/cli.ts:19:3)
      at async main (/home/joshf/mem-sqlite/cli.ts:56:7)
]
DEBUG: Processing JSONL file: /home/joshf/.claude/projects/-home-joshf-Guardian/136e04fb-865a-4044-9d73-1aebde11a585.jsonl
DEBUG: Extracted session ID: 136e04fb-865a-4044-9d73-1aebde11a585
DEBUG: File size: 0.00 MB
DEBUG: Reading file content from: /home/joshf/.claude/projects/-home-joshf-Guardian/136e04fb-865a-4044-9d73-1aebde11a585.jsonl
DEBUG: File content length: 266 characters
DEBUG: Found 2 non-empty lines
DEBUG: Parsed 2 JSON messages
DEBUG: Parsing stats - total: 2, messages: 2, toolUses: 0, toolResults: 0, errors: 2, skipped: 0
DEBUG: Database operation complete:
  - Messages inserted: 0, updated: 0
  - Tool uses inserted: 0
  - Tool results inserted: 0
  - Attachments inserted: 0
  - Env info inserted: 0
  - Errors: 1
Synced 0 records from 136e04fb-865a-4044-9d73-1aebde11a585 (0 tool calls extracted)
Errors in 136e04fb-865a-4044-9d73-1aebde11a585: [
  TypeError: The database connection is not open
      at sqliteTransaction (/home/joshf/mem-sqlite/node_modules/better-sqlite3/lib/methods/transaction.js:63:9)
      at <anonymous> (/home/joshf/mem-sqlite/sync_engine/execute/database.ts:311:7)
      at retryDatabaseOperation (/home/joshf/mem-sqlite/sync_engine/execute/database.ts:163:14)
      at executeParsedEntries (/home/joshf/mem-sqlite/sync_engine/execute/database.ts:193:10)
      at processJsonlFile (/home/joshf/mem-sqlite/sync_engine/claude_code/index.ts:69:20)
      at runClaudeCodeSync (/home/joshf/mem-sqlite/sync_engine/claude_code/index.ts:112:13)
      at async sync (/home/joshf/mem-sqlite/cli.ts:19:3)
      at async main (/home/joshf/mem-sqlite/cli.ts:56:7)
]
DEBUG: Processing JSONL file: /home/joshf/.claude/projects/-home-joshf-Guardian/1425a250-824d-406f-935f-136641a31b45.jsonl
DEBUG: Extracted session ID: 1425a250-824d-406f-935f-136641a31b45
DEBUG: File size: 0.56 MB
DEBUG: Reading file content from: /home/joshf/.claude/projects/-home-joshf-Guardian/1425a250-824d-406f-935f-136641a31b45.jsonl
DEBUG: File content length: 581224 characters
DEBUG: Found 191 non-empty lines
DEBUG: Parsed 191 JSON messages
DEBUG: Parsing stats - total: 191, messages: 49, toolUses: 71, toolResults: 71, errors: 0, skipped: 142
DEBUG: Database operation complete:
  - Messages inserted: 0, updated: 0
  - Tool uses inserted: 0
  - Tool results inserted: 0
  - Attachments inserted: 0
  - Env info inserted: 0
  - Errors: 1
Synced 0 records from 1425a250-824d-406f-935f-136641a31b45 (71 tool calls extracted)
Errors in 1425a250-824d-406f-935f-136641a31b45: [
  TypeError: The database connection is not open
      at sqliteTransaction (/home/joshf/mem-sqlite/node_modules/better-sqlite3/lib/methods/transaction.js:63:9)
      at <anonymous> (/home/joshf/mem-sqlite/sync_engine/execute/database.ts:311:7)
      at retryDatabaseOperation (/home/joshf/mem-sqlite/sync_engine/execute/database.ts:163:14)
      at executeParsedEntries (/home/joshf/mem-sqlite/sync_engine/execute/database.ts:193:10)
      at processJsonlFile (/home/joshf/mem-sqlite/sync_engine/claude_code/index.ts:69:20)
      at runClaudeCodeSync (/home/joshf/mem-sqlite/sync_engine/claude_code/index.ts:112:13)
      at async sync (/home/joshf/mem-sqlite/cli.ts:19:3)
      at async main (/home/joshf/mem-sqlite/cli.ts:56:7)
]
DEBUG: Processing JSONL file: /home/joshf/.claude/projects/-home-joshf-Guardian/158556c2-0ed1-499c-be33-53a05d3809fc.jsonl
DEBUG: Extracted session ID: 158556c2-0ed1-499c-be33-53a05d3809fc
DEBUG: File size: 0.64 MB
DEBUG: Reading file content from: /home/joshf/.claude/projects/-home-joshf-Guardian/158556c2-0ed1-499c-be33-53a05d3809fc.jsonl
DEBUG: File content length: 668977 characters
DEBUG: Found 175 non-empty lines
DEBUG: Parsed 175 JSON messages
DEBUG: Parsing stats - total: 175, messages: 55, toolUses: 61, toolResults: 60, errors: 0, skipped: 120
DEBUG: Database operation complete:
  - Messages inserted: 0, updated: 0
  - Tool uses inserted: 0
  - Tool results inserted: 0
  - Attachments inserted: 0
  - Env info inserted: 0
  - Errors: 1
Synced 0 records from 158556c2-0ed1-499c-be33-53a05d3809fc (61 tool calls extracted)
Errors in 158556c2-0ed1-499c-be33-53a05d3809fc: [
  TypeError: The database connection is not open
      at sqliteTransaction (/home/joshf/mem-sqlite/node_modules/better-sqlite3/lib/methods/transaction.js:63:9)
      at <anonymous> (/home/joshf/mem-sqlite/sync_engine/execute/database.ts:311:7)
      at retryDatabaseOperation (/home/joshf/mem-sqlite/sync_engine/execute/database.ts:163:14)
      at executeParsedEntries (/home/joshf/mem-sqlite/sync_engine/execute/database.ts:193:10)
      at processJsonlFile (/home/joshf/mem-sqlite/sync_engine/claude_code/index.ts:69:20)
      at runClaudeCodeSync (/home/joshf/mem-sqlite/sync_engine/claude_code/index.ts:112:13)
      at async sync (/home/joshf/mem-sqlite/cli.ts:19:3)
      at async main (/home/joshf/mem-sqlite/cli.ts:56:7)
]
DEBUG: Processing JSONL file: /home/joshf/.claude/projects/-home-joshf-Guardian/17d1f504-6175-4061-b4fe-3803d456c0d8.jsonl
DEBUG: Extracted session ID: 17d1f504-6175-4061-b4fe-3803d456c0d8
DEBUG: File size: 0.43 MB
DEBUG: Reading file content from: /home/joshf/.claude/projects/-home-joshf-Guardian/17d1f504-6175-4061-b4fe-3803d456c0d8.jsonl
DEBUG: File content length: 451653 characters
DEBUG: Found 199 non-empty lines
DEBUG: Parsed 199 JSON messages
DEBUG: Parsing stats - total: 199, messages: 65, toolUses: 67, toolResults: 67, errors: 9, skipped: 134
DEBUG: Database operation complete:
  - Messages inserted: 0, updated: 0
  - Tool uses inserted: 0
  - Tool results inserted: 0
  - Attachments inserted: 0
  - Env info inserted: 0
  - Errors: 1
Synced 0 records from 17d1f504-6175-4061-b4fe-3803d456c0d8 (67 tool calls extracted)
Errors in 17d1f504-6175-4061-b4fe-3803d456c0d8: [
  TypeError: The database connection is not open
      at sqliteTransaction (/home/joshf/mem-sqlite/node_modules/better-sqlite3/lib/methods/transaction.js:63:9)
      at <anonymous> (/home/joshf/mem-sqlite/sync_engine/execute/database.ts:311:7)
      at retryDatabaseOperation (/home/joshf/mem-sqlite/sync_engine/execute/database.ts:163:14)
      at executeParsedEntries (/home/joshf/mem-sqlite/sync_engine/execute/database.ts:193:10)
      at processJsonlFile (/home/joshf/mem-sqlite/sync_engine/claude_code/index.ts:69:20)
      at runClaudeCodeSync (/home/joshf/mem-sqlite/sync_engine/claude_code/index.ts:112:13)
      at async sync (/home/joshf/mem-sqlite/cli.ts:19:3)
      at async main (/home/joshf/mem-sqlite/cli.ts:56:7)
]
DEBUG: Processing JSONL file: /home/joshf/.claude/projects/-home-joshf-Guardian/18fcde77-29df-4aae-be0a-e442e622ecf1.jsonl
DEBUG: Extracted session ID: 18fcde77-29df-4aae-be0a-e442e622ecf1
DEBUG: File size: 0.39 MB
DEBUG: Reading file content from: /home/joshf/.claude/projects/-home-joshf-Guardian/18fcde77-29df-4aae-be0a-e442e622ecf1.jsonl
DEBUG: File content length: 409858 characters
DEBUG: Found 202 non-empty lines
DEBUG: Parsed 202 JSON messages
DEBUG: Parsing stats - total: 202, messages: 70, toolUses: 66, toolResults: 66, errors: 0, skipped: 132
DEBUG: Database operation complete:
  - Messages inserted: 0, updated: 0
  - Tool uses inserted: 0
  - Tool results inserted: 0
  - Attachments inserted: 0
  - Env info inserted: 0
  - Errors: 1
Synced 0 records from 18fcde77-29df-4aae-be0a-e442e622ecf1 (66 tool calls extracted)
Errors in 18fcde77-29df-4aae-be0a-e442e622ecf1: [
  TypeError: The database connection is not open
      at sqliteTransaction (/home/joshf/mem-sqlite/node_modules/better-sqlite3/lib/methods/transaction.js:63:9)
      at <anonymous> (/home/joshf/mem-sqlite/sync_engine/execute/database.ts:311:7)
      at retryDatabaseOperation (/home/joshf/mem-sqlite/sync_engine/execute/database.ts:163:14)
      at executeParsedEntries (/home/joshf/mem-sqlite/sync_engine/execute/database.ts:193:10)
      at processJsonlFile (/home/joshf/mem-sqlite/sync_engine/claude_code/index.ts:69:20)
      at runClaudeCodeSync (/home/joshf/mem-sqlite/sync_engine/claude_code/index.ts:112:13)
      at async sync (/home/joshf/mem-sqlite/cli.ts:19:3)
      at async main (/home/joshf/mem-sqlite/cli.ts:56:7)
]
DEBUG: Processing JSONL file: /home/joshf/.claude/projects/-home-joshf-Guardian/1eb1a2ec-7d51-4169-a4a7-a3c6953ed293.jsonl
DEBUG: Extracted session ID: 1eb1a2ec-7d51-4169-a4a7-a3c6953ed293
DEBUG: File size: 0.57 MB
DEBUG: Reading file content from: /home/joshf/.claude/projects/-home-joshf-Guardian/1eb1a2ec-7d51-4169-a4a7-a3c6953ed293.jsonl
DEBUG: File content length: 593950 characters
DEBUG: Found 179 non-empty lines
DEBUG: Parsed 179 JSON messages
DEBUG: Parsing stats - total: 179, messages: 54, toolUses: 63, toolResults: 63, errors: 0, skipped: 125
DEBUG: Database operation complete:
  - Messages inserted: 0, updated: 0
  - Tool uses inserted: 0
  - Tool results inserted: 0
  - Attachments inserted: 0
  - Env info inserted: 0
  - Errors: 1
Synced 0 records from 1eb1a2ec-7d51-4169-a4a7-a3c6953ed293 (63 tool calls extracted)
Errors in 1eb1a2ec-7d51-4169-a4a7-a3c6953ed293: [
  TypeError: The database connection is not open
      at sqliteTransaction (/home/joshf/mem-sqlite/node_modules/better-sqlite3/lib/methods/transaction.js:63:9)
      at <anonymous> (/home/joshf/mem-sqlite/sync_engine/execute/database.ts:311:7)
      at retryDatabaseOperation (/home/joshf/mem-sqlite/sync_engine/execute/database.ts:163:14)
      at executeParsedEntries (/home/joshf/mem-sqlite/sync_engine/execute/database.ts:193:10)
      at processJsonlFile (/home/joshf/mem-sqlite/sync_engine/claude_code/index.ts:69:20)
      at runClaudeCodeSync (/home/joshf/mem-sqlite/sync_engine/claude_code/index.ts:112:13)
      at async sync (/home/joshf/mem-sqlite/cli.ts:19:3)
      at async main (/home/joshf/mem-sqlite/cli.ts:56:7)
]
DEBUG: Processing JSONL file: /home/joshf/.claude/projects/-home-joshf-Guardian/202b37a7-0d34-441a-9c2d-822f0259d9ed.jsonl
DEBUG: Extracted session ID: 202b37a7-0d34-441a-9c2d-822f0259d9ed
DEBUG: File size: 0.37 MB
DEBUG: Reading file content from: /home/joshf/.claude/projects/-home-joshf-Guardian/202b37a7-0d34-441a-9c2d-822f0259d9ed.jsonl
DEBUG: File content length: 377876 characters
DEBUG: Found 109 non-empty lines
DEBUG: Parsed 109 JSON messages
DEBUG: Parsing stats - total: 109, messages: 35, toolUses: 37, toolResults: 37, errors: 0, skipped: 74
DEBUG: Database operation complete:
  - Messages inserted: 0, updated: 0
  - Tool uses inserted: 0
  - Tool results inserted: 0
  - Attachments inserted: 0
  - Env info inserted: 0
  - Errors: 1
Synced 0 records from 202b37a7-0d34-441a-9c2d-822f0259d9ed (37 tool calls extracted)
Errors in 202b37a7-0d34-441a-9c2d-822f0259d9ed: [
  TypeError: The database connection is not open
      at sqliteTransaction (/home/joshf/mem-sqlite/node_modules/better-sqlite3/lib/methods/transaction.js:63:9)
      at <anonymous> (/home/joshf/mem-sqlite/sync_engine/execute/database.ts:311:7)
      at retryDatabaseOperation (/home/joshf/mem-sqlite/sync_engine/execute/database.ts:163:14)
      at executeParsedEntries (/home/joshf/mem-sqlite/sync_engine/execute/database.ts:193:10)
      at processJsonlFile (/home/joshf/mem-sqlite/sync_engine/claude_code/index.ts:69:20)
      at runClaudeCodeSync (/home/joshf/mem-sqlite/sync_engine/claude_code/index.ts:112:13)
      at async sync (/home/joshf/mem-sqlite/cli.ts:19:3)
      at async main (/home/joshf/mem-sqlite/cli.ts:56:7)
]
DEBUG: Processing JSONL file: /home/joshf/.claude/projects/-home-joshf-Guardian/2107795b-e156-4e89-9764-20b541b61a4c.jsonl
DEBUG: Extracted session ID: 2107795b-e156-4e89-9764-20b541b61a4c
DEBUG: File size: 0.15 MB
DEBUG: Reading file content from: /home/joshf/.claude/projects/-home-joshf-Guardian/2107795b-e156-4e89-9764-20b541b61a4c.jsonl
DEBUG: File content length: 158110 characters
DEBUG: Found 107 non-empty lines
DEBUG: Parsed 107 JSON messages
DEBUG: Parsing stats - total: 107, messages: 35, toolUses: 36, toolResults: 36, errors: 0, skipped: 72
DEBUG: Database operation complete:
  - Messages inserted: 0, updated: 0
  - Tool uses inserted: 0
  - Tool results inserted: 0
  - Attachments inserted: 0
  - Env info inserted: 0
  - Errors: 1
Synced 0 records from 2107795b-e156-4e89-9764-20b541b61a4c (36 tool calls extracted)
Errors in 2107795b-e156-4e89-9764-20b541b61a4c: [
  TypeError: The database connection is not open
      at sqliteTransaction (/home/joshf/mem-sqlite/node_modules/better-sqlite3/lib/methods/transaction.js:63:9)
      at <anonymous> (/home/joshf/mem-sqlite/sync_engine/execute/database.ts:311:7)
      at retryDatabaseOperation (/home/joshf/mem-sqlite/sync_engine/execute/database.ts:163:14)
      at executeParsedEntries (/home/joshf/mem-sqlite/sync_engine/execute/database.ts:193:10)
      at processJsonlFile (/home/joshf/mem-sqlite/sync_engine/claude_code/index.ts:69:20)
      at runClaudeCodeSync (/home/joshf/mem-sqlite/sync_engine/claude_code/index.ts:112:13)
      at async sync (/home/joshf/mem-sqlite/cli.ts:19:3)
      at async main (/home/joshf/mem-sqlite/cli.ts:56:7)
]
DEBUG: Processing JSONL file: /home/joshf/.claude/projects/-home-joshf-Guardian/22c8781b-b283-4e1c-b0dc-a8ca559b6649.jsonl
DEBUG: Extracted session ID: 22c8781b-b283-4e1c-b0dc-a8ca559b6649
DEBUG: File size: 1.48 MB
DEBUG: Reading file content from: /home/joshf/.claude/projects/-home-joshf-Guardian/22c8781b-b283-4e1c-b0dc-a8ca559b6649.jsonl
DEBUG: File content length: 1546930 characters
DEBUG: Found 552 non-empty lines
DEBUG: Parsed 552 JSON messages
DEBUG: Parsing stats - total: 552, messages: 175, toolUses: 188, toolResults: 188, errors: 0, skipped: 377
DEBUG: Database operation complete:
  - Messages inserted: 0, updated: 0
  - Tool uses inserted: 0
  - Tool results inserted: 0
  - Attachments inserted: 0
  - Env info inserted: 0
  - Errors: 1
Synced 0 records from 22c8781b-b283-4e1c-b0dc-a8ca559b6649 (188 tool calls extracted)
Errors in 22c8781b-b283-4e1c-b0dc-a8ca559b6649: [
  TypeError: The database connection is not open
      at sqliteTransaction (/home/joshf/mem-sqlite/node_modules/better-sqlite3/lib/methods/transaction.js:63:9)
      at <anonymous> (/home/joshf/mem-sqlite/sync_engine/execute/database.ts:311:7)
      at retryDatabaseOperation (/home/joshf/mem-sqlite/sync_engine/execute/database.ts:163:14)
      at executeParsedEntries (/home/joshf/mem-sqlite/sync_engine/execute/database.ts:193:10)
      at processJsonlFile (/home/joshf/mem-sqlite/sync_engine/claude_code/index.ts:69:20)
      at runClaudeCodeSync (/home/joshf/mem-sqlite/sync_engine/claude_code/index.ts:112:13)
      at async sync (/home/joshf/mem-sqlite/cli.ts:19:3)
      at async main (/home/joshf/mem-sqlite/cli.ts:56:7)
]
DEBUG: Processing JSONL file: /home/joshf/.claude/projects/-home-joshf-Guardian/28709112-73d2-4e63-a17d-ad3800ddd4c3.jsonl
DEBUG: Extracted session ID: 28709112-73d2-4e63-a17d-ad3800ddd4c3
DEBUG: File size: 0.24 MB
DEBUG: Reading file content from: /home/joshf/.claude/projects/-home-joshf-Guardian/28709112-73d2-4e63-a17d-ad3800ddd4c3.jsonl
DEBUG: File content length: 247724 characters
DEBUG: Found 176 non-empty lines
DEBUG: Parsed 176 JSON messages
DEBUG: Parsing stats - total: 176, messages: 46, toolUses: 65, toolResults: 65, errors: 0, skipped: 130
DEBUG: Database operation complete:
  - Messages inserted: 0, updated: 0
  - Tool uses inserted: 0
  - Tool results inserted: 0
  - Attachments inserted: 0
  - Env info inserted: 0
  - Errors: 1
Synced 0 records from 28709112-73d2-4e63-a17d-ad3800ddd4c3 (65 tool calls extracted)
Errors in 28709112-73d2-4e63-a17d-ad3800ddd4c3: [
  TypeError: The database connection is not open
      at sqliteTransaction (/home/joshf/mem-sqlite/node_modules/better-sqlite3/lib/methods/transaction.js:63:9)
      at <anonymous> (/home/joshf/mem-sqlite/sync_engine/execute/database.ts:311:7)
      at retryDatabaseOperation (/home/joshf/mem-sqlite/sync_engine/execute/database.ts:163:14)
      at executeParsedEntries (/home/joshf/mem-sqlite/sync_engine/execute/database.ts:193:10)
      at processJsonlFile (/home/joshf/mem-sqlite/sync_engine/claude_code/index.ts:69:20)
      at runClaudeCodeSync (/home/joshf/mem-sqlite/sync_engine/claude_code/index.ts:112:13)
      at async sync (/home/joshf/mem-sqlite/cli.ts:19:3)
      at async main (/home/joshf/mem-sqlite/cli.ts:56:7)
]
DEBUG: Processing JSONL file: /home/joshf/.claude/projects/-home-joshf-Guardian/2e3fc26e-774d-450a-8094-37c1580d9817.jsonl
DEBUG: Extracted session ID: 2e3fc26e-774d-450a-8094-37c1580d9817
DEBUG: File size: 0.44 MB
DEBUG: Reading file content from: /home/joshf/.claude/projects/-home-joshf-Guardian/2e3fc26e-774d-450a-8094-37c1580d9817.jsonl
DEBUG: File content length: 456795 characters
DEBUG: Found 133 non-empty lines
DEBUG: Parsed 133 JSON messages
DEBUG: Parsing stats - total: 133, messages: 39, toolUses: 47, toolResults: 47, errors: 0, skipped: 94
DEBUG: Database operation complete:
  - Messages inserted: 0, updated: 0
  - Tool uses inserted: 0
  - Tool results inserted: 0
  - Attachments inserted: 0
  - Env info inserted: 0
  - Errors: 1
Synced 0 records from 2e3fc26e-774d-450a-8094-37c1580d9817 (47 tool calls extracted)
Errors in 2e3fc26e-774d-450a-8094-37c1580d9817: [
  TypeError: The database connection is not open
      at sqliteTransaction (/home/joshf/mem-sqlite/node_modules/better-sqlite3/lib/methods/transaction.js:63:9)
      at <anonymous> (/home/joshf/mem-sqlite/sync_engine/execute/database.ts:311:7)
      at retryDatabaseOperation (/home/joshf/mem-sqlite/sync_engine/execute/database.ts:163:14)
      at executeParsedEntries (/home/joshf/mem-sqlite/sync_engine/execute/database.ts:193:10)
      at processJsonlFile (/home/joshf/mem-sqlite/sync_engine/claude_code/index.ts:69:20)
      at runClaudeCodeSync (/home/joshf/mem-sqlite/sync_engine/claude_code/index.ts:112:13)
      at async sync (/home/joshf/mem-sqlite/cli.ts:19:3)
      at async main (/home/joshf/mem-sqlite/cli.ts:56:7)
]
DEBUG: Processing JSONL file: /home/joshf/.claude/projects/-home-joshf-Guardian/34116b69-75aa-42cb-95dd-26bcdd7d23bb.jsonl
DEBUG: Extracted session ID: 34116b69-75aa-42cb-95dd-26bcdd7d23bb
DEBUG: File size: 0.01 MB
DEBUG: Reading file content from: /home/joshf/.claude/projects/-home-joshf-Guardian/34116b69-75aa-42cb-95dd-26bcdd7d23bb.jsonl
DEBUG: File content length: 9695 characters
DEBUG: Found 11 non-empty lines
DEBUG: Parsed 11 JSON messages
DEBUG: Parsing stats - total: 11, messages: 7, toolUses: 2, toolResults: 2, errors: 0, skipped: 4
DEBUG: Database operation complete:
  - Messages inserted: 0, updated: 0
  - Tool uses inserted: 0
  - Tool results inserted: 0
  - Attachments inserted: 0
  - Env info inserted: 0
  - Errors: 1
Synced 0 records from 34116b69-75aa-42cb-95dd-26bcdd7d23bb (2 tool calls extracted)
Errors in 34116b69-75aa-42cb-95dd-26bcdd7d23bb: [
  TypeError: The database connection is not open
      at sqliteTransaction (/home/joshf/mem-sqlite/node_modules/better-sqlite3/lib/methods/transaction.js:63:9)
      at <anonymous> (/home/joshf/mem-sqlite/sync_engine/execute/database.ts:311:7)
      at retryDatabaseOperation (/home/joshf/mem-sqlite/sync_engine/execute/database.ts:163:14)
      at executeParsedEntries (/home/joshf/mem-sqlite/sync_engine/execute/database.ts:193:10)
      at processJsonlFile (/home/joshf/mem-sqlite/sync_engine/claude_code/index.ts:69:20)
      at runClaudeCodeSync (/home/joshf/mem-sqlite/sync_engine/claude_code/index.ts:112:13)
      at async sync (/home/joshf/mem-sqlite/cli.ts:19:3)
      at async main (/home/joshf/mem-sqlite/cli.ts:56:7)
]
DEBUG: Processing JSONL file: /home/joshf/.claude/projects/-home-joshf-Guardian/36ba48ed-139e-419a-9ea5-ef2efee6ad5d.jsonl
DEBUG: Extracted session ID: 36ba48ed-139e-419a-9ea5-ef2efee6ad5d
DEBUG: File size: 0.90 MB
DEBUG: Reading file content from: /home/joshf/.claude/projects/-home-joshf-Guardian/36ba48ed-139e-419a-9ea5-ef2efee6ad5d.jsonl
DEBUG: File content length: 937731 characters
DEBUG: Found 305 non-empty lines
DEBUG: Parsed 305 JSON messages
DEBUG: Parsing stats - total: 305, messages: 91, toolUses: 107, toolResults: 107, errors: 0, skipped: 214
DEBUG: Database operation complete:
  - Messages inserted: 0, updated: 0
  - Tool uses inserted: 0
  - Tool results inserted: 0
  - Attachments inserted: 0
  - Env info inserted: 0
  - Errors: 1
Synced 0 records from 36ba48ed-139e-419a-9ea5-ef2efee6ad5d (107 tool calls extracted)
Errors in 36ba48ed-139e-419a-9ea5-ef2efee6ad5d: [
  TypeError: The database connection is not open
      at sqliteTransaction (/home/joshf/mem-sqlite/node_modules/better-sqlite3/lib/methods/transaction.js:63:9)
      at <anonymous> (/home/joshf/mem-sqlite/sync_engine/execute/database.ts:311:7)
      at retryDatabaseOperation (/home/joshf/mem-sqlite/sync_engine/execute/database.ts:163:14)
      at executeParsedEntries (/home/joshf/mem-sqlite/sync_engine/execute/database.ts:193:10)
      at processJsonlFile (/home/joshf/mem-sqlite/sync_engine/claude_code/index.ts:69:20)
      at runClaudeCodeSync (/home/joshf/mem-sqlite/sync_engine/claude_code/index.ts:112:13)
      at async sync (/home/joshf/mem-sqlite/cli.ts:19:3)
      at async main (/home/joshf/mem-sqlite/cli.ts:56:7)
]
DEBUG: Processing JSONL file: /home/joshf/.claude/projects/-home-joshf-Guardian/39a57048-f49c-4be3-a2e5-138c74aba782.jsonl
DEBUG: Extracted session ID: 39a57048-f49c-4be3-a2e5-138c74aba782
DEBUG: File size: 0.79 MB
DEBUG: Reading file content from: /home/joshf/.claude/projects/-home-joshf-Guardian/39a57048-f49c-4be3-a2e5-138c74aba782.jsonl
DEBUG: File content length: 822131 characters
DEBUG: Found 205 non-empty lines
DEBUG: Parsed 205 JSON messages
DEBUG: Parsing stats - total: 205, messages: 75, toolUses: 65, toolResults: 65, errors: 0, skipped: 130
DEBUG: Database operation complete:
  - Messages inserted: 0, updated: 0
  - Tool uses inserted: 0
  - Tool results inserted: 0
  - Attachments inserted: 0
  - Env info inserted: 0
  - Errors: 1
Synced 0 records from 39a57048-f49c-4be3-a2e5-138c74aba782 (65 tool calls extracted)
Errors in 39a57048-f49c-4be3-a2e5-138c74aba782: [
  TypeError: The database connection is not open
      at sqliteTransaction (/home/joshf/mem-sqlite/node_modules/better-sqlite3/lib/methods/transaction.js:63:9)
      at <anonymous> (/home/joshf/mem-sqlite/sync_engine/execute/database.ts:311:7)
      at retryDatabaseOperation (/home/joshf/mem-sqlite/sync_engine/execute/database.ts:163:14)
      at executeParsedEntries (/home/joshf/mem-sqlite/sync_engine/execute/database.ts:193:10)
      at processJsonlFile (/home/joshf/mem-sqlite/sync_engine/claude_code/index.ts:69:20)
      at runClaudeCodeSync (/home/joshf/mem-sqlite/sync_engine/claude_code/index.ts:112:13)
      at async sync (/home/joshf/mem-sqlite/cli.ts:19:3)
      at async main (/home/joshf/mem-sqlite/cli.ts:56:7)
]
DEBUG: Processing JSONL file: /home/joshf/.claude/projects/-home-joshf-Guardian/40da8d54-c4ec-4470-b6c2-5115f09a4f09.jsonl
DEBUG: Extracted session ID: 40da8d54-c4ec-4470-b6c2-5115f09a4f09
DEBUG: File size: 1.07 MB
DEBUG: Reading file content from: /home/joshf/.claude/projects/-home-joshf-Guardian/40da8d54-c4ec-4470-b6c2-5115f09a4f09.jsonl
DEBUG: File content length: 1118204 characters
DEBUG: Found 319 non-empty lines
DEBUG: Parsed 319 JSON messages
DEBUG: Parsing stats - total: 319, messages: 95, toolUses: 112, toolResults: 112, errors: 0, skipped: 224
DEBUG: Database operation complete:
  - Messages inserted: 0, updated: 0
  - Tool uses inserted: 0
  - Tool results inserted: 0
  - Attachments inserted: 0
  - Env info inserted: 0
  - Errors: 1
Synced 0 records from 40da8d54-c4ec-4470-b6c2-5115f09a4f09 (112 tool calls extracted)
Errors in 40da8d54-c4ec-4470-b6c2-5115f09a4f09: [
  TypeError: The database connection is not open
      at sqliteTransaction (/home/joshf/mem-sqlite/node_modules/better-sqlite3/lib/methods/transaction.js:63:9)
      at <anonymous> (/home/joshf/mem-sqlite/sync_engine/execute/database.ts:311:7)
      at retryDatabaseOperation (/home/joshf/mem-sqlite/sync_engine/execute/database.ts:163:14)
      at executeParsedEntries (/home/joshf/mem-sqlite/sync_engine/execute/database.ts:193:10)
      at processJsonlFile (/home/joshf/mem-sqlite/sync_engine/claude_code/index.ts:69:20)
      at runClaudeCodeSync (/home/joshf/mem-sqlite/sync_engine/claude_code/index.ts:112:13)
      at async sync (/home/joshf/mem-sqlite/cli.ts:19:3)
      at async main (/home/joshf/mem-sqlite/cli.ts:56:7)
]
DEBUG: Processing JSONL file: /home/joshf/.claude/projects/-home-joshf-Guardian/488d4edb-026a-4295-92ef-ac23d6ade00c.jsonl
DEBUG: Extracted session ID: 488d4edb-026a-4295-92ef-ac23d6ade00c
DEBUG: File size: 0.71 MB
DEBUG: Reading file content from: /home/joshf/.claude/projects/-home-joshf-Guardian/488d4edb-026a-4295-92ef-ac23d6ade00c.jsonl
DEBUG: File content length: 742971 characters
DEBUG: Found 249 non-empty lines
DEBUG: Parsed 249 JSON messages
DEBUG: Parsing stats - total: 249, messages: 70, toolUses: 90, toolResults: 90, errors: 0, skipped: 179
DEBUG: Database operation complete:
  - Messages inserted: 0, updated: 0
  - Tool uses inserted: 0
  - Tool results inserted: 0
  - Attachments inserted: 0
  - Env info inserted: 0
  - Errors: 1
Synced 0 records from 488d4edb-026a-4295-92ef-ac23d6ade00c (90 tool calls extracted)
Errors in 488d4edb-026a-4295-92ef-ac23d6ade00c: [
  TypeError: The database connection is not open
      at sqliteTransaction (/home/joshf/mem-sqlite/node_modules/better-sqlite3/lib/methods/transaction.js:63:9)
      at <anonymous> (/home/joshf/mem-sqlite/sync_engine/execute/database.ts:311:7)
      at retryDatabaseOperation (/home/joshf/mem-sqlite/sync_engine/execute/database.ts:163:14)
      at executeParsedEntries (/home/joshf/mem-sqlite/sync_engine/execute/database.ts:193:10)
      at processJsonlFile (/home/joshf/mem-sqlite/sync_engine/claude_code/index.ts:69:20)
      at runClaudeCodeSync (/home/joshf/mem-sqlite/sync_engine/claude_code/index.ts:112:13)
      at async sync (/home/joshf/mem-sqlite/cli.ts:19:3)
      at async main (/home/joshf/mem-sqlite/cli.ts:56:7)
]
DEBUG: Processing JSONL file: /home/joshf/.claude/projects/-home-joshf-Guardian/528cb621-14cc-4b3e-a1c8-b9d77e59ffe4.jsonl
DEBUG: Extracted session ID: 528cb621-14cc-4b3e-a1c8-b9d77e59ffe4
DEBUG: File size: 0.00 MB
DEBUG: Reading file content from: /home/joshf/.claude/projects/-home-joshf-Guardian/528cb621-14cc-4b3e-a1c8-b9d77e59ffe4.jsonl
DEBUG: File content length: 3849 characters
DEBUG: Found 5 non-empty lines
DEBUG: Parsed 5 JSON messages
DEBUG: Parsing stats - total: 5, messages: 3, toolUses: 1, toolResults: 1, errors: 0, skipped: 2
DEBUG: Database operation complete:
  - Messages inserted: 0, updated: 0
  - Tool uses inserted: 0
  - Tool results inserted: 0
  - Attachments inserted: 0
  - Env info inserted: 0
  - Errors: 1
Synced 0 records from 528cb621-14cc-4b3e-a1c8-b9d77e59ffe4 (1 tool calls extracted)
Errors in 528cb621-14cc-4b3e-a1c8-b9d77e59ffe4: [
  TypeError: The database connection is not open
      at sqliteTransaction (/home/joshf/mem-sqlite/node_modules/better-sqlite3/lib/methods/transaction.js:63:9)
      at <anonymous> (/home/joshf/mem-sqlite/sync_engine/execute/database.ts:311:7)
      at retryDatabaseOperation (/home/joshf/mem-sqlite/sync_engine/execute/database.ts:163:14)
      at executeParsedEntries (/home/joshf/mem-sqlite/sync_engine/execute/database.ts:193:10)
      at processJsonlFile (/home/joshf/mem-sqlite/sync_engine/claude_code/index.ts:69:20)
      at runClaudeCodeSync (/home/joshf/mem-sqlite/sync_engine/claude_code/index.ts:112:13)
      at async sync (/home/joshf/mem-sqlite/cli.ts:19:3)
      at async main (/home/joshf/mem-sqlite/cli.ts:56:7)
]
DEBUG: Processing JSONL file: /home/joshf/.claude/projects/-home-joshf-Guardian/53e20498-78ce-47a2-85ff-f5f590a49532.jsonl
DEBUG: Extracted session ID: 53e20498-78ce-47a2-85ff-f5f590a49532
DEBUG: File size: 0.32 MB
DEBUG: Reading file content from: /home/joshf/.claude/projects/-home-joshf-Guardian/53e20498-78ce-47a2-85ff-f5f590a49532.jsonl
DEBUG: File content length: 335812 characters
DEBUG: Found 107 non-empty lines
DEBUG: Parsed 107 JSON messages
DEBUG: Parsing stats - total: 107, messages: 34, toolUses: 37, toolResults: 37, errors: 0, skipped: 73
DEBUG: Database operation complete:
  - Messages inserted: 0, updated: 0
  - Tool uses inserted: 0
  - Tool results inserted: 0
  - Attachments inserted: 0
  - Env info inserted: 0
  - Errors: 1
Synced 0 records from 53e20498-78ce-47a2-85ff-f5f590a49532 (37 tool calls extracted)
Errors in 53e20498-78ce-47a2-85ff-f5f590a49532: [
  TypeError: The database connection is not open
      at sqliteTransaction (/home/joshf/mem-sqlite/node_modules/better-sqlite3/lib/methods/transaction.js:63:9)
      at <anonymous> (/home/joshf/mem-sqlite/sync_engine/execute/database.ts:311:7)
      at retryDatabaseOperation (/home/joshf/mem-sqlite/sync_engine/execute/database.ts:163:14)
      at executeParsedEntries (/home/joshf/mem-sqlite/sync_engine/execute/database.ts:193:10)
      at processJsonlFile (/home/joshf/mem-sqlite/sync_engine/claude_code/index.ts:69:20)
      at runClaudeCodeSync (/home/joshf/mem-sqlite/sync_engine/claude_code/index.ts:112:13)
      at async sync (/home/joshf/mem-sqlite/cli.ts:19:3)
      at async main (/home/joshf/mem-sqlite/cli.ts:56:7)
]
DEBUG: Processing JSONL file: /home/joshf/.claude/projects/-home-joshf-Guardian/6338bcfe-c747-49d6-bd5f-8960b949075c.jsonl
DEBUG: Extracted session ID: 6338bcfe-c747-49d6-bd5f-8960b949075c
DEBUG: File size: 1.52 MB
DEBUG: Reading file content from: /home/joshf/.claude/projects/-home-joshf-Guardian/6338bcfe-c747-49d6-bd5f-8960b949075c.jsonl
DEBUG: File content length: 1583649 characters
DEBUG: Found 513 non-empty lines
DEBUG: Parsed 513 JSON messages
DEBUG: Parsing stats - total: 513, messages: 153, toolUses: 177, toolResults: 177, errors: 0, skipped: 360
DEBUG: Database operation complete:
  - Messages inserted: 0, updated: 0
  - Tool uses inserted: 0
  - Tool results inserted: 0
  - Attachments inserted: 0
  - Env info inserted: 0
  - Errors: 1
Synced 0 records from 6338bcfe-c747-49d6-bd5f-8960b949075c (177 tool calls extracted)
Errors in 6338bcfe-c747-49d6-bd5f-8960b949075c: [
  TypeError: The database connection is not open
      at sqliteTransaction (/home/joshf/mem-sqlite/node_modules/better-sqlite3/lib/methods/transaction.js:63:9)
      at <anonymous> (/home/joshf/mem-sqlite/sync_engine/execute/database.ts:311:7)
      at retryDatabaseOperation (/home/joshf/mem-sqlite/sync_engine/execute/database.ts:163:14)
      at executeParsedEntries (/home/joshf/mem-sqlite/sync_engine/execute/database.ts:193:10)
      at processJsonlFile (/home/joshf/mem-sqlite/sync_engine/claude_code/index.ts:69:20)
      at runClaudeCodeSync (/home/joshf/mem-sqlite/sync_engine/claude_code/index.ts:112:13)
      at async sync (/home/joshf/mem-sqlite/cli.ts:19:3)
      at async main (/home/joshf/mem-sqlite/cli.ts:56:7)
]
DEBUG: Processing JSONL file: /home/joshf/.claude/projects/-home-joshf-Guardian/64bc5fe2-2ee3-4abb-b434-787700d9e7d7.jsonl
DEBUG: Extracted session ID: 64bc5fe2-2ee3-4abb-b434-787700d9e7d7
DEBUG: File size: 4.15 MB
DEBUG: Reading file content from: /home/joshf/.claude/projects/-home-joshf-Guardian/64bc5fe2-2ee3-4abb-b434-787700d9e7d7.jsonl
DEBUG: File content length: 4318766 characters
DEBUG: Found 1135 non-empty lines
DEBUG: Parsed 1135 JSON messages
DEBUG: Parsing stats - total: 1135, messages: 349, toolUses: 393, toolResults: 393, errors: 20, skipped: 786
DEBUG: Database operation complete:
  - Messages inserted: 0, updated: 0
  - Tool uses inserted: 0
  - Tool results inserted: 0
  - Attachments inserted: 0
  - Env info inserted: 0
  - Errors: 1
Synced 0 records from 64bc5fe2-2ee3-4abb-b434-787700d9e7d7 (393 tool calls extracted)
Errors in 64bc5fe2-2ee3-4abb-b434-787700d9e7d7: [
  TypeError: The database connection is not open
      at sqliteTransaction (/home/joshf/mem-sqlite/node_modules/better-sqlite3/lib/methods/transaction.js:63:9)
      at <anonymous> (/home/joshf/mem-sqlite/sync_engine/execute/database.ts:311:7)
      at retryDatabaseOperation (/home/joshf/mem-sqlite/sync_engine/execute/database.ts:163:14)
      at executeParsedEntries (/home/joshf/mem-sqlite/sync_engine/execute/database.ts:193:10)
      at processJsonlFile (/home/joshf/mem-sqlite/sync_engine/claude_code/index.ts:69:20)
      at runClaudeCodeSync (/home/joshf/mem-sqlite/sync_engine/claude_code/index.ts:112:13)
      at async sync (/home/joshf/mem-sqlite/cli.ts:19:3)
      at async main (/home/joshf/mem-sqlite/cli.ts:56:7)
]
DEBUG: Processing JSONL file: /home/joshf/.claude/projects/-home-joshf-Guardian/680eef88-ea0b-4522-b39e-16f205f1e79f.jsonl
DEBUG: Extracted session ID: 680eef88-ea0b-4522-b39e-16f205f1e79f
DEBUG: File size: 1.12 MB
DEBUG: Reading file content from: /home/joshf/.claude/projects/-home-joshf-Guardian/680eef88-ea0b-4522-b39e-16f205f1e79f.jsonl
DEBUG: File content length: 1166688 characters
DEBUG: Found 304 non-empty lines
DEBUG: Parsed 304 JSON messages
DEBUG: Parsing stats - total: 304, messages: 76, toolUses: 114, toolResults: 114, errors: 0, skipped: 228
DEBUG: Database operation complete:
  - Messages inserted: 0, updated: 0
  - Tool uses inserted: 0
  - Tool results inserted: 0
  - Attachments inserted: 0
  - Env info inserted: 0
  - Errors: 1
Synced 0 records from 680eef88-ea0b-4522-b39e-16f205f1e79f (114 tool calls extracted)
Errors in 680eef88-ea0b-4522-b39e-16f205f1e79f: [
  TypeError: The database connection is not open
      at sqliteTransaction (/home/joshf/mem-sqlite/node_modules/better-sqlite3/lib/methods/transaction.js:63:9)
      at <anonymous> (/home/joshf/mem-sqlite/sync_engine/execute/database.ts:311:7)
      at retryDatabaseOperation (/home/joshf/mem-sqlite/sync_engine/execute/database.ts:163:14)
      at executeParsedEntries (/home/joshf/mem-sqlite/sync_engine/execute/database.ts:193:10)
      at processJsonlFile (/home/joshf/mem-sqlite/sync_engine/claude_code/index.ts:69:20)
      at runClaudeCodeSync (/home/joshf/mem-sqlite/sync_engine/claude_code/index.ts:112:13)
      at async sync (/home/joshf/mem-sqlite/cli.ts:19:3)
      at async main (/home/joshf/mem-sqlite/cli.ts:56:7)
]
DEBUG: Processing JSONL file: /home/joshf/.claude/projects/-home-joshf-Guardian/690c0aa7-4b9d-4bdb-98e0-fef24b4e4f35.jsonl
DEBUG: Extracted session ID: 690c0aa7-4b9d-4bdb-98e0-fef24b4e4f35
DEBUG: File size: 0.16 MB
DEBUG: Reading file content from: /home/joshf/.claude/projects/-home-joshf-Guardian/690c0aa7-4b9d-4bdb-98e0-fef24b4e4f35.jsonl
DEBUG: File content length: 165446 characters
DEBUG: Found 105 non-empty lines
DEBUG: Parsed 105 JSON messages
DEBUG: Parsing stats - total: 105, messages: 27, toolUses: 39, toolResults: 39, errors: 0, skipped: 78
DEBUG: Database operation complete:
  - Messages inserted: 0, updated: 0
  - Tool uses inserted: 0
  - Tool results inserted: 0
  - Attachments inserted: 0
  - Env info inserted: 0
  - Errors: 1
Synced 0 records from 690c0aa7-4b9d-4bdb-98e0-fef24b4e4f35 (39 tool calls extracted)
Errors in 690c0aa7-4b9d-4bdb-98e0-fef24b4e4f35: [
  TypeError: The database connection is not open
      at sqliteTransaction (/home/joshf/mem-sqlite/node_modules/better-sqlite3/lib/methods/transaction.js:63:9)
      at <anonymous> (/home/joshf/mem-sqlite/sync_engine/execute/database.ts:311:7)
      at retryDatabaseOperation (/home/joshf/mem-sqlite/sync_engine/execute/database.ts:163:14)
      at executeParsedEntries (/home/joshf/mem-sqlite/sync_engine/execute/database.ts:193:10)
      at processJsonlFile (/home/joshf/mem-sqlite/sync_engine/claude_code/index.ts:69:20)
      at runClaudeCodeSync (/home/joshf/mem-sqlite/sync_engine/claude_code/index.ts:112:13)
      at async sync (/home/joshf/mem-sqlite/cli.ts:19:3)
      at async main (/home/joshf/mem-sqlite/cli.ts:56:7)
]
DEBUG: Processing JSONL file: /home/joshf/.claude/projects/-home-joshf-Guardian/7594108e-c484-46a6-82a8-5e01cdee948f.jsonl
DEBUG: Extracted session ID: 7594108e-c484-46a6-82a8-5e01cdee948f
DEBUG: File size: 1.23 MB
DEBUG: Reading file content from: /home/joshf/.claude/projects/-home-joshf-Guardian/7594108e-c484-46a6-82a8-5e01cdee948f.jsonl
DEBUG: File content length: 1280982 characters
DEBUG: Found 481 non-empty lines
DEBUG: Parsed 481 JSON messages
DEBUG: Parsing stats - total: 481, messages: 153, toolUses: 160, toolResults: 160, errors: 0, skipped: 328
DEBUG: Database operation complete:
  - Messages inserted: 0, updated: 0
  - Tool uses inserted: 0
  - Tool results inserted: 0
  - Attachments inserted: 0
  - Env info inserted: 0
  - Errors: 1
Synced 0 records from 7594108e-c484-46a6-82a8-5e01cdee948f (160 tool calls extracted)
Errors in 7594108e-c484-46a6-82a8-5e01cdee948f: [
  TypeError: The database connection is not open
      at sqliteTransaction (/home/joshf/mem-sqlite/node_modules/better-sqlite3/lib/methods/transaction.js:63:9)
      at <anonymous> (/home/joshf/mem-sqlite/sync_engine/execute/database.ts:311:7)
      at retryDatabaseOperation (/home/joshf/mem-sqlite/sync_engine/execute/database.ts:163:14)
      at executeParsedEntries (/home/joshf/mem-sqlite/sync_engine/execute/database.ts:193:10)
      at processJsonlFile (/home/joshf/mem-sqlite/sync_engine/claude_code/index.ts:69:20)
      at runClaudeCodeSync (/home/joshf/mem-sqlite/sync_engine/claude_code/index.ts:112:13)
      at async sync (/home/joshf/mem-sqlite/cli.ts:19:3)
      at async main (/home/joshf/mem-sqlite/cli.ts:56:7)
]
DEBUG: Processing JSONL file: /home/joshf/.claude/projects/-home-joshf-Guardian/76ed6783-db56-447b-bc71-9331b73750df.jsonl
DEBUG: Extracted session ID: 76ed6783-db56-447b-bc71-9331b73750df
DEBUG: File size: 6.59 MB
DEBUG: Reading file content from: /home/joshf/.claude/projects/-home-joshf-Guardian/76ed6783-db56-447b-bc71-9331b73750df.jsonl
DEBUG: File content length: 6870584 characters
DEBUG: Found 1918 non-empty lines
DEBUG: Parsed 1918 JSON messages
DEBUG: Parsing stats - total: 1918, messages: 474, toolUses: 723, toolResults: 722, errors: 0, skipped: 1444
DEBUG: Database operation complete:
  - Messages inserted: 0, updated: 0
  - Tool uses inserted: 0
  - Tool results inserted: 0
  - Attachments inserted: 0
  - Env info inserted: 0
  - Errors: 1
Synced 0 records from 76ed6783-db56-447b-bc71-9331b73750df (723 tool calls extracted)
Errors in 76ed6783-db56-447b-bc71-9331b73750df: [
  TypeError: The database connection is not open
      at sqliteTransaction (/home/joshf/mem-sqlite/node_modules/better-sqlite3/lib/methods/transaction.js:63:9)
      at <anonymous> (/home/joshf/mem-sqlite/sync_engine/execute/database.ts:311:7)
      at retryDatabaseOperation (/home/joshf/mem-sqlite/sync_engine/execute/database.ts:163:14)
      at executeParsedEntries (/home/joshf/mem-sqlite/sync_engine/execute/database.ts:193:10)
      at processJsonlFile (/home/joshf/mem-sqlite/sync_engine/claude_code/index.ts:69:20)
      at runClaudeCodeSync (/home/joshf/mem-sqlite/sync_engine/claude_code/index.ts:112:13)
      at async sync (/home/joshf/mem-sqlite/cli.ts:19:3)
      at async main (/home/joshf/mem-sqlite/cli.ts:56:7)
]
DEBUG: Processing JSONL file: /home/joshf/.claude/projects/-home-joshf-Guardian/791214c7-deac-4d82-b601-a432c473e7c5.jsonl
DEBUG: Extracted session ID: 791214c7-deac-4d82-b601-a432c473e7c5
DEBUG: File size: 0.59 MB
DEBUG: Reading file content from: /home/joshf/.claude/projects/-home-joshf-Guardian/791214c7-deac-4d82-b601-a432c473e7c5.jsonl
DEBUG: File content length: 614706 characters
DEBUG: Found 185 non-empty lines
DEBUG: Parsed 185 JSON messages
DEBUG: Parsing stats - total: 185, messages: 63, toolUses: 61, toolResults: 61, errors: 0, skipped: 122
DEBUG: Database operation complete:
  - Messages inserted: 0, updated: 0
  - Tool uses inserted: 0
  - Tool results inserted: 0
  - Attachments inserted: 0
  - Env info inserted: 0
  - Errors: 1
Synced 0 records from 791214c7-deac-4d82-b601-a432c473e7c5 (61 tool calls extracted)
Errors in 791214c7-deac-4d82-b601-a432c473e7c5: [
  TypeError: The database connection is not open
      at sqliteTransaction (/home/joshf/mem-sqlite/node_modules/better-sqlite3/lib/methods/transaction.js:63:9)
      at <anonymous> (/home/joshf/mem-sqlite/sync_engine/execute/database.ts:311:7)
      at retryDatabaseOperation (/home/joshf/mem-sqlite/sync_engine/execute/database.ts:163:14)
      at executeParsedEntries (/home/joshf/mem-sqlite/sync_engine/execute/database.ts:193:10)
      at processJsonlFile (/home/joshf/mem-sqlite/sync_engine/claude_code/index.ts:69:20)
      at runClaudeCodeSync (/home/joshf/mem-sqlite/sync_engine/claude_code/index.ts:112:13)
      at async sync (/home/joshf/mem-sqlite/cli.ts:19:3)
      at async main (/home/joshf/mem-sqlite/cli.ts:56:7)
]
DEBUG: Processing JSONL file: /home/joshf/.claude/projects/-home-joshf-Guardian/7abdf5b4-f204-4f85-9c78-6c92ba0aa7fe.jsonl
DEBUG: Extracted session ID: 7abdf5b4-f204-4f85-9c78-6c92ba0aa7fe
DEBUG: File size: 0.22 MB
DEBUG: Reading file content from: /home/joshf/.claude/projects/-home-joshf-Guardian/7abdf5b4-f204-4f85-9c78-6c92ba0aa7fe.jsonl
DEBUG: File content length: 226893 characters
DEBUG: Found 106 non-empty lines
DEBUG: Parsed 106 JSON messages
DEBUG: Parsing stats - total: 106, messages: 30, toolUses: 38, toolResults: 38, errors: 0, skipped: 76
DEBUG: Database operation complete:
  - Messages inserted: 0, updated: 0
  - Tool uses inserted: 0
  - Tool results inserted: 0
  - Attachments inserted: 0
  - Env info inserted: 0
  - Errors: 1
Synced 0 records from 7abdf5b4-f204-4f85-9c78-6c92ba0aa7fe (38 tool calls extracted)
Errors in 7abdf5b4-f204-4f85-9c78-6c92ba0aa7fe: [
  TypeError: The database connection is not open
      at sqliteTransaction (/home/joshf/mem-sqlite/node_modules/better-sqlite3/lib/methods/transaction.js:63:9)
      at <anonymous> (/home/joshf/mem-sqlite/sync_engine/execute/database.ts:311:7)
      at retryDatabaseOperation (/home/joshf/mem-sqlite/sync_engine/execute/database.ts:163:14)
      at executeParsedEntries (/home/joshf/mem-sqlite/sync_engine/execute/database.ts:193:10)
      at processJsonlFile (/home/joshf/mem-sqlite/sync_engine/claude_code/index.ts:69:20)
      at runClaudeCodeSync (/home/joshf/mem-sqlite/sync_engine/claude_code/index.ts:112:13)
      at async sync (/home/joshf/mem-sqlite/cli.ts:19:3)
      at async main (/home/joshf/mem-sqlite/cli.ts:56:7)
]
DEBUG: Processing JSONL file: /home/joshf/.claude/projects/-home-joshf-Guardian/7bd1ddff-40c7-463a-9441-027a8c45a6a4.jsonl
DEBUG: Extracted session ID: 7bd1ddff-40c7-463a-9441-027a8c45a6a4
DEBUG: File size: 0.52 MB
DEBUG: Reading file content from: /home/joshf/.claude/projects/-home-joshf-Guardian/7bd1ddff-40c7-463a-9441-027a8c45a6a4.jsonl
DEBUG: File content length: 546086 characters
DEBUG: Found 167 non-empty lines
DEBUG: Parsed 167 JSON messages
DEBUG: Parsing stats - total: 167, messages: 37, toolUses: 65, toolResults: 65, errors: 0, skipped: 130
DEBUG: Database operation complete:
  - Messages inserted: 0, updated: 0
  - Tool uses inserted: 0
  - Tool results inserted: 0
  - Attachments inserted: 0
  - Env info inserted: 0
  - Errors: 1
Synced 0 records from 7bd1ddff-40c7-463a-9441-027a8c45a6a4 (65 tool calls extracted)
Errors in 7bd1ddff-40c7-463a-9441-027a8c45a6a4: [
  TypeError: The database connection is not open
      at sqliteTransaction (/home/joshf/mem-sqlite/node_modules/better-sqlite3/lib/methods/transaction.js:63:9)
      at <anonymous> (/home/joshf/mem-sqlite/sync_engine/execute/database.ts:311:7)
      at retryDatabaseOperation (/home/joshf/mem-sqlite/sync_engine/execute/database.ts:163:14)
      at executeParsedEntries (/home/joshf/mem-sqlite/sync_engine/execute/database.ts:193:10)
      at processJsonlFile (/home/joshf/mem-sqlite/sync_engine/claude_code/index.ts:69:20)
      at runClaudeCodeSync (/home/joshf/mem-sqlite/sync_engine/claude_code/index.ts:112:13)
      at async sync (/home/joshf/mem-sqlite/cli.ts:19:3)
      at async main (/home/joshf/mem-sqlite/cli.ts:56:7)
]
DEBUG: Processing JSONL file: /home/joshf/.claude/projects/-home-joshf-Guardian/830f1a99-8760-40dd-ad76-66adcf5bf92a.jsonl
DEBUG: Extracted session ID: 830f1a99-8760-40dd-ad76-66adcf5bf92a
DEBUG: File size: 0.55 MB
DEBUG: Reading file content from: /home/joshf/.claude/projects/-home-joshf-Guardian/830f1a99-8760-40dd-ad76-66adcf5bf92a.jsonl
DEBUG: File content length: 570921 characters
DEBUG: Found 189 non-empty lines
DEBUG: Parsed 189 JSON messages
DEBUG: Parsing stats - total: 189, messages: 57, toolUses: 66, toolResults: 66, errors: 0, skipped: 132
DEBUG: Database operation complete:
  - Messages inserted: 0, updated: 0
  - Tool uses inserted: 0
  - Tool results inserted: 0
  - Attachments inserted: 0
  - Env info inserted: 0
  - Errors: 1
Synced 0 records from 830f1a99-8760-40dd-ad76-66adcf5bf92a (66 tool calls extracted)
Errors in 830f1a99-8760-40dd-ad76-66adcf5bf92a: [
  TypeError: The database connection is not open
      at sqliteTransaction (/home/joshf/mem-sqlite/node_modules/better-sqlite3/lib/methods/transaction.js:63:9)
      at <anonymous> (/home/joshf/mem-sqlite/sync_engine/execute/database.ts:311:7)
      at retryDatabaseOperation (/home/joshf/mem-sqlite/sync_engine/execute/database.ts:163:14)
      at executeParsedEntries (/home/joshf/mem-sqlite/sync_engine/execute/database.ts:193:10)
      at processJsonlFile (/home/joshf/mem-sqlite/sync_engine/claude_code/index.ts:69:20)
      at runClaudeCodeSync (/home/joshf/mem-sqlite/sync_engine/claude_code/index.ts:112:13)
      at async sync (/home/joshf/mem-sqlite/cli.ts:19:3)
      at async main (/home/joshf/mem-sqlite/cli.ts:56:7)
]
DEBUG: Processing JSONL file: /home/joshf/.claude/projects/-home-joshf-Guardian/87cd888f-0260-4347-b459-6408bc33092d.jsonl
DEBUG: Extracted session ID: 87cd888f-0260-4347-b459-6408bc33092d
DEBUG: File size: 0.60 MB
DEBUG: Reading file content from: /home/joshf/.claude/projects/-home-joshf-Guardian/87cd888f-0260-4347-b459-6408bc33092d.jsonl
DEBUG: File content length: 619429 characters
DEBUG: Found 214 non-empty lines
DEBUG: Parsed 214 JSON messages
DEBUG: Parsing stats - total: 214, messages: 42, toolUses: 86, toolResults: 86, errors: 0, skipped: 172
DEBUG: Database operation complete:
  - Messages inserted: 0, updated: 0
  - Tool uses inserted: 0
  - Tool results inserted: 0
  - Attachments inserted: 0
  - Env info inserted: 0
  - Errors: 1
Synced 0 records from 87cd888f-0260-4347-b459-6408bc33092d (86 tool calls extracted)
Errors in 87cd888f-0260-4347-b459-6408bc33092d: [
  TypeError: The database connection is not open
      at sqliteTransaction (/home/joshf/mem-sqlite/node_modules/better-sqlite3/lib/methods/transaction.js:63:9)
      at <anonymous> (/home/joshf/mem-sqlite/sync_engine/execute/database.ts:311:7)
      at retryDatabaseOperation (/home/joshf/mem-sqlite/sync_engine/execute/database.ts:163:14)
      at executeParsedEntries (/home/joshf/mem-sqlite/sync_engine/execute/database.ts:193:10)
      at processJsonlFile (/home/joshf/mem-sqlite/sync_engine/claude_code/index.ts:69:20)
      at runClaudeCodeSync (/home/joshf/mem-sqlite/sync_engine/claude_code/index.ts:112:13)
      at async sync (/home/joshf/mem-sqlite/cli.ts:19:3)
      at async main (/home/joshf/mem-sqlite/cli.ts:56:7)
]
DEBUG: Processing JSONL file: /home/joshf/.claude/projects/-home-joshf-Guardian/8e5258e9-999c-41e7-9e05-8ad30af2528f.jsonl
DEBUG: Extracted session ID: 8e5258e9-999c-41e7-9e05-8ad30af2528f
DEBUG: File size: 0.49 MB
DEBUG: Reading file content from: /home/joshf/.claude/projects/-home-joshf-Guardian/8e5258e9-999c-41e7-9e05-8ad30af2528f.jsonl
DEBUG: File content length: 505834 characters
DEBUG: Found 113 non-empty lines
DEBUG: Parsed 113 JSON messages
DEBUG: Parsing stats - total: 113, messages: 35, toolUses: 39, toolResults: 39, errors: 0, skipped: 78
DEBUG: Database operation complete:
  - Messages inserted: 0, updated: 0
  - Tool uses inserted: 0
  - Tool results inserted: 0
  - Attachments inserted: 0
  - Env info inserted: 0
  - Errors: 1
Synced 0 records from 8e5258e9-999c-41e7-9e05-8ad30af2528f (39 tool calls extracted)
Errors in 8e5258e9-999c-41e7-9e05-8ad30af2528f: [
  TypeError: The database connection is not open
      at sqliteTransaction (/home/joshf/mem-sqlite/node_modules/better-sqlite3/lib/methods/transaction.js:63:9)
      at <anonymous> (/home/joshf/mem-sqlite/sync_engine/execute/database.ts:311:7)
      at retryDatabaseOperation (/home/joshf/mem-sqlite/sync_engine/execute/database.ts:163:14)
      at executeParsedEntries (/home/joshf/mem-sqlite/sync_engine/execute/database.ts:193:10)
      at processJsonlFile (/home/joshf/mem-sqlite/sync_engine/claude_code/index.ts:69:20)
      at runClaudeCodeSync (/home/joshf/mem-sqlite/sync_engine/claude_code/index.ts:112:13)
      at async sync (/home/joshf/mem-sqlite/cli.ts:19:3)
      at async main (/home/joshf/mem-sqlite/cli.ts:56:7)
]
DEBUG: Processing JSONL file: /home/joshf/.claude/projects/-home-joshf-Guardian/95a6b46f-0438-4c1f-a306-6f91df561693.jsonl
DEBUG: Extracted session ID: 95a6b46f-0438-4c1f-a306-6f91df561693
DEBUG: File size: 0.67 MB
DEBUG: Reading file content from: /home/joshf/.claude/projects/-home-joshf-Guardian/95a6b46f-0438-4c1f-a306-6f91df561693.jsonl
DEBUG: File content length: 699226 characters
DEBUG: Found 155 non-empty lines
DEBUG: Parsed 155 JSON messages
DEBUG: Parsing stats - total: 155, messages: 54, toolUses: 51, toolResults: 51, errors: 0, skipped: 101
DEBUG: Database operation complete:
  - Messages inserted: 0, updated: 0
  - Tool uses inserted: 0
  - Tool results inserted: 0
  - Attachments inserted: 0
  - Env info inserted: 0
  - Errors: 1
Synced 0 records from 95a6b46f-0438-4c1f-a306-6f91df561693 (51 tool calls extracted)
Errors in 95a6b46f-0438-4c1f-a306-6f91df561693: [
  TypeError: The database connection is not open
      at sqliteTransaction (/home/joshf/mem-sqlite/node_modules/better-sqlite3/lib/methods/transaction.js:63:9)
      at <anonymous> (/home/joshf/mem-sqlite/sync_engine/execute/database.ts:311:7)
      at retryDatabaseOperation (/home/joshf/mem-sqlite/sync_engine/execute/database.ts:163:14)
      at executeParsedEntries (/home/joshf/mem-sqlite/sync_engine/execute/database.ts:193:10)
      at processJsonlFile (/home/joshf/mem-sqlite/sync_engine/claude_code/index.ts:69:20)
      at runClaudeCodeSync (/home/joshf/mem-sqlite/sync_engine/claude_code/index.ts:112:13)
      at async sync (/home/joshf/mem-sqlite/cli.ts:19:3)
      at async main (/home/joshf/mem-sqlite/cli.ts:56:7)
]
DEBUG: Processing JSONL file: /home/joshf/.claude/projects/-home-joshf-Guardian/986c08ce-849c-448a-a2ec-1c0697a3fed8.jsonl
DEBUG: Extracted session ID: 986c08ce-849c-448a-a2ec-1c0697a3fed8
DEBUG: File size: 0.05 MB
DEBUG: Reading file content from: /home/joshf/.claude/projects/-home-joshf-Guardian/986c08ce-849c-448a-a2ec-1c0697a3fed8.jsonl
DEBUG: File content length: 55431 characters
DEBUG: Found 28 non-empty lines
DEBUG: Parsed 28 JSON messages
DEBUG: Parsing stats - total: 28, messages: 12, toolUses: 8, toolResults: 8, errors: 0, skipped: 16
DEBUG: Database operation complete:
  - Messages inserted: 0, updated: 0
  - Tool uses inserted: 0
  - Tool results inserted: 0
  - Attachments inserted: 0
  - Env info inserted: 0
  - Errors: 1
Synced 0 records from 986c08ce-849c-448a-a2ec-1c0697a3fed8 (8 tool calls extracted)
Errors in 986c08ce-849c-448a-a2ec-1c0697a3fed8: [
  TypeError: The database connection is not open
      at sqliteTransaction (/home/joshf/mem-sqlite/node_modules/better-sqlite3/lib/methods/transaction.js:63:9)
      at <anonymous> (/home/joshf/mem-sqlite/sync_engine/execute/database.ts:311:7)
      at retryDatabaseOperation (/home/joshf/mem-sqlite/sync_engine/execute/database.ts:163:14)
      at executeParsedEntries (/home/joshf/mem-sqlite/sync_engine/execute/database.ts:193:10)
      at processJsonlFile (/home/joshf/mem-sqlite/sync_engine/claude_code/index.ts:69:20)
      at runClaudeCodeSync (/home/joshf/mem-sqlite/sync_engine/claude_code/index.ts:112:13)
      at async sync (/home/joshf/mem-sqlite/cli.ts:19:3)
      at async main (/home/joshf/mem-sqlite/cli.ts:56:7)
]
DEBUG: Processing JSONL file: /home/joshf/.claude/projects/-home-joshf-Guardian/9b2e6946-7bd3-434b-907b-cc4dd13596f3.jsonl
DEBUG: Extracted session ID: 9b2e6946-7bd3-434b-907b-cc4dd13596f3
DEBUG: File size: 0.13 MB
DEBUG: Reading file content from: /home/joshf/.claude/projects/-home-joshf-Guardian/9b2e6946-7bd3-434b-907b-cc4dd13596f3.jsonl
DEBUG: File content length: 132307 characters
DEBUG: Found 34 non-empty lines
DEBUG: Parsed 34 JSON messages
DEBUG: Parsing stats - total: 34, messages: 10, toolUses: 12, toolResults: 12, errors: 0, skipped: 24
DEBUG: Database operation complete:
  - Messages inserted: 0, updated: 0
  - Tool uses inserted: 0
  - Tool results inserted: 0
  - Attachments inserted: 0
  - Env info inserted: 0
  - Errors: 1
Synced 0 records from 9b2e6946-7bd3-434b-907b-cc4dd13596f3 (12 tool calls extracted)
Errors in 9b2e6946-7bd3-434b-907b-cc4dd13596f3: [
  TypeError: The database connection is not open
      at sqliteTransaction (/home/joshf/mem-sqlite/node_modules/better-sqlite3/lib/methods/transaction.js:63:9)
      at <anonymous> (/home/joshf/mem-sqlite/sync_engine/execute/database.ts:311:7)
      at retryDatabaseOperation (/home/joshf/mem-sqlite/sync_engine/execute/database.ts:163:14)
      at executeParsedEntries (/home/joshf/mem-sqlite/sync_engine/execute/database.ts:193:10)
      at processJsonlFile (/home/joshf/mem-sqlite/sync_engine/claude_code/index.ts:69:20)
      at runClaudeCodeSync (/home/joshf/mem-sqlite/sync_engine/claude_code/index.ts:112:13)
      at async sync (/home/joshf/mem-sqlite/cli.ts:19:3)
      at async main (/home/joshf/mem-sqlite/cli.ts:56:7)
]
DEBUG: Processing JSONL file: /home/joshf/.claude/projects/-home-joshf-Guardian/9bbf2650-3635-4896-9d33-c630472b3cd7.jsonl
DEBUG: Extracted session ID: 9bbf2650-3635-4896-9d33-c630472b3cd7
DEBUG: File size: 0.60 MB
DEBUG: Reading file content from: /home/joshf/.claude/projects/-home-joshf-Guardian/9bbf2650-3635-4896-9d33-c630472b3cd7.jsonl
DEBUG: File content length: 628282 characters
DEBUG: Found 302 non-empty lines
DEBUG: Parsed 302 JSON messages
DEBUG: Parsing stats - total: 302, messages: 86, toolUses: 108, toolResults: 108, errors: 0, skipped: 216
DEBUG: Database operation complete:
  - Messages inserted: 0, updated: 0
  - Tool uses inserted: 0
  - Tool results inserted: 0
  - Attachments inserted: 0
  - Env info inserted: 0
  - Errors: 1
Synced 0 records from 9bbf2650-3635-4896-9d33-c630472b3cd7 (108 tool calls extracted)
Errors in 9bbf2650-3635-4896-9d33-c630472b3cd7: [
  TypeError: The database connection is not open
      at sqliteTransaction (/home/joshf/mem-sqlite/node_modules/better-sqlite3/lib/methods/transaction.js:63:9)
      at <anonymous> (/home/joshf/mem-sqlite/sync_engine/execute/database.ts:311:7)
      at retryDatabaseOperation (/home/joshf/mem-sqlite/sync_engine/execute/database.ts:163:14)
      at executeParsedEntries (/home/joshf/mem-sqlite/sync_engine/execute/database.ts:193:10)
      at processJsonlFile (/home/joshf/mem-sqlite/sync_engine/claude_code/index.ts:69:20)
      at runClaudeCodeSync (/home/joshf/mem-sqlite/sync_engine/claude_code/index.ts:112:13)
      at async sync (/home/joshf/mem-sqlite/cli.ts:19:3)
      at async main (/home/joshf/mem-sqlite/cli.ts:56:7)
]
DEBUG: Processing JSONL file: /home/joshf/.claude/projects/-home-joshf-Guardian/9c157771-b2fc-4040-ac38-5f72e5380554.jsonl
DEBUG: Extracted session ID: 9c157771-b2fc-4040-ac38-5f72e5380554
DEBUG: File size: 0.78 MB
DEBUG: Reading file content from: /home/joshf/.claude/projects/-home-joshf-Guardian/9c157771-b2fc-4040-ac38-5f72e5380554.jsonl
DEBUG: File content length: 816083 characters
DEBUG: Found 268 non-empty lines
DEBUG: Parsed 268 JSON messages
DEBUG: Parsing stats - total: 268, messages: 76, toolUses: 96, toolResults: 96, errors: 0, skipped: 192
DEBUG: Database operation complete:
  - Messages inserted: 0, updated: 0
  - Tool uses inserted: 0
  - Tool results inserted: 0
  - Attachments inserted: 0
  - Env info inserted: 0
  - Errors: 1
Synced 0 records from 9c157771-b2fc-4040-ac38-5f72e5380554 (96 tool calls extracted)
Errors in 9c157771-b2fc-4040-ac38-5f72e5380554: [
  TypeError: The database connection is not open
      at sqliteTransaction (/home/joshf/mem-sqlite/node_modules/better-sqlite3/lib/methods/transaction.js:63:9)
      at <anonymous> (/home/joshf/mem-sqlite/sync_engine/execute/database.ts:311:7)
      at retryDatabaseOperation (/home/joshf/mem-sqlite/sync_engine/execute/database.ts:163:14)
      at executeParsedEntries (/home/joshf/mem-sqlite/sync_engine/execute/database.ts:193:10)
      at processJsonlFile (/home/joshf/mem-sqlite/sync_engine/claude_code/index.ts:69:20)
      at runClaudeCodeSync (/home/joshf/mem-sqlite/sync_engine/claude_code/index.ts:112:13)
      at async sync (/home/joshf/mem-sqlite/cli.ts:19:3)
      at async main (/home/joshf/mem-sqlite/cli.ts:56:7)
]
DEBUG: Processing JSONL file: /home/joshf/.claude/projects/-home-joshf-Guardian/9cad5114-d104-4d11-b678-a99d5a8a8e3f.jsonl
DEBUG: Extracted session ID: 9cad5114-d104-4d11-b678-a99d5a8a8e3f
DEBUG: File size: 0.00 MB
DEBUG: Reading file content from: /home/joshf/.claude/projects/-home-joshf-Guardian/9cad5114-d104-4d11-b678-a99d5a8a8e3f.jsonl
DEBUG: File content length: 128 characters
DEBUG: Found 1 non-empty lines
DEBUG: Parsed 1 JSON messages
DEBUG: Parsing stats - total: 1, messages: 1, toolUses: 0, toolResults: 0, errors: 1, skipped: 0
DEBUG: Database operation complete:
  - Messages inserted: 0, updated: 0
  - Tool uses inserted: 0
  - Tool results inserted: 0
  - Attachments inserted: 0
  - Env info inserted: 0
  - Errors: 1
Synced 0 records from 9cad5114-d104-4d11-b678-a99d5a8a8e3f (0 tool calls extracted)
Errors in 9cad5114-d104-4d11-b678-a99d5a8a8e3f: [
  TypeError: The database connection is not open
      at sqliteTransaction (/home/joshf/mem-sqlite/node_modules/better-sqlite3/lib/methods/transaction.js:63:9)
      at <anonymous> (/home/joshf/mem-sqlite/sync_engine/execute/database.ts:311:7)
      at retryDatabaseOperation (/home/joshf/mem-sqlite/sync_engine/execute/database.ts:163:14)
      at executeParsedEntries (/home/joshf/mem-sqlite/sync_engine/execute/database.ts:193:10)
      at processJsonlFile (/home/joshf/mem-sqlite/sync_engine/claude_code/index.ts:69:20)
      at runClaudeCodeSync (/home/joshf/mem-sqlite/sync_engine/claude_code/index.ts:112:13)
      at async sync (/home/joshf/mem-sqlite/cli.ts:19:3)
      at async main (/home/joshf/mem-sqlite/cli.ts:56:7)
]
DEBUG: Processing JSONL file: /home/joshf/.claude/projects/-home-joshf-Guardian/a0797000-9439-4397-bda0-eba0705c64c4.jsonl
DEBUG: Extracted session ID: a0797000-9439-4397-bda0-eba0705c64c4
DEBUG: File size: 0.29 MB
DEBUG: Reading file content from: /home/joshf/.claude/projects/-home-joshf-Guardian/a0797000-9439-4397-bda0-eba0705c64c4.jsonl
DEBUG: File content length: 305683 characters
DEBUG: Found 151 non-empty lines
DEBUG: Parsed 151 JSON messages
DEBUG: Parsing stats - total: 151, messages: 49, toolUses: 51, toolResults: 51, errors: 0, skipped: 102
DEBUG: Database operation complete:
  - Messages inserted: 0, updated: 0
  - Tool uses inserted: 0
  - Tool results inserted: 0
  - Attachments inserted: 0
  - Env info inserted: 0
  - Errors: 1
Synced 0 records from a0797000-9439-4397-bda0-eba0705c64c4 (51 tool calls extracted)
Errors in a0797000-9439-4397-bda0-eba0705c64c4: [
  TypeError: The database connection is not open
      at sqliteTransaction (/home/joshf/mem-sqlite/node_modules/better-sqlite3/lib/methods/transaction.js:63:9)
      at <anonymous> (/home/joshf/mem-sqlite/sync_engine/execute/database.ts:311:7)
      at retryDatabaseOperation (/home/joshf/mem-sqlite/sync_engine/execute/database.ts:163:14)
      at executeParsedEntries (/home/joshf/mem-sqlite/sync_engine/execute/database.ts:193:10)
      at processJsonlFile (/home/joshf/mem-sqlite/sync_engine/claude_code/index.ts:69:20)
      at runClaudeCodeSync (/home/joshf/mem-sqlite/sync_engine/claude_code/index.ts:112:13)
      at async sync (/home/joshf/mem-sqlite/cli.ts:19:3)
      at async main (/home/joshf/mem-sqlite/cli.ts:56:7)
]
DEBUG: Processing JSONL file: /home/joshf/.claude/projects/-home-joshf-Guardian/a6fc8e05-b3a8-4471-97c1-b3ac54da064d.jsonl
DEBUG: Extracted session ID: a6fc8e05-b3a8-4471-97c1-b3ac54da064d
DEBUG: File size: 0.66 MB
DEBUG: Reading file content from: /home/joshf/.claude/projects/-home-joshf-Guardian/a6fc8e05-b3a8-4471-97c1-b3ac54da064d.jsonl
DEBUG: File content length: 688330 characters
DEBUG: Found 202 non-empty lines
DEBUG: Parsed 202 JSON messages
DEBUG: Parsing stats - total: 202, messages: 58, toolUses: 72, toolResults: 72, errors: 0, skipped: 144
DEBUG: Database operation complete:
  - Messages inserted: 0, updated: 0
  - Tool uses inserted: 0
  - Tool results inserted: 0
  - Attachments inserted: 0
  - Env info inserted: 0
  - Errors: 1
Synced 0 records from a6fc8e05-b3a8-4471-97c1-b3ac54da064d (72 tool calls extracted)
Errors in a6fc8e05-b3a8-4471-97c1-b3ac54da064d: [
  TypeError: The database connection is not open
      at sqliteTransaction (/home/joshf/mem-sqlite/node_modules/better-sqlite3/lib/methods/transaction.js:63:9)
      at <anonymous> (/home/joshf/mem-sqlite/sync_engine/execute/database.ts:311:7)
      at retryDatabaseOperation (/home/joshf/mem-sqlite/sync_engine/execute/database.ts:163:14)
      at executeParsedEntries (/home/joshf/mem-sqlite/sync_engine/execute/database.ts:193:10)
      at processJsonlFile (/home/joshf/mem-sqlite/sync_engine/claude_code/index.ts:69:20)
      at runClaudeCodeSync (/home/joshf/mem-sqlite/sync_engine/claude_code/index.ts:112:13)
      at async sync (/home/joshf/mem-sqlite/cli.ts:19:3)
      at async main (/home/joshf/mem-sqlite/cli.ts:56:7)
]
DEBUG: Processing JSONL file: /home/joshf/.claude/projects/-home-joshf-Guardian/a76b4e9a-f6d4-4458-8e50-9ae0e1644d30.jsonl
DEBUG: Extracted session ID: a76b4e9a-f6d4-4458-8e50-9ae0e1644d30
DEBUG: File size: 0.38 MB
DEBUG: Reading file content from: /home/joshf/.claude/projects/-home-joshf-Guardian/a76b4e9a-f6d4-4458-8e50-9ae0e1644d30.jsonl
DEBUG: File content length: 396391 characters
DEBUG: Found 171 non-empty lines
DEBUG: Parsed 171 JSON messages
DEBUG: Parsing stats - total: 171, messages: 57, toolUses: 57, toolResults: 57, errors: 0, skipped: 114
DEBUG: Database operation complete:
  - Messages inserted: 0, updated: 0
  - Tool uses inserted: 0
  - Tool results inserted: 0
  - Attachments inserted: 0
  - Env info inserted: 0
  - Errors: 1
Synced 0 records from a76b4e9a-f6d4-4458-8e50-9ae0e1644d30 (57 tool calls extracted)
Errors in a76b4e9a-f6d4-4458-8e50-9ae0e1644d30: [
  TypeError: The database connection is not open
      at sqliteTransaction (/home/joshf/mem-sqlite/node_modules/better-sqlite3/lib/methods/transaction.js:63:9)
      at <anonymous> (/home/joshf/mem-sqlite/sync_engine/execute/database.ts:311:7)
      at retryDatabaseOperation (/home/joshf/mem-sqlite/sync_engine/execute/database.ts:163:14)
      at executeParsedEntries (/home/joshf/mem-sqlite/sync_engine/execute/database.ts:193:10)
      at processJsonlFile (/home/joshf/mem-sqlite/sync_engine/claude_code/index.ts:69:20)
      at runClaudeCodeSync (/home/joshf/mem-sqlite/sync_engine/claude_code/index.ts:112:13)
      at async sync (/home/joshf/mem-sqlite/cli.ts:19:3)
      at async main (/home/joshf/mem-sqlite/cli.ts:56:7)
]
DEBUG: Processing JSONL file: /home/joshf/.claude/projects/-home-joshf-Guardian/a8e94ee2-3aef-4ad9-a2cb-b258518880c8.jsonl
DEBUG: Extracted session ID: a8e94ee2-3aef-4ad9-a2cb-b258518880c8
DEBUG: File size: 0.10 MB
DEBUG: Reading file content from: /home/joshf/.claude/projects/-home-joshf-Guardian/a8e94ee2-3aef-4ad9-a2cb-b258518880c8.jsonl
DEBUG: File content length: 104468 characters
DEBUG: Found 67 non-empty lines
DEBUG: Parsed 67 JSON messages
DEBUG: Parsing stats - total: 67, messages: 23, toolUses: 22, toolResults: 22, errors: 2, skipped: 44
DEBUG: Database operation complete:
  - Messages inserted: 0, updated: 0
  - Tool uses inserted: 0
  - Tool results inserted: 0
  - Attachments inserted: 0
  - Env info inserted: 0
  - Errors: 1
Synced 0 records from a8e94ee2-3aef-4ad9-a2cb-b258518880c8 (22 tool calls extracted)
Errors in a8e94ee2-3aef-4ad9-a2cb-b258518880c8: [
  TypeError: The database connection is not open
      at sqliteTransaction (/home/joshf/mem-sqlite/node_modules/better-sqlite3/lib/methods/transaction.js:63:9)
      at <anonymous> (/home/joshf/mem-sqlite/sync_engine/execute/database.ts:311:7)
      at retryDatabaseOperation (/home/joshf/mem-sqlite/sync_engine/execute/database.ts:163:14)
      at executeParsedEntries (/home/joshf/mem-sqlite/sync_engine/execute/database.ts:193:10)
      at processJsonlFile (/home/joshf/mem-sqlite/sync_engine/claude_code/index.ts:69:20)
      at runClaudeCodeSync (/home/joshf/mem-sqlite/sync_engine/claude_code/index.ts:112:13)
      at async sync (/home/joshf/mem-sqlite/cli.ts:19:3)
      at async main (/home/joshf/mem-sqlite/cli.ts:56:7)
]
DEBUG: Processing JSONL file: /home/joshf/.claude/projects/-home-joshf-Guardian/abf43fe7-dece-40a2-959e-42ae201ee3b5.jsonl
DEBUG: Extracted session ID: abf43fe7-dece-40a2-959e-42ae201ee3b5
DEBUG: File size: 0.34 MB
DEBUG: Reading file content from: /home/joshf/.claude/projects/-home-joshf-Guardian/abf43fe7-dece-40a2-959e-42ae201ee3b5.jsonl
DEBUG: File content length: 352568 characters
DEBUG: Found 141 non-empty lines
DEBUG: Parsed 141 JSON messages
DEBUG: Parsing stats - total: 141, messages: 47, toolUses: 47, toolResults: 47, errors: 3, skipped: 94
DEBUG: Database operation complete:
  - Messages inserted: 0, updated: 0
  - Tool uses inserted: 0
  - Tool results inserted: 0
  - Attachments inserted: 0
  - Env info inserted: 0
  - Errors: 1
Synced 0 records from abf43fe7-dece-40a2-959e-42ae201ee3b5 (47 tool calls extracted)
Errors in abf43fe7-dece-40a2-959e-42ae201ee3b5: [
  TypeError: The database connection is not open
      at sqliteTransaction (/home/joshf/mem-sqlite/node_modules/better-sqlite3/lib/methods/transaction.js:63:9)
      at <anonymous> (/home/joshf/mem-sqlite/sync_engine/execute/database.ts:311:7)
      at retryDatabaseOperation (/home/joshf/mem-sqlite/sync_engine/execute/database.ts:163:14)
      at executeParsedEntries (/home/joshf/mem-sqlite/sync_engine/execute/database.ts:193:10)
      at processJsonlFile (/home/joshf/mem-sqlite/sync_engine/claude_code/index.ts:69:20)
      at runClaudeCodeSync (/home/joshf/mem-sqlite/sync_engine/claude_code/index.ts:112:13)
      at async sync (/home/joshf/mem-sqlite/cli.ts:19:3)
      at async main (/home/joshf/mem-sqlite/cli.ts:56:7)
]
DEBUG: Processing JSONL file: /home/joshf/.claude/projects/-home-joshf-Guardian/add31cdb-2204-4aac-bfbf-cd096497c40a.jsonl
DEBUG: Extracted session ID: add31cdb-2204-4aac-bfbf-cd096497c40a
DEBUG: File size: 0.62 MB
DEBUG: Reading file content from: /home/joshf/.claude/projects/-home-joshf-Guardian/add31cdb-2204-4aac-bfbf-cd096497c40a.jsonl
DEBUG: File content length: 651321 characters
DEBUG: Found 143 non-empty lines
DEBUG: Parsed 143 JSON messages
DEBUG: Parsing stats - total: 143, messages: 41, toolUses: 51, toolResults: 51, errors: 0, skipped: 102
DEBUG: Database operation complete:
  - Messages inserted: 0, updated: 0
  - Tool uses inserted: 0
  - Tool results inserted: 0
  - Attachments inserted: 0
  - Env info inserted: 0
  - Errors: 1
Synced 0 records from add31cdb-2204-4aac-bfbf-cd096497c40a (51 tool calls extracted)
Errors in add31cdb-2204-4aac-bfbf-cd096497c40a: [
  TypeError: The database connection is not open
      at sqliteTransaction (/home/joshf/mem-sqlite/node_modules/better-sqlite3/lib/methods/transaction.js:63:9)
      at <anonymous> (/home/joshf/mem-sqlite/sync_engine/execute/database.ts:311:7)
      at retryDatabaseOperation (/home/joshf/mem-sqlite/sync_engine/execute/database.ts:163:14)
      at executeParsedEntries (/home/joshf/mem-sqlite/sync_engine/execute/database.ts:193:10)
      at processJsonlFile (/home/joshf/mem-sqlite/sync_engine/claude_code/index.ts:69:20)
      at runClaudeCodeSync (/home/joshf/mem-sqlite/sync_engine/claude_code/index.ts:112:13)
      at async sync (/home/joshf/mem-sqlite/cli.ts:19:3)
      at async main (/home/joshf/mem-sqlite/cli.ts:56:7)
]
DEBUG: Processing JSONL file: /home/joshf/.claude/projects/-home-joshf-Guardian/af0ca259-e396-4b71-9a8a-36e68316ac32.jsonl
DEBUG: Extracted session ID: af0ca259-e396-4b71-9a8a-36e68316ac32
DEBUG: File size: 0.69 MB
DEBUG: Reading file content from: /home/joshf/.claude/projects/-home-joshf-Guardian/af0ca259-e396-4b71-9a8a-36e68316ac32.jsonl
DEBUG: File content length: 722383 characters
DEBUG: Found 164 non-empty lines
DEBUG: Parsed 164 JSON messages
DEBUG: Parsing stats - total: 164, messages: 54, toolUses: 55, toolResults: 55, errors: 0, skipped: 110
DEBUG: Database operation complete:
  - Messages inserted: 0, updated: 0
  - Tool uses inserted: 0
  - Tool results inserted: 0
  - Attachments inserted: 0
  - Env info inserted: 0
  - Errors: 1
Synced 0 records from af0ca259-e396-4b71-9a8a-36e68316ac32 (55 tool calls extracted)
Errors in af0ca259-e396-4b71-9a8a-36e68316ac32: [
  TypeError: The database connection is not open
      at sqliteTransaction (/home/joshf/mem-sqlite/node_modules/better-sqlite3/lib/methods/transaction.js:63:9)
      at <anonymous> (/home/joshf/mem-sqlite/sync_engine/execute/database.ts:311:7)
      at retryDatabaseOperation (/home/joshf/mem-sqlite/sync_engine/execute/database.ts:163:14)
      at executeParsedEntries (/home/joshf/mem-sqlite/sync_engine/execute/database.ts:193:10)
      at processJsonlFile (/home/joshf/mem-sqlite/sync_engine/claude_code/index.ts:69:20)
      at runClaudeCodeSync (/home/joshf/mem-sqlite/sync_engine/claude_code/index.ts:112:13)
      at async sync (/home/joshf/mem-sqlite/cli.ts:19:3)
      at async main (/home/joshf/mem-sqlite/cli.ts:56:7)
]
DEBUG: Processing JSONL file: /home/joshf/.claude/projects/-home-joshf-Guardian/b0e27c4e-237a-443a-98c0-4a3d338c7e93.jsonl
DEBUG: Extracted session ID: b0e27c4e-237a-443a-98c0-4a3d338c7e93
DEBUG: File size: 0.25 MB
DEBUG: Reading file content from: /home/joshf/.claude/projects/-home-joshf-Guardian/b0e27c4e-237a-443a-98c0-4a3d338c7e93.jsonl
DEBUG: File content length: 262838 characters
DEBUG: Found 89 non-empty lines
DEBUG: Parsed 89 JSON messages
DEBUG: Parsing stats - total: 89, messages: 25, toolUses: 32, toolResults: 32, errors: 0, skipped: 64
DEBUG: Database operation complete:
  - Messages inserted: 0, updated: 0
  - Tool uses inserted: 0
  - Tool results inserted: 0
  - Attachments inserted: 0
  - Env info inserted: 0
  - Errors: 1
Synced 0 records from b0e27c4e-237a-443a-98c0-4a3d338c7e93 (32 tool calls extracted)
Errors in b0e27c4e-237a-443a-98c0-4a3d338c7e93: [
  TypeError: The database connection is not open
      at sqliteTransaction (/home/joshf/mem-sqlite/node_modules/better-sqlite3/lib/methods/transaction.js:63:9)
      at <anonymous> (/home/joshf/mem-sqlite/sync_engine/execute/database.ts:311:7)
      at retryDatabaseOperation (/home/joshf/mem-sqlite/sync_engine/execute/database.ts:163:14)
      at executeParsedEntries (/home/joshf/mem-sqlite/sync_engine/execute/database.ts:193:10)
      at processJsonlFile (/home/joshf/mem-sqlite/sync_engine/claude_code/index.ts:69:20)
      at runClaudeCodeSync (/home/joshf/mem-sqlite/sync_engine/claude_code/index.ts:112:13)
      at async sync (/home/joshf/mem-sqlite/cli.ts:19:3)
      at async main (/home/joshf/mem-sqlite/cli.ts:56:7)
]
DEBUG: Processing JSONL file: /home/joshf/.claude/projects/-home-joshf-Guardian/b5704a48-0cad-4f8d-9a42-31818e79d971.jsonl
DEBUG: Extracted session ID: b5704a48-0cad-4f8d-9a42-31818e79d971
DEBUG: File size: 0.03 MB
DEBUG: Reading file content from: /home/joshf/.claude/projects/-home-joshf-Guardian/b5704a48-0cad-4f8d-9a42-31818e79d971.jsonl
DEBUG: File content length: 35509 characters
DEBUG: Found 42 non-empty lines
DEBUG: Parsed 42 JSON messages
DEBUG: Parsing stats - total: 42, messages: 18, toolUses: 12, toolResults: 12, errors: 1, skipped: 24
DEBUG: Database operation complete:
  - Messages inserted: 0, updated: 0
  - Tool uses inserted: 0
  - Tool results inserted: 0
  - Attachments inserted: 0
  - Env info inserted: 0
  - Errors: 1
Synced 0 records from b5704a48-0cad-4f8d-9a42-31818e79d971 (12 tool calls extracted)
Errors in b5704a48-0cad-4f8d-9a42-31818e79d971: [
  TypeError: The database connection is not open
      at sqliteTransaction (/home/joshf/mem-sqlite/node_modules/better-sqlite3/lib/methods/transaction.js:63:9)
      at <anonymous> (/home/joshf/mem-sqlite/sync_engine/execute/database.ts:311:7)
      at retryDatabaseOperation (/home/joshf/mem-sqlite/sync_engine/execute/database.ts:163:14)
      at executeParsedEntries (/home/joshf/mem-sqlite/sync_engine/execute/database.ts:193:10)
      at processJsonlFile (/home/joshf/mem-sqlite/sync_engine/claude_code/index.ts:69:20)
      at runClaudeCodeSync (/home/joshf/mem-sqlite/sync_engine/claude_code/index.ts:112:13)
      at async sync (/home/joshf/mem-sqlite/cli.ts:19:3)
      at async main (/home/joshf/mem-sqlite/cli.ts:56:7)
]
DEBUG: Processing JSONL file: /home/joshf/.claude/projects/-home-joshf-Guardian/b721c5e6-5a16-4547-b7b9-bc18d5c91d79.jsonl
DEBUG: Extracted session ID: b721c5e6-5a16-4547-b7b9-bc18d5c91d79
DEBUG: File size: 1.07 MB
DEBUG: Reading file content from: /home/joshf/.claude/projects/-home-joshf-Guardian/b721c5e6-5a16-4547-b7b9-bc18d5c91d79.jsonl
DEBUG: File content length: 1123446 characters
DEBUG: Found 253 non-empty lines
DEBUG: Parsed 253 JSON messages
DEBUG: Parsing stats - total: 253, messages: 89, toolUses: 82, toolResults: 82, errors: 0, skipped: 164
DEBUG: Database operation complete:
  - Messages inserted: 0, updated: 0
  - Tool uses inserted: 0
  - Tool results inserted: 0
  - Attachments inserted: 0
  - Env info inserted: 0
  - Errors: 1
Synced 0 records from b721c5e6-5a16-4547-b7b9-bc18d5c91d79 (82 tool calls extracted)
Errors in b721c5e6-5a16-4547-b7b9-bc18d5c91d79: [
  TypeError: The database connection is not open
      at sqliteTransaction (/home/joshf/mem-sqlite/node_modules/better-sqlite3/lib/methods/transaction.js:63:9)
      at <anonymous> (/home/joshf/mem-sqlite/sync_engine/execute/database.ts:311:7)
      at retryDatabaseOperation (/home/joshf/mem-sqlite/sync_engine/execute/database.ts:163:14)
      at executeParsedEntries (/home/joshf/mem-sqlite/sync_engine/execute/database.ts:193:10)
      at processJsonlFile (/home/joshf/mem-sqlite/sync_engine/claude_code/index.ts:69:20)
      at runClaudeCodeSync (/home/joshf/mem-sqlite/sync_engine/claude_code/index.ts:112:13)
      at async sync (/home/joshf/mem-sqlite/cli.ts:19:3)
      at async main (/home/joshf/mem-sqlite/cli.ts:56:7)
]
DEBUG: Processing JSONL file: /home/joshf/.claude/projects/-home-joshf-Guardian/b9259068-ed9b-4524-bb3c-351c887640df.jsonl
DEBUG: Extracted session ID: b9259068-ed9b-4524-bb3c-351c887640df
DEBUG: File size: 0.36 MB
DEBUG: Reading file content from: /home/joshf/.claude/projects/-home-joshf-Guardian/b9259068-ed9b-4524-bb3c-351c887640df.jsonl
DEBUG: File content length: 377097 characters
DEBUG: Found 177 non-empty lines
DEBUG: Parsed 177 JSON messages
DEBUG: Parsing stats - total: 177, messages: 51, toolUses: 63, toolResults: 63, errors: 0, skipped: 126
DEBUG: Database operation complete:
  - Messages inserted: 0, updated: 0
  - Tool uses inserted: 0
  - Tool results inserted: 0
  - Attachments inserted: 0
  - Env info inserted: 0
  - Errors: 1
Synced 0 records from b9259068-ed9b-4524-bb3c-351c887640df (63 tool calls extracted)
Errors in b9259068-ed9b-4524-bb3c-351c887640df: [
  TypeError: The database connection is not open
      at sqliteTransaction (/home/joshf/mem-sqlite/node_modules/better-sqlite3/lib/methods/transaction.js:63:9)
      at <anonymous> (/home/joshf/mem-sqlite/sync_engine/execute/database.ts:311:7)
      at retryDatabaseOperation (/home/joshf/mem-sqlite/sync_engine/execute/database.ts:163:14)
      at executeParsedEntries (/home/joshf/mem-sqlite/sync_engine/execute/database.ts:193:10)
      at processJsonlFile (/home/joshf/mem-sqlite/sync_engine/claude_code/index.ts:69:20)
      at runClaudeCodeSync (/home/joshf/mem-sqlite/sync_engine/claude_code/index.ts:112:13)
      at async sync (/home/joshf/mem-sqlite/cli.ts:19:3)
      at async main (/home/joshf/mem-sqlite/cli.ts:56:7)
]
DEBUG: Processing JSONL file: /home/joshf/.claude/projects/-home-joshf-Guardian/bac81e6d-0ce1-4999-a7c9-782873b572d4.jsonl
DEBUG: Extracted session ID: bac81e6d-0ce1-4999-a7c9-782873b572d4
DEBUG: File size: 0.31 MB
DEBUG: Reading file content from: /home/joshf/.claude/projects/-home-joshf-Guardian/bac81e6d-0ce1-4999-a7c9-782873b572d4.jsonl
DEBUG: File content length: 322361 characters
DEBUG: Found 152 non-empty lines
DEBUG: Parsed 152 JSON messages
DEBUG: Parsing stats - total: 152, messages: 54, toolUses: 49, toolResults: 49, errors: 4, skipped: 98
DEBUG: Database operation complete:
  - Messages inserted: 0, updated: 0
  - Tool uses inserted: 0
  - Tool results inserted: 0
  - Attachments inserted: 0
  - Env info inserted: 0
  - Errors: 1
Synced 0 records from bac81e6d-0ce1-4999-a7c9-782873b572d4 (49 tool calls extracted)
Errors in bac81e6d-0ce1-4999-a7c9-782873b572d4: [
  TypeError: The database connection is not open
      at sqliteTransaction (/home/joshf/mem-sqlite/node_modules/better-sqlite3/lib/methods/transaction.js:63:9)
      at <anonymous> (/home/joshf/mem-sqlite/sync_engine/execute/database.ts:311:7)
      at retryDatabaseOperation (/home/joshf/mem-sqlite/sync_engine/execute/database.ts:163:14)
      at executeParsedEntries (/home/joshf/mem-sqlite/sync_engine/execute/database.ts:193:10)
      at processJsonlFile (/home/joshf/mem-sqlite/sync_engine/claude_code/index.ts:69:20)
      at runClaudeCodeSync (/home/joshf/mem-sqlite/sync_engine/claude_code/index.ts:112:13)
      at async sync (/home/joshf/mem-sqlite/cli.ts:19:3)
      at async main (/home/joshf/mem-sqlite/cli.ts:56:7)
]
DEBUG: Processing JSONL file: /home/joshf/.claude/projects/-home-joshf-Guardian/be190e14-c700-488b-84b3-210e351880c3.jsonl
DEBUG: Extracted session ID: be190e14-c700-488b-84b3-210e351880c3
DEBUG: File size: 0.45 MB
DEBUG: Reading file content from: /home/joshf/.claude/projects/-home-joshf-Guardian/be190e14-c700-488b-84b3-210e351880c3.jsonl
DEBUG: File content length: 470759 characters
DEBUG: Found 163 non-empty lines
DEBUG: Parsed 163 JSON messages
DEBUG: Parsing stats - total: 163, messages: 52, toolUses: 56, toolResults: 56, errors: 0, skipped: 111
DEBUG: Database operation complete:
  - Messages inserted: 0, updated: 0
  - Tool uses inserted: 0
  - Tool results inserted: 0
  - Attachments inserted: 0
  - Env info inserted: 0
  - Errors: 1
Synced 0 records from be190e14-c700-488b-84b3-210e351880c3 (56 tool calls extracted)
Errors in be190e14-c700-488b-84b3-210e351880c3: [
  TypeError: The database connection is not open
      at sqliteTransaction (/home/joshf/mem-sqlite/node_modules/better-sqlite3/lib/methods/transaction.js:63:9)
      at <anonymous> (/home/joshf/mem-sqlite/sync_engine/execute/database.ts:311:7)
      at retryDatabaseOperation (/home/joshf/mem-sqlite/sync_engine/execute/database.ts:163:14)
      at executeParsedEntries (/home/joshf/mem-sqlite/sync_engine/execute/database.ts:193:10)
      at processJsonlFile (/home/joshf/mem-sqlite/sync_engine/claude_code/index.ts:69:20)
      at runClaudeCodeSync (/home/joshf/mem-sqlite/sync_engine/claude_code/index.ts:112:13)
      at async sync (/home/joshf/mem-sqlite/cli.ts:19:3)
      at async main (/home/joshf/mem-sqlite/cli.ts:56:7)
]
DEBUG: Processing JSONL file: /home/joshf/.claude/projects/-home-joshf-Guardian/bede0b96-3ad9-43d9-a73c-58b5fb8aefee.jsonl
DEBUG: Extracted session ID: bede0b96-3ad9-43d9-a73c-58b5fb8aefee
DEBUG: File size: 0.00 MB
DEBUG: Reading file content from: /home/joshf/.claude/projects/-home-joshf-Guardian/bede0b96-3ad9-43d9-a73c-58b5fb8aefee.jsonl
DEBUG: File content length: 3235 characters
DEBUG: Found 5 non-empty lines
DEBUG: Parsed 5 JSON messages
DEBUG: Parsing stats - total: 5, messages: 5, toolUses: 0, toolResults: 0, errors: 0, skipped: 0
DEBUG: Database operation complete:
  - Messages inserted: 0, updated: 0
  - Tool uses inserted: 0
  - Tool results inserted: 0
  - Attachments inserted: 0
  - Env info inserted: 0
  - Errors: 1
Synced 0 records from bede0b96-3ad9-43d9-a73c-58b5fb8aefee (0 tool calls extracted)
Errors in bede0b96-3ad9-43d9-a73c-58b5fb8aefee: [
  TypeError: The database connection is not open
      at sqliteTransaction (/home/joshf/mem-sqlite/node_modules/better-sqlite3/lib/methods/transaction.js:63:9)
      at <anonymous> (/home/joshf/mem-sqlite/sync_engine/execute/database.ts:311:7)
      at retryDatabaseOperation (/home/joshf/mem-sqlite/sync_engine/execute/database.ts:163:14)
      at executeParsedEntries (/home/joshf/mem-sqlite/sync_engine/execute/database.ts:193:10)
      at processJsonlFile (/home/joshf/mem-sqlite/sync_engine/claude_code/index.ts:69:20)
      at runClaudeCodeSync (/home/joshf/mem-sqlite/sync_engine/claude_code/index.ts:112:13)
      at async sync (/home/joshf/mem-sqlite/cli.ts:19:3)
      at async main (/home/joshf/mem-sqlite/cli.ts:56:7)
]
DEBUG: Processing JSONL file: /home/joshf/.claude/projects/-home-joshf-Guardian/c3bbf5d8-bcfd-41ba-b382-ef3bcc204035.jsonl
DEBUG: Extracted session ID: c3bbf5d8-bcfd-41ba-b382-ef3bcc204035
DEBUG: File size: 0.93 MB
DEBUG: Reading file content from: /home/joshf/.claude/projects/-home-joshf-Guardian/c3bbf5d8-bcfd-41ba-b382-ef3bcc204035.jsonl
DEBUG: File content length: 962620 characters
DEBUG: Found 363 non-empty lines
DEBUG: Parsed 363 JSON messages
DEBUG: Parsing stats - total: 363, messages: 114, toolUses: 125, toolResults: 125, errors: 0, skipped: 249
DEBUG: Database operation complete:
  - Messages inserted: 0, updated: 0
  - Tool uses inserted: 0
  - Tool results inserted: 0
  - Attachments inserted: 0
  - Env info inserted: 0
  - Errors: 1
Synced 0 records from c3bbf5d8-bcfd-41ba-b382-ef3bcc204035 (125 tool calls extracted)
Errors in c3bbf5d8-bcfd-41ba-b382-ef3bcc204035: [
  TypeError: The database connection is not open
      at sqliteTransaction (/home/joshf/mem-sqlite/node_modules/better-sqlite3/lib/methods/transaction.js:63:9)
      at <anonymous> (/home/joshf/mem-sqlite/sync_engine/execute/database.ts:311:7)
      at retryDatabaseOperation (/home/joshf/mem-sqlite/sync_engine/execute/database.ts:163:14)
      at executeParsedEntries (/home/joshf/mem-sqlite/sync_engine/execute/database.ts:193:10)
      at processJsonlFile (/home/joshf/mem-sqlite/sync_engine/claude_code/index.ts:69:20)
      at runClaudeCodeSync (/home/joshf/mem-sqlite/sync_engine/claude_code/index.ts:112:13)
      at async sync (/home/joshf/mem-sqlite/cli.ts:19:3)
      at async main (/home/joshf/mem-sqlite/cli.ts:56:7)
]
DEBUG: Processing JSONL file: /home/joshf/.claude/projects/-home-joshf-Guardian/c57fc21f-8d97-4d58-aa55-dc41299adb30.jsonl
DEBUG: Extracted session ID: c57fc21f-8d97-4d58-aa55-dc41299adb30
DEBUG: File size: 0.34 MB
DEBUG: Reading file content from: /home/joshf/.claude/projects/-home-joshf-Guardian/c57fc21f-8d97-4d58-aa55-dc41299adb30.jsonl
DEBUG: File content length: 351964 characters
DEBUG: Found 159 non-empty lines
DEBUG: Parsed 159 JSON messages
DEBUG: Parsing stats - total: 159, messages: 55, toolUses: 52, toolResults: 52, errors: 0, skipped: 104
DEBUG: Database operation complete:
  - Messages inserted: 0, updated: 0
  - Tool uses inserted: 0
  - Tool results inserted: 0
  - Attachments inserted: 0
  - Env info inserted: 0
  - Errors: 1
Synced 0 records from c57fc21f-8d97-4d58-aa55-dc41299adb30 (52 tool calls extracted)
Errors in c57fc21f-8d97-4d58-aa55-dc41299adb30: [
  TypeError: The database connection is not open
      at sqliteTransaction (/home/joshf/mem-sqlite/node_modules/better-sqlite3/lib/methods/transaction.js:63:9)
      at <anonymous> (/home/joshf/mem-sqlite/sync_engine/execute/database.ts:311:7)
      at retryDatabaseOperation (/home/joshf/mem-sqlite/sync_engine/execute/database.ts:163:14)
      at executeParsedEntries (/home/joshf/mem-sqlite/sync_engine/execute/database.ts:193:10)
      at processJsonlFile (/home/joshf/mem-sqlite/sync_engine/claude_code/index.ts:69:20)
      at runClaudeCodeSync (/home/joshf/mem-sqlite/sync_engine/claude_code/index.ts:112:13)
      at async sync (/home/joshf/mem-sqlite/cli.ts:19:3)
      at async main (/home/joshf/mem-sqlite/cli.ts:56:7)
]
DEBUG: Processing JSONL file: /home/joshf/.claude/projects/-home-joshf-Guardian/dbff0462-765c-4fac-a4c6-4b9198444593.jsonl
DEBUG: Extracted session ID: dbff0462-765c-4fac-a4c6-4b9198444593
DEBUG: File size: 0.68 MB
DEBUG: Reading file content from: /home/joshf/.claude/projects/-home-joshf-Guardian/dbff0462-765c-4fac-a4c6-4b9198444593.jsonl
DEBUG: File content length: 706218 characters
DEBUG: Found 195 non-empty lines
DEBUG: Parsed 195 JSON messages
DEBUG: Parsing stats - total: 195, messages: 49, toolUses: 73, toolResults: 73, errors: 0, skipped: 146
DEBUG: Database operation complete:
  - Messages inserted: 0, updated: 0
  - Tool uses inserted: 0
  - Tool results inserted: 0
  - Attachments inserted: 0
  - Env info inserted: 0
  - Errors: 1
Synced 0 records from dbff0462-765c-4fac-a4c6-4b9198444593 (73 tool calls extracted)
Errors in dbff0462-765c-4fac-a4c6-4b9198444593: [
  TypeError: The database connection is not open
      at sqliteTransaction (/home/joshf/mem-sqlite/node_modules/better-sqlite3/lib/methods/transaction.js:63:9)
      at <anonymous> (/home/joshf/mem-sqlite/sync_engine/execute/database.ts:311:7)
      at retryDatabaseOperation (/home/joshf/mem-sqlite/sync_engine/execute/database.ts:163:14)
      at executeParsedEntries (/home/joshf/mem-sqlite/sync_engine/execute/database.ts:193:10)
      at processJsonlFile (/home/joshf/mem-sqlite/sync_engine/claude_code/index.ts:69:20)
      at runClaudeCodeSync (/home/joshf/mem-sqlite/sync_engine/claude_code/index.ts:112:13)
      at async sync (/home/joshf/mem-sqlite/cli.ts:19:3)
      at async main (/home/joshf/mem-sqlite/cli.ts:56:7)
]
DEBUG: Processing JSONL file: /home/joshf/.claude/projects/-home-joshf-Guardian/df290452-4d3d-4868-9db8-c44057d33474.jsonl
DEBUG: Extracted session ID: df290452-4d3d-4868-9db8-c44057d33474
DEBUG: File size: 0.30 MB
DEBUG: Reading file content from: /home/joshf/.claude/projects/-home-joshf-Guardian/df290452-4d3d-4868-9db8-c44057d33474.jsonl
DEBUG: File content length: 315800 characters
DEBUG: Found 223 non-empty lines
DEBUG: Parsed 223 JSON messages
DEBUG: Parsing stats - total: 223, messages: 59, toolUses: 67, toolResults: 67, errors: 0, skipped: 164
DEBUG: Database operation complete:
  - Messages inserted: 0, updated: 0
  - Tool uses inserted: 0
  - Tool results inserted: 0
  - Attachments inserted: 0
  - Env info inserted: 0
  - Errors: 1
Synced 0 records from df290452-4d3d-4868-9db8-c44057d33474 (67 tool calls extracted)
Errors in df290452-4d3d-4868-9db8-c44057d33474: [
  TypeError: The database connection is not open
      at sqliteTransaction (/home/joshf/mem-sqlite/node_modules/better-sqlite3/lib/methods/transaction.js:63:9)
      at <anonymous> (/home/joshf/mem-sqlite/sync_engine/execute/database.ts:311:7)
      at retryDatabaseOperation (/home/joshf/mem-sqlite/sync_engine/execute/database.ts:163:14)
      at executeParsedEntries (/home/joshf/mem-sqlite/sync_engine/execute/database.ts:193:10)
      at processJsonlFile (/home/joshf/mem-sqlite/sync_engine/claude_code/index.ts:69:20)
      at runClaudeCodeSync (/home/joshf/mem-sqlite/sync_engine/claude_code/index.ts:112:13)
      at async sync (/home/joshf/mem-sqlite/cli.ts:19:3)
      at async main (/home/joshf/mem-sqlite/cli.ts:56:7)
]
DEBUG: Processing JSONL file: /home/joshf/.claude/projects/-home-joshf-Guardian/e1a37d0b-5cae-4afc-9085-74a1b2a40cb7.jsonl
DEBUG: Extracted session ID: e1a37d0b-5cae-4afc-9085-74a1b2a40cb7
DEBUG: File size: 1.15 MB
DEBUG: Reading file content from: /home/joshf/.claude/projects/-home-joshf-Guardian/e1a37d0b-5cae-4afc-9085-74a1b2a40cb7.jsonl
DEBUG: File content length: 1200565 characters
DEBUG: Found 350 non-empty lines
DEBUG: Parsed 350 JSON messages
DEBUG: Parsing stats - total: 350, messages: 107, toolUses: 122, toolResults: 122, errors: 0, skipped: 243
DEBUG: Database operation complete:
  - Messages inserted: 0, updated: 0
  - Tool uses inserted: 0
  - Tool results inserted: 0
  - Attachments inserted: 0
  - Env info inserted: 0
  - Errors: 1
Synced 0 records from e1a37d0b-5cae-4afc-9085-74a1b2a40cb7 (122 tool calls extracted)
Errors in e1a37d0b-5cae-4afc-9085-74a1b2a40cb7: [
  TypeError: The database connection is not open
      at sqliteTransaction (/home/joshf/mem-sqlite/node_modules/better-sqlite3/lib/methods/transaction.js:63:9)
      at <anonymous> (/home/joshf/mem-sqlite/sync_engine/execute/database.ts:311:7)
      at retryDatabaseOperation (/home/joshf/mem-sqlite/sync_engine/execute/database.ts:163:14)
      at executeParsedEntries (/home/joshf/mem-sqlite/sync_engine/execute/database.ts:193:10)
      at processJsonlFile (/home/joshf/mem-sqlite/sync_engine/claude_code/index.ts:69:20)
      at runClaudeCodeSync (/home/joshf/mem-sqlite/sync_engine/claude_code/index.ts:112:13)
      at async sync (/home/joshf/mem-sqlite/cli.ts:19:3)
      at async main (/home/joshf/mem-sqlite/cli.ts:56:7)
]
DEBUG: Processing JSONL file: /home/joshf/.claude/projects/-home-joshf-Guardian/e303e621-ba43-40c5-8254-ec9304449bea.jsonl
DEBUG: Extracted session ID: e303e621-ba43-40c5-8254-ec9304449bea
DEBUG: File size: 1.11 MB
DEBUG: Reading file content from: /home/joshf/.claude/projects/-home-joshf-Guardian/e303e621-ba43-40c5-8254-ec9304449bea.jsonl
DEBUG: File content length: 1158098 characters
DEBUG: Found 374 non-empty lines
DEBUG: Parsed 374 JSON messages
DEBUG: Parsing stats - total: 374, messages: 136, toolUses: 119, toolResults: 119, errors: 0, skipped: 238
DEBUG: Database operation complete:
  - Messages inserted: 0, updated: 0
  - Tool uses inserted: 0
  - Tool results inserted: 0
  - Attachments inserted: 0
  - Env info inserted: 0
  - Errors: 1
Synced 0 records from e303e621-ba43-40c5-8254-ec9304449bea (119 tool calls extracted)
Errors in e303e621-ba43-40c5-8254-ec9304449bea: [
  TypeError: The database connection is not open
      at sqliteTransaction (/home/joshf/mem-sqlite/node_modules/better-sqlite3/lib/methods/transaction.js:63:9)
      at <anonymous> (/home/joshf/mem-sqlite/sync_engine/execute/database.ts:311:7)
      at retryDatabaseOperation (/home/joshf/mem-sqlite/sync_engine/execute/database.ts:163:14)
      at executeParsedEntries (/home/joshf/mem-sqlite/sync_engine/execute/database.ts:193:10)
      at processJsonlFile (/home/joshf/mem-sqlite/sync_engine/claude_code/index.ts:69:20)
      at runClaudeCodeSync (/home/joshf/mem-sqlite/sync_engine/claude_code/index.ts:112:13)
      at async sync (/home/joshf/mem-sqlite/cli.ts:19:3)
      at async main (/home/joshf/mem-sqlite/cli.ts:56:7)
]
DEBUG: Processing JSONL file: /home/joshf/.claude/projects/-home-joshf-Guardian/e73892ba-5062-4f18-9a6c-ea03331812a4.jsonl
DEBUG: Extracted session ID: e73892ba-5062-4f18-9a6c-ea03331812a4
DEBUG: File size: 0.49 MB
DEBUG: Reading file content from: /home/joshf/.claude/projects/-home-joshf-Guardian/e73892ba-5062-4f18-9a6c-ea03331812a4.jsonl
DEBUG: File content length: 507635 characters
DEBUG: Found 176 non-empty lines
DEBUG: Parsed 176 JSON messages
DEBUG: Parsing stats - total: 176, messages: 55, toolUses: 61, toolResults: 61, errors: 0, skipped: 121
DEBUG: Database operation complete:
  - Messages inserted: 0, updated: 0
  - Tool uses inserted: 0
  - Tool results inserted: 0
  - Attachments inserted: 0
  - Env info inserted: 0
  - Errors: 1
Synced 0 records from e73892ba-5062-4f18-9a6c-ea03331812a4 (61 tool calls extracted)
Errors in e73892ba-5062-4f18-9a6c-ea03331812a4: [
  TypeError: The database connection is not open
      at sqliteTransaction (/home/joshf/mem-sqlite/node_modules/better-sqlite3/lib/methods/transaction.js:63:9)
      at <anonymous> (/home/joshf/mem-sqlite/sync_engine/execute/database.ts:311:7)
      at retryDatabaseOperation (/home/joshf/mem-sqlite/sync_engine/execute/database.ts:163:14)
      at executeParsedEntries (/home/joshf/mem-sqlite/sync_engine/execute/database.ts:193:10)
      at processJsonlFile (/home/joshf/mem-sqlite/sync_engine/claude_code/index.ts:69:20)
      at runClaudeCodeSync (/home/joshf/mem-sqlite/sync_engine/claude_code/index.ts:112:13)
      at async sync (/home/joshf/mem-sqlite/cli.ts:19:3)
      at async main (/home/joshf/mem-sqlite/cli.ts:56:7)
]
DEBUG: Processing JSONL file: /home/joshf/.claude/projects/-home-joshf-Guardian/eba3ffca-3bda-4266-9ea6-4e6a40ee2779.jsonl
DEBUG: Extracted session ID: eba3ffca-3bda-4266-9ea6-4e6a40ee2779
DEBUG: File size: 0.20 MB
DEBUG: Reading file content from: /home/joshf/.claude/projects/-home-joshf-Guardian/eba3ffca-3bda-4266-9ea6-4e6a40ee2779.jsonl
DEBUG: File content length: 208694 characters
DEBUG: Found 108 non-empty lines
DEBUG: Parsed 108 JSON messages
DEBUG: Parsing stats - total: 108, messages: 36, toolUses: 36, toolResults: 36, errors: 0, skipped: 72
DEBUG: Database operation complete:
  - Messages inserted: 0, updated: 0
  - Tool uses inserted: 0
  - Tool results inserted: 0
  - Attachments inserted: 0
  - Env info inserted: 0
  - Errors: 1
Synced 0 records from eba3ffca-3bda-4266-9ea6-4e6a40ee2779 (36 tool calls extracted)
Errors in eba3ffca-3bda-4266-9ea6-4e6a40ee2779: [
  TypeError: The database connection is not open
      at sqliteTransaction (/home/joshf/mem-sqlite/node_modules/better-sqlite3/lib/methods/transaction.js:63:9)
      at <anonymous> (/home/joshf/mem-sqlite/sync_engine/execute/database.ts:311:7)
      at retryDatabaseOperation (/home/joshf/mem-sqlite/sync_engine/execute/database.ts:163:14)
      at executeParsedEntries (/home/joshf/mem-sqlite/sync_engine/execute/database.ts:193:10)
      at processJsonlFile (/home/joshf/mem-sqlite/sync_engine/claude_code/index.ts:69:20)
      at runClaudeCodeSync (/home/joshf/mem-sqlite/sync_engine/claude_code/index.ts:112:13)
      at async sync (/home/joshf/mem-sqlite/cli.ts:19:3)
      at async main (/home/joshf/mem-sqlite/cli.ts:56:7)
]
DEBUG: Processing JSONL file: /home/joshf/.claude/projects/-home-joshf-Guardian/f24f4605-1d0e-4540-90fe-4abff8212677.jsonl
DEBUG: Extracted session ID: f24f4605-1d0e-4540-90fe-4abff8212677
DEBUG: File size: 0.85 MB
DEBUG: Reading file content from: /home/joshf/.claude/projects/-home-joshf-Guardian/f24f4605-1d0e-4540-90fe-4abff8212677.jsonl
DEBUG: File content length: 880955 characters
DEBUG: Found 212 non-empty lines
DEBUG: Parsed 212 JSON messages
DEBUG: Parsing stats - total: 212, messages: 64, toolUses: 74, toolResults: 74, errors: 0, skipped: 148
DEBUG: Database operation complete:
  - Messages inserted: 0, updated: 0
  - Tool uses inserted: 0
  - Tool results inserted: 0
  - Attachments inserted: 0
  - Env info inserted: 0
  - Errors: 1
Synced 0 records from f24f4605-1d0e-4540-90fe-4abff8212677 (74 tool calls extracted)
Errors in f24f4605-1d0e-4540-90fe-4abff8212677: [
  TypeError: The database connection is not open
      at sqliteTransaction (/home/joshf/mem-sqlite/node_modules/better-sqlite3/lib/methods/transaction.js:63:9)
      at <anonymous> (/home/joshf/mem-sqlite/sync_engine/execute/database.ts:311:7)
      at retryDatabaseOperation (/home/joshf/mem-sqlite/sync_engine/execute/database.ts:163:14)
      at executeParsedEntries (/home/joshf/mem-sqlite/sync_engine/execute/database.ts:193:10)
      at processJsonlFile (/home/joshf/mem-sqlite/sync_engine/claude_code/index.ts:69:20)
      at runClaudeCodeSync (/home/joshf/mem-sqlite/sync_engine/claude_code/index.ts:112:13)
      at async sync (/home/joshf/mem-sqlite/cli.ts:19:3)
      at async main (/home/joshf/mem-sqlite/cli.ts:56:7)
]
DEBUG: Processing JSONL file: /home/joshf/.claude/projects/-home-joshf-Guardian/f5a91ecb-6cca-4909-8c1c-6acb73c14e4c.jsonl
DEBUG: Extracted session ID: f5a91ecb-6cca-4909-8c1c-6acb73c14e4c
DEBUG: File size: 1.44 MB
DEBUG: Reading file content from: /home/joshf/.claude/projects/-home-joshf-Guardian/f5a91ecb-6cca-4909-8c1c-6acb73c14e4c.jsonl
DEBUG: File content length: 1505833 characters
DEBUG: Found 372 non-empty lines
DEBUG: Parsed 372 JSON messages
DEBUG: Parsing stats - total: 372, messages: 100, toolUses: 136, toolResults: 136, errors: 0, skipped: 272
DEBUG: Database operation complete:
  - Messages inserted: 0, updated: 0
  - Tool uses inserted: 0
  - Tool results inserted: 0
  - Attachments inserted: 0
  - Env info inserted: 0
  - Errors: 1
Synced 0 records from f5a91ecb-6cca-4909-8c1c-6acb73c14e4c (136 tool calls extracted)
Errors in f5a91ecb-6cca-4909-8c1c-6acb73c14e4c: [
  TypeError: The database connection is not open
      at sqliteTransaction (/home/joshf/mem-sqlite/node_modules/better-sqlite3/lib/methods/transaction.js:63:9)
      at <anonymous> (/home/joshf/mem-sqlite/sync_engine/execute/database.ts:311:7)
      at retryDatabaseOperation (/home/joshf/mem-sqlite/sync_engine/execute/database.ts:163:14)
      at executeParsedEntries (/home/joshf/mem-sqlite/sync_engine/execute/database.ts:193:10)
      at processJsonlFile (/home/joshf/mem-sqlite/sync_engine/claude_code/index.ts:69:20)
      at runClaudeCodeSync (/home/joshf/mem-sqlite/sync_engine/claude_code/index.ts:112:13)
      at async sync (/home/joshf/mem-sqlite/cli.ts:19:3)
      at async main (/home/joshf/mem-sqlite/cli.ts:56:7)
]
DEBUG: Processing JSONL file: /home/joshf/.claude/projects/-home-joshf-Guardian/f886ae62-fffc-4a50-8927-80e6d1e11951.jsonl
DEBUG: Extracted session ID: f886ae62-fffc-4a50-8927-80e6d1e11951
DEBUG: File size: 0.90 MB
DEBUG: Reading file content from: /home/joshf/.claude/projects/-home-joshf-Guardian/f886ae62-fffc-4a50-8927-80e6d1e11951.jsonl
DEBUG: File content length: 936877 characters
DEBUG: Found 151 non-empty lines
DEBUG: Parsed 151 JSON messages
DEBUG: Parsing stats - total: 151, messages: 49, toolUses: 51, toolResults: 51, errors: 0, skipped: 102
DEBUG: Database operation complete:
  - Messages inserted: 0, updated: 0
  - Tool uses inserted: 0
  - Tool results inserted: 0
  - Attachments inserted: 0
  - Env info inserted: 0
  - Errors: 1
Synced 0 records from f886ae62-fffc-4a50-8927-80e6d1e11951 (51 tool calls extracted)
Errors in f886ae62-fffc-4a50-8927-80e6d1e11951: [
  TypeError: The database connection is not open
      at sqliteTransaction (/home/joshf/mem-sqlite/node_modules/better-sqlite3/lib/methods/transaction.js:63:9)
      at <anonymous> (/home/joshf/mem-sqlite/sync_engine/execute/database.ts:311:7)
      at retryDatabaseOperation (/home/joshf/mem-sqlite/sync_engine/execute/database.ts:163:14)
      at executeParsedEntries (/home/joshf/mem-sqlite/sync_engine/execute/database.ts:193:10)
      at processJsonlFile (/home/joshf/mem-sqlite/sync_engine/claude_code/index.ts:69:20)
      at runClaudeCodeSync (/home/joshf/mem-sqlite/sync_engine/claude_code/index.ts:112:13)
      at async sync (/home/joshf/mem-sqlite/cli.ts:19:3)
      at async main (/home/joshf/mem-sqlite/cli.ts:56:7)
]
DEBUG: Processing JSONL file: /home/joshf/.claude/projects/-home-joshf-Guardian/f8b63ba0-043c-47ee-b3c6-49e152fb611f.jsonl
DEBUG: Extracted session ID: f8b63ba0-043c-47ee-b3c6-49e152fb611f
DEBUG: File size: 0.18 MB
DEBUG: Reading file content from: /home/joshf/.claude/projects/-home-joshf-Guardian/f8b63ba0-043c-47ee-b3c6-49e152fb611f.jsonl
DEBUG: File content length: 192861 characters
DEBUG: Found 89 non-empty lines
DEBUG: Parsed 89 JSON messages
DEBUG: Parsing stats - total: 89, messages: 35, toolUses: 27, toolResults: 27, errors: 0, skipped: 54
DEBUG: Database operation complete:
  - Messages inserted: 0, updated: 0
  - Tool uses inserted: 0
  - Tool results inserted: 0
  - Attachments inserted: 0
  - Env info inserted: 0
  - Errors: 1
Synced 0 records from f8b63ba0-043c-47ee-b3c6-49e152fb611f (27 tool calls extracted)
Errors in f8b63ba0-043c-47ee-b3c6-49e152fb611f: [
  TypeError: The database connection is not open
      at sqliteTransaction (/home/joshf/mem-sqlite/node_modules/better-sqlite3/lib/methods/transaction.js:63:9)
      at <anonymous> (/home/joshf/mem-sqlite/sync_engine/execute/database.ts:311:7)
      at retryDatabaseOperation (/home/joshf/mem-sqlite/sync_engine/execute/database.ts:163:14)
      at executeParsedEntries (/home/joshf/mem-sqlite/sync_engine/execute/database.ts:193:10)
      at processJsonlFile (/home/joshf/mem-sqlite/sync_engine/claude_code/index.ts:69:20)
      at runClaudeCodeSync (/home/joshf/mem-sqlite/sync_engine/claude_code/index.ts:112:13)
      at async sync (/home/joshf/mem-sqlite/cli.ts:19:3)
      at async main (/home/joshf/mem-sqlite/cli.ts:56:7)
]
DEBUG: Processing JSONL file: /home/joshf/.claude/projects/-home-joshf-Guardian/fb814489-00d9-4f24-8167-4cf66ee7ecb3.jsonl
DEBUG: Extracted session ID: fb814489-00d9-4f24-8167-4cf66ee7ecb3
DEBUG: File size: 0.14 MB
DEBUG: Reading file content from: /home/joshf/.claude/projects/-home-joshf-Guardian/fb814489-00d9-4f24-8167-4cf66ee7ecb3.jsonl
DEBUG: File content length: 142068 characters
DEBUG: Found 46 non-empty lines
DEBUG: Parsed 46 JSON messages
DEBUG: Parsing stats - total: 46, messages: 20, toolUses: 13, toolResults: 13, errors: 1, skipped: 26
DEBUG: Database operation complete:
  - Messages inserted: 0, updated: 0
  - Tool uses inserted: 0
  - Tool results inserted: 0
  - Attachments inserted: 0
  - Env info inserted: 0
  - Errors: 1
Synced 0 records from fb814489-00d9-4f24-8167-4cf66ee7ecb3 (13 tool calls extracted)
Errors in fb814489-00d9-4f24-8167-4cf66ee7ecb3: [
  TypeError: The database connection is not open
      at sqliteTransaction (/home/joshf/mem-sqlite/node_modules/better-sqlite3/lib/methods/transaction.js:63:9)
      at <anonymous> (/home/joshf/mem-sqlite/sync_engine/execute/database.ts:311:7)
      at retryDatabaseOperation (/home/joshf/mem-sqlite/sync_engine/execute/database.ts:163:14)
      at executeParsedEntries (/home/joshf/mem-sqlite/sync_engine/execute/database.ts:193:10)
      at processJsonlFile (/home/joshf/mem-sqlite/sync_engine/claude_code/index.ts:69:20)
      at runClaudeCodeSync (/home/joshf/mem-sqlite/sync_engine/claude_code/index.ts:112:13)
      at async sync (/home/joshf/mem-sqlite/cli.ts:19:3)
      at async main (/home/joshf/mem-sqlite/cli.ts:56:7)
]
DEBUG: Processing JSONL file: /home/joshf/.claude/projects/-home-joshf-Guardian/fe00a454-9fd8-4aaa-9bf3-f23287cde6f5.jsonl
DEBUG: Extracted session ID: fe00a454-9fd8-4aaa-9bf3-f23287cde6f5
DEBUG: File size: 1.56 MB
DEBUG: Reading file content from: /home/joshf/.claude/projects/-home-joshf-Guardian/fe00a454-9fd8-4aaa-9bf3-f23287cde6f5.jsonl
DEBUG: File content length: 1632605 characters
DEBUG: Found 504 non-empty lines
DEBUG: Parsed 504 JSON messages
DEBUG: Parsing stats - total: 504, messages: 148, toolUses: 172, toolResults: 172, errors: 0, skipped: 356
DEBUG: Database operation complete:
  - Messages inserted: 0, updated: 0
  - Tool uses inserted: 0
  - Tool results inserted: 0
  - Attachments inserted: 0
  - Env info inserted: 0
  - Errors: 1
Synced 0 records from fe00a454-9fd8-4aaa-9bf3-f23287cde6f5 (172 tool calls extracted)
Errors in fe00a454-9fd8-4aaa-9bf3-f23287cde6f5: [
  TypeError: The database connection is not open
      at sqliteTransaction (/home/joshf/mem-sqlite/node_modules/better-sqlite3/lib/methods/transaction.js:63:9)
      at <anonymous> (/home/joshf/mem-sqlite/sync_engine/execute/database.ts:311:7)
      at retryDatabaseOperation (/home/joshf/mem-sqlite/sync_engine/execute/database.ts:163:14)
      at executeParsedEntries (/home/joshf/mem-sqlite/sync_engine/execute/database.ts:193:10)
      at processJsonlFile (/home/joshf/mem-sqlite/sync_engine/claude_code/index.ts:69:20)
      at runClaudeCodeSync (/home/joshf/mem-sqlite/sync_engine/claude_code/index.ts:112:13)
      at async sync (/home/joshf/mem-sqlite/cli.ts:19:3)
      at async main (/home/joshf/mem-sqlite/cli.ts:56:7)
]
DEBUG: Processing JSONL file: /home/joshf/.claude/projects/-home-joshf-Guardian/fea4f594-9768-4477-9032-57a5d4225dc4.jsonl
DEBUG: Extracted session ID: fea4f594-9768-4477-9032-57a5d4225dc4
DEBUG: File size: 0.15 MB
DEBUG: Reading file content from: /home/joshf/.claude/projects/-home-joshf-Guardian/fea4f594-9768-4477-9032-57a5d4225dc4.jsonl
DEBUG: File content length: 160372 characters
DEBUG: Found 123 non-empty lines
DEBUG: Parsed 123 JSON messages
DEBUG: Parsing stats - total: 123, messages: 81, toolUses: 21, toolResults: 21, errors: 65, skipped: 42
DEBUG: Database operation complete:
  - Messages inserted: 0, updated: 0
  - Tool uses inserted: 0
  - Tool results inserted: 0
  - Attachments inserted: 0
  - Env info inserted: 0
  - Errors: 1
Synced 0 records from fea4f594-9768-4477-9032-57a5d4225dc4 (21 tool calls extracted)
Errors in fea4f594-9768-4477-9032-57a5d4225dc4: [
  TypeError: The database connection is not open
      at sqliteTransaction (/home/joshf/mem-sqlite/node_modules/better-sqlite3/lib/methods/transaction.js:63:9)
      at <anonymous> (/home/joshf/mem-sqlite/sync_engine/execute/database.ts:311:7)
      at retryDatabaseOperation (/home/joshf/mem-sqlite/sync_engine/execute/database.ts:163:14)
      at executeParsedEntries (/home/joshf/mem-sqlite/sync_engine/execute/database.ts:193:10)
      at processJsonlFile (/home/joshf/mem-sqlite/sync_engine/claude_code/index.ts:69:20)
      at runClaudeCodeSync (/home/joshf/mem-sqlite/sync_engine/claude_code/index.ts:112:13)
      at async sync (/home/joshf/mem-sqlite/cli.ts:19:3)
      at async main (/home/joshf/mem-sqlite/cli.ts:56:7)
]
DEBUG: Processing JSONL file: /home/joshf/.claude/projects/-home-joshf-ai-buddy/1133ae76-282a-4c02-b599-20157e31d452.jsonl
DEBUG: Extracted session ID: 1133ae76-282a-4c02-b599-20157e31d452
DEBUG: File size: 0.00 MB
DEBUG: Reading file content from: /home/joshf/.claude/projects/-home-joshf-ai-buddy/1133ae76-282a-4c02-b599-20157e31d452.jsonl
DEBUG: File content length: 262 characters
DEBUG: Found 2 non-empty lines
DEBUG: Parsed 2 JSON messages
DEBUG: Parsing stats - total: 2, messages: 2, toolUses: 0, toolResults: 0, errors: 2, skipped: 0
DEBUG: Database operation complete:
  - Messages inserted: 0, updated: 0
  - Tool uses inserted: 0
  - Tool results inserted: 0
  - Attachments inserted: 0
  - Env info inserted: 0
  - Errors: 1
Synced 0 records from 1133ae76-282a-4c02-b599-20157e31d452 (0 tool calls extracted)
Errors in 1133ae76-282a-4c02-b599-20157e31d452: [
  TypeError: The database connection is not open
      at sqliteTransaction (/home/joshf/mem-sqlite/node_modules/better-sqlite3/lib/methods/transaction.js:63:9)
      at <anonymous> (/home/joshf/mem-sqlite/sync_engine/execute/database.ts:311:7)
      at retryDatabaseOperation (/home/joshf/mem-sqlite/sync_engine/execute/database.ts:163:14)
      at executeParsedEntries (/home/joshf/mem-sqlite/sync_engine/execute/database.ts:193:10)
      at processJsonlFile (/home/joshf/mem-sqlite/sync_engine/claude_code/index.ts:69:20)
      at runClaudeCodeSync (/home/joshf/mem-sqlite/sync_engine/claude_code/index.ts:112:13)
      at async sync (/home/joshf/mem-sqlite/cli.ts:19:3)
      at async main (/home/joshf/mem-sqlite/cli.ts:56:7)
]
DEBUG: Processing JSONL file: /home/joshf/.claude/projects/-home-joshf-ai-buddy/707d2600-da89-461e-b404-5de1c4833412.jsonl
DEBUG: Extracted session ID: 707d2600-da89-461e-b404-5de1c4833412
DEBUG: File size: 0.01 MB
DEBUG: Reading file content from: /home/joshf/.claude/projects/-home-joshf-ai-buddy/707d2600-da89-461e-b404-5de1c4833412.jsonl
DEBUG: File content length: 10805 characters
DEBUG: Found 12 non-empty lines
DEBUG: Parsed 12 JSON messages
DEBUG: Parsing stats - total: 12, messages: 6, toolUses: 3, toolResults: 3, errors: 1, skipped: 6
DEBUG: Database operation complete:
  - Messages inserted: 0, updated: 0
  - Tool uses inserted: 0
  - Tool results inserted: 0
  - Attachments inserted: 0
  - Env info inserted: 0
  - Errors: 1
Synced 0 records from 707d2600-da89-461e-b404-5de1c4833412 (3 tool calls extracted)
Errors in 707d2600-da89-461e-b404-5de1c4833412: [
  TypeError: The database connection is not open
      at sqliteTransaction (/home/joshf/mem-sqlite/node_modules/better-sqlite3/lib/methods/transaction.js:63:9)
      at <anonymous> (/home/joshf/mem-sqlite/sync_engine/execute/database.ts:311:7)
      at retryDatabaseOperation (/home/joshf/mem-sqlite/sync_engine/execute/database.ts:163:14)
      at executeParsedEntries (/home/joshf/mem-sqlite/sync_engine/execute/database.ts:193:10)
      at processJsonlFile (/home/joshf/mem-sqlite/sync_engine/claude_code/index.ts:69:20)
      at runClaudeCodeSync (/home/joshf/mem-sqlite/sync_engine/claude_code/index.ts:112:13)
      at async sync (/home/joshf/mem-sqlite/cli.ts:19:3)
      at async main (/home/joshf/mem-sqlite/cli.ts:56:7)
]
DEBUG: Processing JSONL file: /home/joshf/.claude/projects/-home-joshf-ai-buddy/c67bbbb0-11a8-47f2-aa09-71a1ed22dc9c.jsonl
DEBUG: Extracted session ID: c67bbbb0-11a8-47f2-aa09-71a1ed22dc9c
DEBUG: File size: 0.00 MB
DEBUG: Reading file content from: /home/joshf/.claude/projects/-home-joshf-ai-buddy/c67bbbb0-11a8-47f2-aa09-71a1ed22dc9c.jsonl
DEBUG: File content length: 3866 characters
DEBUG: Found 9 non-empty lines
DEBUG: Parsed 9 JSON messages
DEBUG: Parsing stats - total: 9, messages: 9, toolUses: 0, toolResults: 0, errors: 0, skipped: 0
DEBUG: Database operation complete:
  - Messages inserted: 0, updated: 0
  - Tool uses inserted: 0
  - Tool results inserted: 0
  - Attachments inserted: 0
  - Env info inserted: 0
  - Errors: 1
Synced 0 records from c67bbbb0-11a8-47f2-aa09-71a1ed22dc9c (0 tool calls extracted)
Errors in c67bbbb0-11a8-47f2-aa09-71a1ed22dc9c: [
  TypeError: The database connection is not open
      at sqliteTransaction (/home/joshf/mem-sqlite/node_modules/better-sqlite3/lib/methods/transaction.js:63:9)
      at <anonymous> (/home/joshf/mem-sqlite/sync_engine/execute/database.ts:311:7)
      at retryDatabaseOperation (/home/joshf/mem-sqlite/sync_engine/execute/database.ts:163:14)
      at executeParsedEntries (/home/joshf/mem-sqlite/sync_engine/execute/database.ts:193:10)
      at processJsonlFile (/home/joshf/mem-sqlite/sync_engine/claude_code/index.ts:69:20)
      at runClaudeCodeSync (/home/joshf/mem-sqlite/sync_engine/claude_code/index.ts:112:13)
      at async sync (/home/joshf/mem-sqlite/cli.ts:19:3)
      at async main (/home/joshf/mem-sqlite/cli.ts:56:7)
]
DEBUG: Processing JSONL file: /home/joshf/.claude/projects/-home-joshf-ai-buddy/de8ed2f4-d50d-41a2-a8ee-cfb24bad325c.jsonl
DEBUG: Extracted session ID: de8ed2f4-d50d-41a2-a8ee-cfb24bad325c
DEBUG: File size: 0.04 MB
DEBUG: Reading file content from: /home/joshf/.claude/projects/-home-joshf-ai-buddy/de8ed2f4-d50d-41a2-a8ee-cfb24bad325c.jsonl
DEBUG: File content length: 39837 characters
DEBUG: Found 41 non-empty lines
DEBUG: Parsed 41 JSON messages
DEBUG: Parsing stats - total: 41, messages: 19, toolUses: 11, toolResults: 11, errors: 0, skipped: 22
DEBUG: Database operation complete:
  - Messages inserted: 0, updated: 0
  - Tool uses inserted: 0
  - Tool results inserted: 0
  - Attachments inserted: 0
  - Env info inserted: 0
  - Errors: 1
Synced 0 records from de8ed2f4-d50d-41a2-a8ee-cfb24bad325c (11 tool calls extracted)
Errors in de8ed2f4-d50d-41a2-a8ee-cfb24bad325c: [
  TypeError: The database connection is not open
      at sqliteTransaction (/home/joshf/mem-sqlite/node_modules/better-sqlite3/lib/methods/transaction.js:63:9)
      at <anonymous> (/home/joshf/mem-sqlite/sync_engine/execute/database.ts:311:7)
      at retryDatabaseOperation (/home/joshf/mem-sqlite/sync_engine/execute/database.ts:163:14)
      at executeParsedEntries (/home/joshf/mem-sqlite/sync_engine/execute/database.ts:193:10)
      at processJsonlFile (/home/joshf/mem-sqlite/sync_engine/claude_code/index.ts:69:20)
      at runClaudeCodeSync (/home/joshf/mem-sqlite/sync_engine/claude_code/index.ts:112:13)
      at async sync (/home/joshf/mem-sqlite/cli.ts:19:3)
      at async main (/home/joshf/mem-sqlite/cli.ts:56:7)
]
DEBUG: Processing JSONL file: /home/joshf/.claude/projects/-home-joshf-ai-buddy/ea93fa21-d8b8-4cf4-81b8-5094ef7daad1.jsonl
DEBUG: Extracted session ID: ea93fa21-d8b8-4cf4-81b8-5094ef7daad1
DEBUG: File size: 1.19 MB
DEBUG: Reading file content from: /home/joshf/.claude/projects/-home-joshf-ai-buddy/ea93fa21-d8b8-4cf4-81b8-5094ef7daad1.jsonl
DEBUG: File content length: 1242398 characters
DEBUG: Found 398 non-empty lines
DEBUG: Parsed 398 JSON messages
DEBUG: Parsing stats - total: 398, messages: 157, toolUses: 114, toolResults: 114, errors: 2, skipped: 241
DEBUG: Database operation complete:
  - Messages inserted: 0, updated: 0
  - Tool uses inserted: 0
  - Tool results inserted: 0
  - Attachments inserted: 0
  - Env info inserted: 0
  - Errors: 1
Synced 0 records from ea93fa21-d8b8-4cf4-81b8-5094ef7daad1 (114 tool calls extracted)
Errors in ea93fa21-d8b8-4cf4-81b8-5094ef7daad1: [
  TypeError: The database connection is not open
      at sqliteTransaction (/home/joshf/mem-sqlite/node_modules/better-sqlite3/lib/methods/transaction.js:63:9)
      at <anonymous> (/home/joshf/mem-sqlite/sync_engine/execute/database.ts:311:7)
      at retryDatabaseOperation (/home/joshf/mem-sqlite/sync_engine/execute/database.ts:163:14)
      at executeParsedEntries (/home/joshf/mem-sqlite/sync_engine/execute/database.ts:193:10)
      at processJsonlFile (/home/joshf/mem-sqlite/sync_engine/claude_code/index.ts:69:20)
      at runClaudeCodeSync (/home/joshf/mem-sqlite/sync_engine/claude_code/index.ts:112:13)
      at async sync (/home/joshf/mem-sqlite/cli.ts:19:3)
      at async main (/home/joshf/mem-sqlite/cli.ts:56:7)
]
DEBUG: Processing JSONL file: /home/joshf/.claude/projects/-home-joshf-bufo-blaster/2f756253-f3ff-449e-a90a-c8676e3f68dd.jsonl
DEBUG: Extracted session ID: 2f756253-f3ff-449e-a90a-c8676e3f68dd
DEBUG: File size: 1.06 MB
DEBUG: Reading file content from: /home/joshf/.claude/projects/-home-joshf-bufo-blaster/2f756253-f3ff-449e-a90a-c8676e3f68dd.jsonl
DEBUG: File content length: 1103192 characters
DEBUG: Found 417 non-empty lines
DEBUG: Parsed 417 JSON messages
DEBUG: Parsing stats - total: 417, messages: 147, toolUses: 135, toolResults: 135, errors: 0, skipped: 270
DEBUG: Database operation complete:
  - Messages inserted: 0, updated: 0
  - Tool uses inserted: 0
  - Tool results inserted: 0
  - Attachments inserted: 0
  - Env info inserted: 0
  - Errors: 1
Synced 0 records from 2f756253-f3ff-449e-a90a-c8676e3f68dd (135 tool calls extracted)
Errors in 2f756253-f3ff-449e-a90a-c8676e3f68dd: [
  TypeError: The database connection is not open
      at sqliteTransaction (/home/joshf/mem-sqlite/node_modules/better-sqlite3/lib/methods/transaction.js:63:9)
      at <anonymous> (/home/joshf/mem-sqlite/sync_engine/execute/database.ts:311:7)
      at retryDatabaseOperation (/home/joshf/mem-sqlite/sync_engine/execute/database.ts:163:14)
      at executeParsedEntries (/home/joshf/mem-sqlite/sync_engine/execute/database.ts:193:10)
      at processJsonlFile (/home/joshf/mem-sqlite/sync_engine/claude_code/index.ts:69:20)
      at runClaudeCodeSync (/home/joshf/mem-sqlite/sync_engine/claude_code/index.ts:112:13)
      at async sync (/home/joshf/mem-sqlite/cli.ts:19:3)
      at async main (/home/joshf/mem-sqlite/cli.ts:56:7)
]
DEBUG: Processing JSONL file: /home/joshf/.claude/projects/-home-joshf-bufo-blaster/3582c15e-5bc9-4bbc-81bf-900878edbeaa.jsonl
DEBUG: Extracted session ID: 3582c15e-5bc9-4bbc-81bf-900878edbeaa
DEBUG: File size: 0.78 MB
DEBUG: Reading file content from: /home/joshf/.claude/projects/-home-joshf-bufo-blaster/3582c15e-5bc9-4bbc-81bf-900878edbeaa.jsonl
DEBUG: File content length: 813246 characters
DEBUG: Found 319 non-empty lines
DEBUG: Parsed 319 JSON messages
DEBUG: Parsing stats - total: 319, messages: 122, toolUses: 99, toolResults: 99, errors: 0, skipped: 197
DEBUG: Database operation complete:
  - Messages inserted: 0, updated: 0
  - Tool uses inserted: 0
  - Tool results inserted: 0
  - Attachments inserted: 0
  - Env info inserted: 0
  - Errors: 1
Synced 0 records from 3582c15e-5bc9-4bbc-81bf-900878edbeaa (99 tool calls extracted)
Errors in 3582c15e-5bc9-4bbc-81bf-900878edbeaa: [
  TypeError: The database connection is not open
      at sqliteTransaction (/home/joshf/mem-sqlite/node_modules/better-sqlite3/lib/methods/transaction.js:63:9)
      at <anonymous> (/home/joshf/mem-sqlite/sync_engine/execute/database.ts:311:7)
      at retryDatabaseOperation (/home/joshf/mem-sqlite/sync_engine/execute/database.ts:163:14)
      at executeParsedEntries (/home/joshf/mem-sqlite/sync_engine/execute/database.ts:193:10)
      at processJsonlFile (/home/joshf/mem-sqlite/sync_engine/claude_code/index.ts:69:20)
      at runClaudeCodeSync (/home/joshf/mem-sqlite/sync_engine/claude_code/index.ts:112:13)
      at async sync (/home/joshf/mem-sqlite/cli.ts:19:3)
      at async main (/home/joshf/mem-sqlite/cli.ts:56:7)
]
DEBUG: Processing JSONL file: /home/joshf/.claude/projects/-home-joshf-bufo-blaster/5d0307ea-2a05-425e-99c3-c4040239f8d9.jsonl
DEBUG: Extracted session ID: 5d0307ea-2a05-425e-99c3-c4040239f8d9
DEBUG: File size: 0.05 MB
DEBUG: Reading file content from: /home/joshf/.claude/projects/-home-joshf-bufo-blaster/5d0307ea-2a05-425e-99c3-c4040239f8d9.jsonl
DEBUG: File content length: 52795 characters
DEBUG: Found 57 non-empty lines
DEBUG: Parsed 57 JSON messages
DEBUG: Parsing stats - total: 57, messages: 27, toolUses: 15, toolResults: 15, errors: 1, skipped: 30
DEBUG: Database operation complete:
  - Messages inserted: 0, updated: 0
  - Tool uses inserted: 0
  - Tool results inserted: 0
  - Attachments inserted: 0
  - Env info inserted: 0
  - Errors: 1
Synced 0 records from 5d0307ea-2a05-425e-99c3-c4040239f8d9 (15 tool calls extracted)
Errors in 5d0307ea-2a05-425e-99c3-c4040239f8d9: [
  TypeError: The database connection is not open
      at sqliteTransaction (/home/joshf/mem-sqlite/node_modules/better-sqlite3/lib/methods/transaction.js:63:9)
      at <anonymous> (/home/joshf/mem-sqlite/sync_engine/execute/database.ts:311:7)
      at retryDatabaseOperation (/home/joshf/mem-sqlite/sync_engine/execute/database.ts:163:14)
      at executeParsedEntries (/home/joshf/mem-sqlite/sync_engine/execute/database.ts:193:10)
      at processJsonlFile (/home/joshf/mem-sqlite/sync_engine/claude_code/index.ts:69:20)
      at runClaudeCodeSync (/home/joshf/mem-sqlite/sync_engine/claude_code/index.ts:112:13)
      at async sync (/home/joshf/mem-sqlite/cli.ts:19:3)
      at async main (/home/joshf/mem-sqlite/cli.ts:56:7)
]
DEBUG: Processing JSONL file: /home/joshf/.claude/projects/-home-joshf-bufo-blaster/6d418516-ac3c-4afd-9cec-b302256a7a5c.jsonl
DEBUG: Extracted session ID: 6d418516-ac3c-4afd-9cec-b302256a7a5c
DEBUG: File size: 0.01 MB
DEBUG: Reading file content from: /home/joshf/.claude/projects/-home-joshf-bufo-blaster/6d418516-ac3c-4afd-9cec-b302256a7a5c.jsonl
DEBUG: File content length: 10160 characters
DEBUG: Found 12 non-empty lines
DEBUG: Parsed 12 JSON messages
DEBUG: Parsing stats - total: 12, messages: 6, toolUses: 3, toolResults: 3, errors: 0, skipped: 6
DEBUG: Database operation complete:
  - Messages inserted: 0, updated: 0
  - Tool uses inserted: 0
  - Tool results inserted: 0
  - Attachments inserted: 0
  - Env info inserted: 0
  - Errors: 1
Synced 0 records from 6d418516-ac3c-4afd-9cec-b302256a7a5c (3 tool calls extracted)
Errors in 6d418516-ac3c-4afd-9cec-b302256a7a5c: [
  TypeError: The database connection is not open
      at sqliteTransaction (/home/joshf/mem-sqlite/node_modules/better-sqlite3/lib/methods/transaction.js:63:9)
      at <anonymous> (/home/joshf/mem-sqlite/sync_engine/execute/database.ts:311:7)
      at retryDatabaseOperation (/home/joshf/mem-sqlite/sync_engine/execute/database.ts:163:14)
      at executeParsedEntries (/home/joshf/mem-sqlite/sync_engine/execute/database.ts:193:10)
      at processJsonlFile (/home/joshf/mem-sqlite/sync_engine/claude_code/index.ts:69:20)
      at runClaudeCodeSync (/home/joshf/mem-sqlite/sync_engine/claude_code/index.ts:112:13)
      at async sync (/home/joshf/mem-sqlite/cli.ts:19:3)
      at async main (/home/joshf/mem-sqlite/cli.ts:56:7)
]
DEBUG: Processing JSONL file: /home/joshf/.claude/projects/-home-joshf-bufo-blaster/a2530717-0057-4cce-bef0-d470aa4651f6.jsonl
DEBUG: Extracted session ID: a2530717-0057-4cce-bef0-d470aa4651f6
DEBUG: File size: 0.95 MB
DEBUG: Reading file content from: /home/joshf/.claude/projects/-home-joshf-bufo-blaster/a2530717-0057-4cce-bef0-d470aa4651f6.jsonl
DEBUG: File content length: 990593 characters
DEBUG: Found 344 non-empty lines
DEBUG: Parsed 344 JSON messages
DEBUG: Parsing stats - total: 344, messages: 82, toolUses: 120, toolResults: 120, errors: 0, skipped: 262
DEBUG: Database operation complete:
  - Messages inserted: 0, updated: 0
  - Tool uses inserted: 0
  - Tool results inserted: 0
  - Attachments inserted: 0
  - Env info inserted: 0
  - Errors: 1
Synced 0 records from a2530717-0057-4cce-bef0-d470aa4651f6 (120 tool calls extracted)
Errors in a2530717-0057-4cce-bef0-d470aa4651f6: [
  TypeError: The database connection is not open
      at sqliteTransaction (/home/joshf/mem-sqlite/node_modules/better-sqlite3/lib/methods/transaction.js:63:9)
      at <anonymous> (/home/joshf/mem-sqlite/sync_engine/execute/database.ts:311:7)
      at retryDatabaseOperation (/home/joshf/mem-sqlite/sync_engine/execute/database.ts:163:14)
      at executeParsedEntries (/home/joshf/mem-sqlite/sync_engine/execute/database.ts:193:10)
      at processJsonlFile (/home/joshf/mem-sqlite/sync_engine/claude_code/index.ts:69:20)
      at runClaudeCodeSync (/home/joshf/mem-sqlite/sync_engine/claude_code/index.ts:112:13)
      at async sync (/home/joshf/mem-sqlite/cli.ts:19:3)
      at async main (/home/joshf/mem-sqlite/cli.ts:56:7)
]
DEBUG: Processing JSONL file: /home/joshf/.claude/projects/-home-joshf-bufo-blaster/db0e0ea8-2131-4623-990d-fd3e709e52e3.jsonl
DEBUG: Extracted session ID: db0e0ea8-2131-4623-990d-fd3e709e52e3
DEBUG: File size: 1.15 MB
DEBUG: Reading file content from: /home/joshf/.claude/projects/-home-joshf-bufo-blaster/db0e0ea8-2131-4623-990d-fd3e709e52e3.jsonl
DEBUG: File content length: 1197153 characters
DEBUG: Found 388 non-empty lines
DEBUG: Parsed 388 JSON messages
DEBUG: Parsing stats - total: 388, messages: 123, toolUses: 133, toolResults: 132, errors: 11, skipped: 265
DEBUG: Database operation complete:
  - Messages inserted: 0, updated: 0
  - Tool uses inserted: 0
  - Tool results inserted: 0
  - Attachments inserted: 0
  - Env info inserted: 0
  - Errors: 1
Synced 0 records from db0e0ea8-2131-4623-990d-fd3e709e52e3 (133 tool calls extracted)
Errors in db0e0ea8-2131-4623-990d-fd3e709e52e3: [
  TypeError: The database connection is not open
      at sqliteTransaction (/home/joshf/mem-sqlite/node_modules/better-sqlite3/lib/methods/transaction.js:63:9)
      at <anonymous> (/home/joshf/mem-sqlite/sync_engine/execute/database.ts:311:7)
      at retryDatabaseOperation (/home/joshf/mem-sqlite/sync_engine/execute/database.ts:163:14)
      at executeParsedEntries (/home/joshf/mem-sqlite/sync_engine/execute/database.ts:193:10)
      at processJsonlFile (/home/joshf/mem-sqlite/sync_engine/claude_code/index.ts:69:20)
      at runClaudeCodeSync (/home/joshf/mem-sqlite/sync_engine/claude_code/index.ts:112:13)
      at async sync (/home/joshf/mem-sqlite/cli.ts:19:3)
      at async main (/home/joshf/mem-sqlite/cli.ts:56:7)
]
DEBUG: Processing JSONL file: /home/joshf/.claude/projects/-home-joshf-bufo-blaster/f482a983-b465-4c00-bb37-f943393c8659.jsonl
DEBUG: Extracted session ID: f482a983-b465-4c00-bb37-f943393c8659
DEBUG: File size: 1.05 MB
DEBUG: Reading file content from: /home/joshf/.claude/projects/-home-joshf-bufo-blaster/f482a983-b465-4c00-bb37-f943393c8659.jsonl
DEBUG: File content length: 1093706 characters
DEBUG: Found 358 non-empty lines
DEBUG: Parsed 358 JSON messages
DEBUG: Parsing stats - total: 358, messages: 104, toolUses: 127, toolResults: 127, errors: 0, skipped: 254
DEBUG: Database operation complete:
  - Messages inserted: 0, updated: 0
  - Tool uses inserted: 0
  - Tool results inserted: 0
  - Attachments inserted: 0
  - Env info inserted: 0
  - Errors: 1
Synced 0 records from f482a983-b465-4c00-bb37-f943393c8659 (127 tool calls extracted)
Errors in f482a983-b465-4c00-bb37-f943393c8659: [
  TypeError: The database connection is not open
      at sqliteTransaction (/home/joshf/mem-sqlite/node_modules/better-sqlite3/lib/methods/transaction.js:63:9)
      at <anonymous> (/home/joshf/mem-sqlite/sync_engine/execute/database.ts:311:7)
      at retryDatabaseOperation (/home/joshf/mem-sqlite/sync_engine/execute/database.ts:163:14)
      at executeParsedEntries (/home/joshf/mem-sqlite/sync_engine/execute/database.ts:193:10)
      at processJsonlFile (/home/joshf/mem-sqlite/sync_engine/claude_code/index.ts:69:20)
      at runClaudeCodeSync (/home/joshf/mem-sqlite/sync_engine/claude_code/index.ts:112:13)
      at async sync (/home/joshf/mem-sqlite/cli.ts:19:3)
      at async main (/home/joshf/mem-sqlite/cli.ts:56:7)
]
DEBUG: Processing JSONL file: /home/joshf/.claude/projects/-home-joshf-bufo-wars/24cc9fac-5dd1-41a5-9b05-4cf86c22be50.jsonl
DEBUG: Extracted session ID: 24cc9fac-5dd1-41a5-9b05-4cf86c22be50
DEBUG: File size: 0.18 MB
DEBUG: Reading file content from: /home/joshf/.claude/projects/-home-joshf-bufo-wars/24cc9fac-5dd1-41a5-9b05-4cf86c22be50.jsonl
DEBUG: File content length: 185692 characters
DEBUG: Found 97 non-empty lines
DEBUG: Parsed 97 JSON messages
DEBUG: Parsing stats - total: 97, messages: 51, toolUses: 23, toolResults: 23, errors: 1, skipped: 46
DEBUG: Database operation complete:
  - Messages inserted: 0, updated: 0
  - Tool uses inserted: 0
  - Tool results inserted: 0
  - Attachments inserted: 0
  - Env info inserted: 0
  - Errors: 1
Synced 0 records from 24cc9fac-5dd1-41a5-9b05-4cf86c22be50 (23 tool calls extracted)
Errors in 24cc9fac-5dd1-41a5-9b05-4cf86c22be50: [
  TypeError: The database connection is not open
      at sqliteTransaction (/home/joshf/mem-sqlite/node_modules/better-sqlite3/lib/methods/transaction.js:63:9)
      at <anonymous> (/home/joshf/mem-sqlite/sync_engine/execute/database.ts:311:7)
      at retryDatabaseOperation (/home/joshf/mem-sqlite/sync_engine/execute/database.ts:163:14)
      at executeParsedEntries (/home/joshf/mem-sqlite/sync_engine/execute/database.ts:193:10)
      at processJsonlFile (/home/joshf/mem-sqlite/sync_engine/claude_code/index.ts:69:20)
      at runClaudeCodeSync (/home/joshf/mem-sqlite/sync_engine/claude_code/index.ts:112:13)
      at async sync (/home/joshf/mem-sqlite/cli.ts:19:3)
      at async main (/home/joshf/mem-sqlite/cli.ts:56:7)
]
DEBUG: Processing JSONL file: /home/joshf/.claude/projects/-home-joshf-bufo-wars/2de782e3-80ab-422c-a311-a040626d1cf5.jsonl
DEBUG: Extracted session ID: 2de782e3-80ab-422c-a311-a040626d1cf5
DEBUG: File size: 2.42 MB
DEBUG: Reading file content from: /home/joshf/.claude/projects/-home-joshf-bufo-wars/2de782e3-80ab-422c-a311-a040626d1cf5.jsonl
DEBUG: File content length: 2528885 characters
DEBUG: Found 1014 non-empty lines
DEBUG: Parsed 1014 JSON messages
DEBUG: Parsing stats - total: 1014, messages: 397, toolUses: 309, toolResults: 309, errors: 1, skipped: 617
DEBUG: Database operation complete:
  - Messages inserted: 0, updated: 0
  - Tool uses inserted: 0
  - Tool results inserted: 0
  - Attachments inserted: 0
  - Env info inserted: 0
  - Errors: 1
Synced 0 records from 2de782e3-80ab-422c-a311-a040626d1cf5 (309 tool calls extracted)
Errors in 2de782e3-80ab-422c-a311-a040626d1cf5: [
  TypeError: The database connection is not open
      at sqliteTransaction (/home/joshf/mem-sqlite/node_modules/better-sqlite3/lib/methods/transaction.js:63:9)
      at <anonymous> (/home/joshf/mem-sqlite/sync_engine/execute/database.ts:311:7)
      at retryDatabaseOperation (/home/joshf/mem-sqlite/sync_engine/execute/database.ts:163:14)
      at executeParsedEntries (/home/joshf/mem-sqlite/sync_engine/execute/database.ts:193:10)
      at processJsonlFile (/home/joshf/mem-sqlite/sync_engine/claude_code/index.ts:69:20)
      at runClaudeCodeSync (/home/joshf/mem-sqlite/sync_engine/claude_code/index.ts:112:13)
      at async sync (/home/joshf/mem-sqlite/cli.ts:19:3)
      at async main (/home/joshf/mem-sqlite/cli.ts:56:7)
]
DEBUG: Processing JSONL file: /home/joshf/.claude/projects/-home-joshf-bufo-wars/4c7e3d64-0b3b-4e38-879c-5856c7174895.jsonl
DEBUG: Extracted session ID: 4c7e3d64-0b3b-4e38-879c-5856c7174895
DEBUG: File size: 1.40 MB
DEBUG: Reading file content from: /home/joshf/.claude/projects/-home-joshf-bufo-wars/4c7e3d64-0b3b-4e38-879c-5856c7174895.jsonl
DEBUG: File content length: 1456132 characters
DEBUG: Found 478 non-empty lines
DEBUG: Parsed 478 JSON messages
DEBUG: Parsing stats - total: 478, messages: 140, toolUses: 169, toolResults: 168, errors: 0, skipped: 338
DEBUG: Database operation complete:
  - Messages inserted: 0, updated: 0
  - Tool uses inserted: 0
  - Tool results inserted: 0
  - Attachments inserted: 0
  - Env info inserted: 0
  - Errors: 1
Synced 0 records from 4c7e3d64-0b3b-4e38-879c-5856c7174895 (169 tool calls extracted)
Errors in 4c7e3d64-0b3b-4e38-879c-5856c7174895: [
  TypeError: The database connection is not open
      at sqliteTransaction (/home/joshf/mem-sqlite/node_modules/better-sqlite3/lib/methods/transaction.js:63:9)
      at <anonymous> (/home/joshf/mem-sqlite/sync_engine/execute/database.ts:311:7)
      at retryDatabaseOperation (/home/joshf/mem-sqlite/sync_engine/execute/database.ts:163:14)
      at executeParsedEntries (/home/joshf/mem-sqlite/sync_engine/execute/database.ts:193:10)
      at processJsonlFile (/home/joshf/mem-sqlite/sync_engine/claude_code/index.ts:69:20)
      at runClaudeCodeSync (/home/joshf/mem-sqlite/sync_engine/claude_code/index.ts:112:13)
      at async sync (/home/joshf/mem-sqlite/cli.ts:19:3)
      at async main (/home/joshf/mem-sqlite/cli.ts:56:7)
]
DEBUG: Processing JSONL file: /home/joshf/.claude/projects/-home-joshf-bufo-wars/5890b5d1-9ab9-45aa-84b0-5d1e1280866d.jsonl
DEBUG: Extracted session ID: 5890b5d1-9ab9-45aa-84b0-5d1e1280866d
DEBUG: File size: 0.39 MB
DEBUG: Reading file content from: /home/joshf/.claude/projects/-home-joshf-bufo-wars/5890b5d1-9ab9-45aa-84b0-5d1e1280866d.jsonl
DEBUG: File content length: 407444 characters
DEBUG: Found 301 non-empty lines
DEBUG: Parsed 301 JSON messages
DEBUG: Parsing stats - total: 301, messages: 139, toolUses: 81, toolResults: 81, errors: 0, skipped: 162
DEBUG: Database operation complete:
  - Messages inserted: 0, updated: 0
  - Tool uses inserted: 0
  - Tool results inserted: 0
  - Attachments inserted: 0
  - Env info inserted: 0
  - Errors: 1
Synced 0 records from 5890b5d1-9ab9-45aa-84b0-5d1e1280866d (81 tool calls extracted)
Errors in 5890b5d1-9ab9-45aa-84b0-5d1e1280866d: [
  TypeError: The database connection is not open
      at sqliteTransaction (/home/joshf/mem-sqlite/node_modules/better-sqlite3/lib/methods/transaction.js:63:9)
      at <anonymous> (/home/joshf/mem-sqlite/sync_engine/execute/database.ts:311:7)
      at retryDatabaseOperation (/home/joshf/mem-sqlite/sync_engine/execute/database.ts:163:14)
      at executeParsedEntries (/home/joshf/mem-sqlite/sync_engine/execute/database.ts:193:10)
      at processJsonlFile (/home/joshf/mem-sqlite/sync_engine/claude_code/index.ts:69:20)
      at runClaudeCodeSync (/home/joshf/mem-sqlite/sync_engine/claude_code/index.ts:112:13)
      at async sync (/home/joshf/mem-sqlite/cli.ts:19:3)
      at async main (/home/joshf/mem-sqlite/cli.ts:56:7)
]
DEBUG: Processing JSONL file: /home/joshf/.claude/projects/-home-joshf-bufo-wars/635d11b8-6e55-4513-b435-142fc4e0667a.jsonl
DEBUG: Extracted session ID: 635d11b8-6e55-4513-b435-142fc4e0667a
DEBUG: File size: 0.30 MB
DEBUG: Reading file content from: /home/joshf/.claude/projects/-home-joshf-bufo-wars/635d11b8-6e55-4513-b435-142fc4e0667a.jsonl
DEBUG: File content length: 310389 characters
DEBUG: Found 206 non-empty lines
DEBUG: Parsed 206 JSON messages
DEBUG: Parsing stats - total: 206, messages: 88, toolUses: 59, toolResults: 59, errors: 0, skipped: 118
DEBUG: Database operation complete:
  - Messages inserted: 0, updated: 0
  - Tool uses inserted: 0
  - Tool results inserted: 0
  - Attachments inserted: 0
  - Env info inserted: 0
  - Errors: 1
Synced 0 records from 635d11b8-6e55-4513-b435-142fc4e0667a (59 tool calls extracted)
Errors in 635d11b8-6e55-4513-b435-142fc4e0667a: [
  TypeError: The database connection is not open
      at sqliteTransaction (/home/joshf/mem-sqlite/node_modules/better-sqlite3/lib/methods/transaction.js:63:9)
      at <anonymous> (/home/joshf/mem-sqlite/sync_engine/execute/database.ts:311:7)
      at retryDatabaseOperation (/home/joshf/mem-sqlite/sync_engine/execute/database.ts:163:14)
      at executeParsedEntries (/home/joshf/mem-sqlite/sync_engine/execute/database.ts:193:10)
      at processJsonlFile (/home/joshf/mem-sqlite/sync_engine/claude_code/index.ts:69:20)
      at runClaudeCodeSync (/home/joshf/mem-sqlite/sync_engine/claude_code/index.ts:112:13)
      at async sync (/home/joshf/mem-sqlite/cli.ts:19:3)
      at async main (/home/joshf/mem-sqlite/cli.ts:56:7)
]
DEBUG: Processing JSONL file: /home/joshf/.claude/projects/-home-joshf-bufo-wars/876d4d7b-4266-4146-928e-b22ac2203301.jsonl
DEBUG: Extracted session ID: 876d4d7b-4266-4146-928e-b22ac2203301
DEBUG: File size: 0.13 MB
DEBUG: Reading file content from: /home/joshf/.claude/projects/-home-joshf-bufo-wars/876d4d7b-4266-4146-928e-b22ac2203301.jsonl
DEBUG: File content length: 136930 characters
DEBUG: Found 52 non-empty lines
DEBUG: Parsed 52 JSON messages
DEBUG: Parsing stats - total: 52, messages: 32, toolUses: 10, toolResults: 10, errors: 0, skipped: 20
DEBUG: Database operation complete:
  - Messages inserted: 0, updated: 0
  - Tool uses inserted: 0
  - Tool results inserted: 0
  - Attachments inserted: 0
  - Env info inserted: 0
  - Errors: 1
Synced 0 records from 876d4d7b-4266-4146-928e-b22ac2203301 (10 tool calls extracted)
Errors in 876d4d7b-4266-4146-928e-b22ac2203301: [
  TypeError: The database connection is not open
      at sqliteTransaction (/home/joshf/mem-sqlite/node_modules/better-sqlite3/lib/methods/transaction.js:63:9)
      at <anonymous> (/home/joshf/mem-sqlite/sync_engine/execute/database.ts:311:7)
      at retryDatabaseOperation (/home/joshf/mem-sqlite/sync_engine/execute/database.ts:163:14)
      at executeParsedEntries (/home/joshf/mem-sqlite/sync_engine/execute/database.ts:193:10)
      at processJsonlFile (/home/joshf/mem-sqlite/sync_engine/claude_code/index.ts:69:20)
      at runClaudeCodeSync (/home/joshf/mem-sqlite/sync_engine/claude_code/index.ts:112:13)
      at async sync (/home/joshf/mem-sqlite/cli.ts:19:3)
      at async main (/home/joshf/mem-sqlite/cli.ts:56:7)
]
DEBUG: Processing JSONL file: /home/joshf/.claude/projects/-home-joshf-bufo-wars/93838aca-9cdb-4514-9ffc-ed73fe347af5.jsonl
DEBUG: Extracted session ID: 93838aca-9cdb-4514-9ffc-ed73fe347af5
DEBUG: File size: 0.46 MB
DEBUG: Reading file content from: /home/joshf/.claude/projects/-home-joshf-bufo-wars/93838aca-9cdb-4514-9ffc-ed73fe347af5.jsonl
DEBUG: File content length: 476291 characters
DEBUG: Found 374 non-empty lines
DEBUG: Parsed 374 JSON messages
DEBUG: Parsing stats - total: 374, messages: 182, toolUses: 96, toolResults: 96, errors: 0, skipped: 192
DEBUG: Database operation complete:
  - Messages inserted: 0, updated: 0
  - Tool uses inserted: 0
  - Tool results inserted: 0
  - Attachments inserted: 0
  - Env info inserted: 0
  - Errors: 1
Synced 0 records from 93838aca-9cdb-4514-9ffc-ed73fe347af5 (96 tool calls extracted)
Errors in 93838aca-9cdb-4514-9ffc-ed73fe347af5: [
  TypeError: The database connection is not open
      at sqliteTransaction (/home/joshf/mem-sqlite/node_modules/better-sqlite3/lib/methods/transaction.js:63:9)
      at <anonymous> (/home/joshf/mem-sqlite/sync_engine/execute/database.ts:311:7)
      at retryDatabaseOperation (/home/joshf/mem-sqlite/sync_engine/execute/database.ts:163:14)
      at executeParsedEntries (/home/joshf/mem-sqlite/sync_engine/execute/database.ts:193:10)
      at processJsonlFile (/home/joshf/mem-sqlite/sync_engine/claude_code/index.ts:69:20)
      at runClaudeCodeSync (/home/joshf/mem-sqlite/sync_engine/claude_code/index.ts:112:13)
      at async sync (/home/joshf/mem-sqlite/cli.ts:19:3)
      at async main (/home/joshf/mem-sqlite/cli.ts:56:7)
]
DEBUG: Processing JSONL file: /home/joshf/.claude/projects/-home-joshf-bufo-wars/a0620e31-df0d-416d-8177-a2692074f696.jsonl
DEBUG: Extracted session ID: a0620e31-df0d-416d-8177-a2692074f696
DEBUG: File size: 0.42 MB
DEBUG: Reading file content from: /home/joshf/.claude/projects/-home-joshf-bufo-wars/a0620e31-df0d-416d-8177-a2692074f696.jsonl
DEBUG: File content length: 434377 characters
DEBUG: Found 333 non-empty lines
DEBUG: Parsed 333 JSON messages
DEBUG: Parsing stats - total: 333, messages: 157, toolUses: 88, toolResults: 88, errors: 1, skipped: 176
DEBUG: Database operation complete:
  - Messages inserted: 0, updated: 0
  - Tool uses inserted: 0
  - Tool results inserted: 0
  - Attachments inserted: 0
  - Env info inserted: 0
  - Errors: 1
Synced 0 records from a0620e31-df0d-416d-8177-a2692074f696 (88 tool calls extracted)
Errors in a0620e31-df0d-416d-8177-a2692074f696: [
  TypeError: The database connection is not open
      at sqliteTransaction (/home/joshf/mem-sqlite/node_modules/better-sqlite3/lib/methods/transaction.js:63:9)
      at <anonymous> (/home/joshf/mem-sqlite/sync_engine/execute/database.ts:311:7)
      at retryDatabaseOperation (/home/joshf/mem-sqlite/sync_engine/execute/database.ts:163:14)
      at executeParsedEntries (/home/joshf/mem-sqlite/sync_engine/execute/database.ts:193:10)
      at processJsonlFile (/home/joshf/mem-sqlite/sync_engine/claude_code/index.ts:69:20)
      at runClaudeCodeSync (/home/joshf/mem-sqlite/sync_engine/claude_code/index.ts:112:13)
      at async sync (/home/joshf/mem-sqlite/cli.ts:19:3)
      at async main (/home/joshf/mem-sqlite/cli.ts:56:7)
]
DEBUG: Processing JSONL file: /home/joshf/.claude/projects/-home-joshf-bufo-wars/bb34507d-f5d7-4004-b4c8-0b934ee628f0.jsonl
DEBUG: Extracted session ID: bb34507d-f5d7-4004-b4c8-0b934ee628f0
DEBUG: File size: 0.00 MB
DEBUG: Reading file content from: /home/joshf/.claude/projects/-home-joshf-bufo-wars/bb34507d-f5d7-4004-b4c8-0b934ee628f0.jsonl
DEBUG: File content length: 2860 characters
DEBUG: Found 6 non-empty lines
DEBUG: Parsed 6 JSON messages
DEBUG: Parsing stats - total: 6, messages: 6, toolUses: 0, toolResults: 0, errors: 0, skipped: 0
DEBUG: Database operation complete:
  - Messages inserted: 0, updated: 0
  - Tool uses inserted: 0
  - Tool results inserted: 0
  - Attachments inserted: 0
  - Env info inserted: 0
  - Errors: 1
Synced 0 records from bb34507d-f5d7-4004-b4c8-0b934ee628f0 (0 tool calls extracted)
Errors in bb34507d-f5d7-4004-b4c8-0b934ee628f0: [
  TypeError: The database connection is not open
      at sqliteTransaction (/home/joshf/mem-sqlite/node_modules/better-sqlite3/lib/methods/transaction.js:63:9)
      at <anonymous> (/home/joshf/mem-sqlite/sync_engine/execute/database.ts:311:7)
      at retryDatabaseOperation (/home/joshf/mem-sqlite/sync_engine/execute/database.ts:163:14)
      at executeParsedEntries (/home/joshf/mem-sqlite/sync_engine/execute/database.ts:193:10)
      at processJsonlFile (/home/joshf/mem-sqlite/sync_engine/claude_code/index.ts:69:20)
      at runClaudeCodeSync (/home/joshf/mem-sqlite/sync_engine/claude_code/index.ts:112:13)
      at async sync (/home/joshf/mem-sqlite/cli.ts:19:3)
      at async main (/home/joshf/mem-sqlite/cli.ts:56:7)
]
DEBUG: Processing JSONL file: /home/joshf/.claude/projects/-home-joshf-bufo-wars/d3d91de4-fd7a-4412-a3b5-51d0072e4006.jsonl
DEBUG: Extracted session ID: d3d91de4-fd7a-4412-a3b5-51d0072e4006
DEBUG: File size: 0.12 MB
DEBUG: Reading file content from: /home/joshf/.claude/projects/-home-joshf-bufo-wars/d3d91de4-fd7a-4412-a3b5-51d0072e4006.jsonl
DEBUG: File content length: 119780 characters
DEBUG: Found 34 non-empty lines
DEBUG: Parsed 34 JSON messages
DEBUG: Parsing stats - total: 34, messages: 20, toolUses: 7, toolResults: 7, errors: 1, skipped: 14
DEBUG: Database operation complete:
  - Messages inserted: 0, updated: 0
  - Tool uses inserted: 0
  - Tool results inserted: 0
  - Attachments inserted: 0
  - Env info inserted: 0
  - Errors: 1
Synced 0 records from d3d91de4-fd7a-4412-a3b5-51d0072e4006 (7 tool calls extracted)
Errors in d3d91de4-fd7a-4412-a3b5-51d0072e4006: [
  TypeError: The database connection is not open
      at sqliteTransaction (/home/joshf/mem-sqlite/node_modules/better-sqlite3/lib/methods/transaction.js:63:9)
      at <anonymous> (/home/joshf/mem-sqlite/sync_engine/execute/database.ts:311:7)
      at retryDatabaseOperation (/home/joshf/mem-sqlite/sync_engine/execute/database.ts:163:14)
      at executeParsedEntries (/home/joshf/mem-sqlite/sync_engine/execute/database.ts:193:10)
      at processJsonlFile (/home/joshf/mem-sqlite/sync_engine/claude_code/index.ts:69:20)
      at runClaudeCodeSync (/home/joshf/mem-sqlite/sync_engine/claude_code/index.ts:112:13)
      at async sync (/home/joshf/mem-sqlite/cli.ts:19:3)
      at async main (/home/joshf/mem-sqlite/cli.ts:56:7)
]
DEBUG: Processing JSONL file: /home/joshf/.claude/projects/-home-joshf-bufo-wars/d9802c54-40f0-4d4f-ba3b-bf54e573836a.jsonl
DEBUG: Extracted session ID: d9802c54-40f0-4d4f-ba3b-bf54e573836a
DEBUG: File size: 0.37 MB
DEBUG: Reading file content from: /home/joshf/.claude/projects/-home-joshf-bufo-wars/d9802c54-40f0-4d4f-ba3b-bf54e573836a.jsonl
DEBUG: File content length: 386778 characters
DEBUG: Found 279 non-empty lines
DEBUG: Parsed 279 JSON messages
DEBUG: Parsing stats - total: 279, messages: 127, toolUses: 76, toolResults: 76, errors: 1, skipped: 152
DEBUG: Database operation complete:
  - Messages inserted: 0, updated: 0
  - Tool uses inserted: 0
  - Tool results inserted: 0
  - Attachments inserted: 0
  - Env info inserted: 0
  - Errors: 1
Synced 0 records from d9802c54-40f0-4d4f-ba3b-bf54e573836a (76 tool calls extracted)
Errors in d9802c54-40f0-4d4f-ba3b-bf54e573836a: [
  TypeError: The database connection is not open
      at sqliteTransaction (/home/joshf/mem-sqlite/node_modules/better-sqlite3/lib/methods/transaction.js:63:9)
      at <anonymous> (/home/joshf/mem-sqlite/sync_engine/execute/database.ts:311:7)
      at retryDatabaseOperation (/home/joshf/mem-sqlite/sync_engine/execute/database.ts:163:14)
      at executeParsedEntries (/home/joshf/mem-sqlite/sync_engine/execute/database.ts:193:10)
      at processJsonlFile (/home/joshf/mem-sqlite/sync_engine/claude_code/index.ts:69:20)
      at runClaudeCodeSync (/home/joshf/mem-sqlite/sync_engine/claude_code/index.ts:112:13)
      at async sync (/home/joshf/mem-sqlite/cli.ts:19:3)
      at async main (/home/joshf/mem-sqlite/cli.ts:56:7)
]
DEBUG: Processing JSONL file: /home/joshf/.claude/projects/-home-joshf-bufo-wars/ecce4158-23fd-4c34-bad9-107bcc1c14a7.jsonl
DEBUG: Extracted session ID: ecce4158-23fd-4c34-bad9-107bcc1c14a7
DEBUG: File size: 1.04 MB
DEBUG: Reading file content from: /home/joshf/.claude/projects/-home-joshf-bufo-wars/ecce4158-23fd-4c34-bad9-107bcc1c14a7.jsonl
DEBUG: File content length: 1085964 characters
DEBUG: Found 394 non-empty lines
DEBUG: Parsed 394 JSON messages
DEBUG: Parsing stats - total: 394, messages: 121, toolUses: 137, toolResults: 137, errors: 2, skipped: 273
DEBUG: Database operation complete:
  - Messages inserted: 0, updated: 0
  - Tool uses inserted: 0
  - Tool results inserted: 0
  - Attachments inserted: 0
  - Env info inserted: 0
  - Errors: 1
Synced 0 records from ecce4158-23fd-4c34-bad9-107bcc1c14a7 (137 tool calls extracted)
Errors in ecce4158-23fd-4c34-bad9-107bcc1c14a7: [
  TypeError: The database connection is not open
      at sqliteTransaction (/home/joshf/mem-sqlite/node_modules/better-sqlite3/lib/methods/transaction.js:63:9)
      at <anonymous> (/home/joshf/mem-sqlite/sync_engine/execute/database.ts:311:7)
      at retryDatabaseOperation (/home/joshf/mem-sqlite/sync_engine/execute/database.ts:163:14)
      at executeParsedEntries (/home/joshf/mem-sqlite/sync_engine/execute/database.ts:193:10)
      at processJsonlFile (/home/joshf/mem-sqlite/sync_engine/claude_code/index.ts:69:20)
      at runClaudeCodeSync (/home/joshf/mem-sqlite/sync_engine/claude_code/index.ts:112:13)
      at async sync (/home/joshf/mem-sqlite/cli.ts:19:3)
      at async main (/home/joshf/mem-sqlite/cli.ts:56:7)
]
DEBUG: Processing JSONL file: /home/joshf/.claude/projects/-home-joshf-burn-after-reading/395418b0-9ee3-4a0b-815e-496a5fc55764.jsonl
DEBUG: Extracted session ID: 395418b0-9ee3-4a0b-815e-496a5fc55764
DEBUG: File size: 0.01 MB
DEBUG: Reading file content from: /home/joshf/.claude/projects/-home-joshf-burn-after-reading/395418b0-9ee3-4a0b-815e-496a5fc55764.jsonl
DEBUG: File content length: 6927 characters
DEBUG: Found 10 non-empty lines
DEBUG: Parsed 10 JSON messages
DEBUG: Parsing stats - total: 10, messages: 6, toolUses: 2, toolResults: 2, errors: 0, skipped: 4
DEBUG: Database operation complete:
  - Messages inserted: 0, updated: 0
  - Tool uses inserted: 0
  - Tool results inserted: 0
  - Attachments inserted: 0
  - Env info inserted: 0
  - Errors: 1
Synced 0 records from 395418b0-9ee3-4a0b-815e-496a5fc55764 (2 tool calls extracted)
Errors in 395418b0-9ee3-4a0b-815e-496a5fc55764: [
  TypeError: The database connection is not open
      at sqliteTransaction (/home/joshf/mem-sqlite/node_modules/better-sqlite3/lib/methods/transaction.js:63:9)
      at <anonymous> (/home/joshf/mem-sqlite/sync_engine/execute/database.ts:311:7)
      at retryDatabaseOperation (/home/joshf/mem-sqlite/sync_engine/execute/database.ts:163:14)
      at executeParsedEntries (/home/joshf/mem-sqlite/sync_engine/execute/database.ts:193:10)
      at processJsonlFile (/home/joshf/mem-sqlite/sync_engine/claude_code/index.ts:69:20)
      at runClaudeCodeSync (/home/joshf/mem-sqlite/sync_engine/claude_code/index.ts:112:13)
      at async sync (/home/joshf/mem-sqlite/cli.ts:19:3)
      at async main (/home/joshf/mem-sqlite/cli.ts:56:7)
]
DEBUG: Processing JSONL file: /home/joshf/.claude/projects/-home-joshf-burn-after-reading/4591e793-378f-4936-922a-9e0cb31b8860.jsonl
DEBUG: Extracted session ID: 4591e793-378f-4936-922a-9e0cb31b8860
DEBUG: File size: 0.01 MB
DEBUG: Reading file content from: /home/joshf/.claude/projects/-home-joshf-burn-after-reading/4591e793-378f-4936-922a-9e0cb31b8860.jsonl
DEBUG: File content length: 6011 characters
DEBUG: Found 9 non-empty lines
DEBUG: Parsed 9 JSON messages
DEBUG: Parsing stats - total: 9, messages: 7, toolUses: 1, toolResults: 1, errors: 1, skipped: 2
DEBUG: Database operation complete:
  - Messages inserted: 0, updated: 0
  - Tool uses inserted: 0
  - Tool results inserted: 0
  - Attachments inserted: 0
  - Env info inserted: 0
  - Errors: 1
Synced 0 records from 4591e793-378f-4936-922a-9e0cb31b8860 (1 tool calls extracted)
Errors in 4591e793-378f-4936-922a-9e0cb31b8860: [
  TypeError: The database connection is not open
      at sqliteTransaction (/home/joshf/mem-sqlite/node_modules/better-sqlite3/lib/methods/transaction.js:63:9)
      at <anonymous> (/home/joshf/mem-sqlite/sync_engine/execute/database.ts:311:7)
      at retryDatabaseOperation (/home/joshf/mem-sqlite/sync_engine/execute/database.ts:163:14)
      at executeParsedEntries (/home/joshf/mem-sqlite/sync_engine/execute/database.ts:193:10)
      at processJsonlFile (/home/joshf/mem-sqlite/sync_engine/claude_code/index.ts:69:20)
      at runClaudeCodeSync (/home/joshf/mem-sqlite/sync_engine/claude_code/index.ts:112:13)
      at async sync (/home/joshf/mem-sqlite/cli.ts:19:3)
      at async main (/home/joshf/mem-sqlite/cli.ts:56:7)
]
DEBUG: Processing JSONL file: /home/joshf/.claude/projects/-home-joshf-burn-after-reading/5b3d8f07-dab2-4db3-80ac-cae584c419d0.jsonl
DEBUG: Extracted session ID: 5b3d8f07-dab2-4db3-80ac-cae584c419d0
DEBUG: File size: 1.88 MB
DEBUG: Reading file content from: /home/joshf/.claude/projects/-home-joshf-burn-after-reading/5b3d8f07-dab2-4db3-80ac-cae584c419d0.jsonl
DEBUG: File content length: 1961254 characters
DEBUG: Found 674 non-empty lines
DEBUG: Parsed 674 JSON messages
DEBUG: Parsing stats - total: 674, messages: 221, toolUses: 223, toolResults: 223, errors: 1, skipped: 453
DEBUG: Database operation complete:
  - Messages inserted: 0, updated: 0
  - Tool uses inserted: 0
  - Tool results inserted: 0
  - Attachments inserted: 0
  - Env info inserted: 0
  - Errors: 1
Synced 0 records from 5b3d8f07-dab2-4db3-80ac-cae584c419d0 (223 tool calls extracted)
Errors in 5b3d8f07-dab2-4db3-80ac-cae584c419d0: [
  TypeError: The database connection is not open
      at sqliteTransaction (/home/joshf/mem-sqlite/node_modules/better-sqlite3/lib/methods/transaction.js:63:9)
      at <anonymous> (/home/joshf/mem-sqlite/sync_engine/execute/database.ts:311:7)
      at retryDatabaseOperation (/home/joshf/mem-sqlite/sync_engine/execute/database.ts:163:14)
      at executeParsedEntries (/home/joshf/mem-sqlite/sync_engine/execute/database.ts:193:10)
      at processJsonlFile (/home/joshf/mem-sqlite/sync_engine/claude_code/index.ts:69:20)
      at runClaudeCodeSync (/home/joshf/mem-sqlite/sync_engine/claude_code/index.ts:112:13)
      at async sync (/home/joshf/mem-sqlite/cli.ts:19:3)
      at async main (/home/joshf/mem-sqlite/cli.ts:56:7)
]
DEBUG: Processing JSONL file: /home/joshf/.claude/projects/-home-joshf-burn-after-reading/78b81eef-1eab-41e2-bbcf-ccff902c5c62.jsonl
DEBUG: Extracted session ID: 78b81eef-1eab-41e2-bbcf-ccff902c5c62
DEBUG: File size: 0.02 MB
DEBUG: Reading file content from: /home/joshf/.claude/projects/-home-joshf-burn-after-reading/78b81eef-1eab-41e2-bbcf-ccff902c5c62.jsonl
DEBUG: File content length: 19555 characters
DEBUG: Found 25 non-empty lines
DEBUG: Parsed 25 JSON messages
DEBUG: Parsing stats - total: 25, messages: 13, toolUses: 6, toolResults: 6, errors: 0, skipped: 12
DEBUG: Database operation complete:
  - Messages inserted: 0, updated: 0
  - Tool uses inserted: 0
  - Tool results inserted: 0
  - Attachments inserted: 0
  - Env info inserted: 0
  - Errors: 1
Synced 0 records from 78b81eef-1eab-41e2-bbcf-ccff902c5c62 (6 tool calls extracted)
Errors in 78b81eef-1eab-41e2-bbcf-ccff902c5c62: [
  TypeError: The database connection is not open
      at sqliteTransaction (/home/joshf/mem-sqlite/node_modules/better-sqlite3/lib/methods/transaction.js:63:9)
      at <anonymous> (/home/joshf/mem-sqlite/sync_engine/execute/database.ts:311:7)
      at retryDatabaseOperation (/home/joshf/mem-sqlite/sync_engine/execute/database.ts:163:14)
      at executeParsedEntries (/home/joshf/mem-sqlite/sync_engine/execute/database.ts:193:10)
      at processJsonlFile (/home/joshf/mem-sqlite/sync_engine/claude_code/index.ts:69:20)
      at runClaudeCodeSync (/home/joshf/mem-sqlite/sync_engine/claude_code/index.ts:112:13)
      at async sync (/home/joshf/mem-sqlite/cli.ts:19:3)
      at async main (/home/joshf/mem-sqlite/cli.ts:56:7)
]
DEBUG: Processing JSONL file: /home/joshf/.claude/projects/-home-joshf-burn-after-reading/843aa6b5-f20b-4cda-ab9c-f07fc87b5cc9.jsonl
DEBUG: Extracted session ID: 843aa6b5-f20b-4cda-ab9c-f07fc87b5cc9
DEBUG: File size: 0.00 MB
DEBUG: Reading file content from: /home/joshf/.claude/projects/-home-joshf-burn-after-reading/843aa6b5-f20b-4cda-ab9c-f07fc87b5cc9.jsonl
DEBUG: File content length: 2914 characters
DEBUG: Found 6 non-empty lines
DEBUG: Parsed 6 JSON messages
DEBUG: Parsing stats - total: 6, messages: 6, toolUses: 0, toolResults: 0, errors: 0, skipped: 0
DEBUG: Database operation complete:
  - Messages inserted: 0, updated: 0
  - Tool uses inserted: 0
  - Tool results inserted: 0
  - Attachments inserted: 0
  - Env info inserted: 0
  - Errors: 1
Synced 0 records from 843aa6b5-f20b-4cda-ab9c-f07fc87b5cc9 (0 tool calls extracted)
Errors in 843aa6b5-f20b-4cda-ab9c-f07fc87b5cc9: [
  TypeError: The database connection is not open
      at sqliteTransaction (/home/joshf/mem-sqlite/node_modules/better-sqlite3/lib/methods/transaction.js:63:9)
      at <anonymous> (/home/joshf/mem-sqlite/sync_engine/execute/database.ts:311:7)
      at retryDatabaseOperation (/home/joshf/mem-sqlite/sync_engine/execute/database.ts:163:14)
      at executeParsedEntries (/home/joshf/mem-sqlite/sync_engine/execute/database.ts:193:10)
      at processJsonlFile (/home/joshf/mem-sqlite/sync_engine/claude_code/index.ts:69:20)
      at runClaudeCodeSync (/home/joshf/mem-sqlite/sync_engine/claude_code/index.ts:112:13)
      at async sync (/home/joshf/mem-sqlite/cli.ts:19:3)
      at async main (/home/joshf/mem-sqlite/cli.ts:56:7)
]
DEBUG: Processing JSONL file: /home/joshf/.claude/projects/-home-joshf-burn-after-reading/b45a3534-8e78-4c30-84d4-982c1d280830.jsonl
DEBUG: Extracted session ID: b45a3534-8e78-4c30-84d4-982c1d280830
DEBUG: File size: 0.95 MB
DEBUG: Reading file content from: /home/joshf/.claude/projects/-home-joshf-burn-after-reading/b45a3534-8e78-4c30-84d4-982c1d280830.jsonl
DEBUG: File content length: 989001 characters
DEBUG: Found 245 non-empty lines
DEBUG: Parsed 245 JSON messages
DEBUG: Parsing stats - total: 245, messages: 68, toolUses: 89, toolResults: 89, errors: 0, skipped: 177
DEBUG: Database operation complete:
  - Messages inserted: 0, updated: 0
  - Tool uses inserted: 0
  - Tool results inserted: 0
  - Attachments inserted: 0
  - Env info inserted: 0
  - Errors: 1
Synced 0 records from b45a3534-8e78-4c30-84d4-982c1d280830 (89 tool calls extracted)
Errors in b45a3534-8e78-4c30-84d4-982c1d280830: [
  TypeError: The database connection is not open
      at sqliteTransaction (/home/joshf/mem-sqlite/node_modules/better-sqlite3/lib/methods/transaction.js:63:9)
      at <anonymous> (/home/joshf/mem-sqlite/sync_engine/execute/database.ts:311:7)
      at retryDatabaseOperation (/home/joshf/mem-sqlite/sync_engine/execute/database.ts:163:14)
      at executeParsedEntries (/home/joshf/mem-sqlite/sync_engine/execute/database.ts:193:10)
      at processJsonlFile (/home/joshf/mem-sqlite/sync_engine/claude_code/index.ts:69:20)
      at runClaudeCodeSync (/home/joshf/mem-sqlite/sync_engine/claude_code/index.ts:112:13)
      at async sync (/home/joshf/mem-sqlite/cli.ts:19:3)
      at async main (/home/joshf/mem-sqlite/cli.ts:56:7)
]
DEBUG: Processing JSONL file: /home/joshf/.claude/projects/-home-joshf-burn-after-reading/bf62eba0-a7d9-4756-a299-ddfe3f1a670a.jsonl
DEBUG: Extracted session ID: bf62eba0-a7d9-4756-a299-ddfe3f1a670a
DEBUG: File size: 5.92 MB
DEBUG: Reading file content from: /home/joshf/.claude/projects/-home-joshf-burn-after-reading/bf62eba0-a7d9-4756-a299-ddfe3f1a670a.jsonl
DEBUG: File content length: 6184423 characters
DEBUG: Found 2511 non-empty lines
DEBUG: Parsed 2511 JSON messages
DEBUG: Parsing stats - total: 2511, messages: 738, toolUses: 867, toolResults: 867, errors: 2, skipped: 1773
DEBUG: Database operation complete:
  - Messages inserted: 0, updated: 0
  - Tool uses inserted: 0
  - Tool results inserted: 0
  - Attachments inserted: 0
  - Env info inserted: 0
  - Errors: 1
Synced 0 records from bf62eba0-a7d9-4756-a299-ddfe3f1a670a (867 tool calls extracted)
Errors in bf62eba0-a7d9-4756-a299-ddfe3f1a670a: [
  TypeError: The database connection is not open
      at sqliteTransaction (/home/joshf/mem-sqlite/node_modules/better-sqlite3/lib/methods/transaction.js:63:9)
      at <anonymous> (/home/joshf/mem-sqlite/sync_engine/execute/database.ts:311:7)
      at retryDatabaseOperation (/home/joshf/mem-sqlite/sync_engine/execute/database.ts:163:14)
      at executeParsedEntries (/home/joshf/mem-sqlite/sync_engine/execute/database.ts:193:10)
      at processJsonlFile (/home/joshf/mem-sqlite/sync_engine/claude_code/index.ts:69:20)
      at runClaudeCodeSync (/home/joshf/mem-sqlite/sync_engine/claude_code/index.ts:112:13)
      at async sync (/home/joshf/mem-sqlite/cli.ts:19:3)
      at async main (/home/joshf/mem-sqlite/cli.ts:56:7)
]
DEBUG: Processing JSONL file: /home/joshf/.claude/projects/-home-joshf-burn-after-reading/c1b9f6fc-ac6c-48e1-931c-9336cdd5bb46.jsonl
DEBUG: Extracted session ID: c1b9f6fc-ac6c-48e1-931c-9336cdd5bb46
DEBUG: File size: 0.18 MB
DEBUG: Reading file content from: /home/joshf/.claude/projects/-home-joshf-burn-after-reading/c1b9f6fc-ac6c-48e1-931c-9336cdd5bb46.jsonl
DEBUG: File content length: 185008 characters
DEBUG: Found 110 non-empty lines
DEBUG: Parsed 110 JSON messages
DEBUG: Parsing stats - total: 110, messages: 37, toolUses: 33, toolResults: 33, errors: 0, skipped: 73
DEBUG: Database operation complete:
  - Messages inserted: 0, updated: 0
  - Tool uses inserted: 0
  - Tool results inserted: 0
  - Attachments inserted: 0
  - Env info inserted: 0
  - Errors: 1
Synced 0 records from c1b9f6fc-ac6c-48e1-931c-9336cdd5bb46 (33 tool calls extracted)
Errors in c1b9f6fc-ac6c-48e1-931c-9336cdd5bb46: [
  TypeError: The database connection is not open
      at sqliteTransaction (/home/joshf/mem-sqlite/node_modules/better-sqlite3/lib/methods/transaction.js:63:9)
      at <anonymous> (/home/joshf/mem-sqlite/sync_engine/execute/database.ts:311:7)
      at retryDatabaseOperation (/home/joshf/mem-sqlite/sync_engine/execute/database.ts:163:14)
      at executeParsedEntries (/home/joshf/mem-sqlite/sync_engine/execute/database.ts:193:10)
      at processJsonlFile (/home/joshf/mem-sqlite/sync_engine/claude_code/index.ts:69:20)
      at runClaudeCodeSync (/home/joshf/mem-sqlite/sync_engine/claude_code/index.ts:112:13)
      at async sync (/home/joshf/mem-sqlite/cli.ts:19:3)
      at async main (/home/joshf/mem-sqlite/cli.ts:56:7)
]
DEBUG: Processing JSONL file: /home/joshf/.claude/projects/-home-joshf-burn-after-reading/c760e8b8-c50d-4723-bcde-d3bbe56ea934.jsonl
DEBUG: Extracted session ID: c760e8b8-c50d-4723-bcde-d3bbe56ea934
DEBUG: File size: 0.00 MB
DEBUG: Reading file content from: /home/joshf/.claude/projects/-home-joshf-burn-after-reading/c760e8b8-c50d-4723-bcde-d3bbe56ea934.jsonl
DEBUG: File content length: 3050 characters
DEBUG: Found 7 non-empty lines
DEBUG: Parsed 7 JSON messages
DEBUG: Parsing stats - total: 7, messages: 7, toolUses: 0, toolResults: 0, errors: 1, skipped: 0
DEBUG: Database operation complete:
  - Messages inserted: 0, updated: 0
  - Tool uses inserted: 0
  - Tool results inserted: 0
  - Attachments inserted: 0
  - Env info inserted: 0
  - Errors: 1
Synced 0 records from c760e8b8-c50d-4723-bcde-d3bbe56ea934 (0 tool calls extracted)
Errors in c760e8b8-c50d-4723-bcde-d3bbe56ea934: [
  TypeError: The database connection is not open
      at sqliteTransaction (/home/joshf/mem-sqlite/node_modules/better-sqlite3/lib/methods/transaction.js:63:9)
      at <anonymous> (/home/joshf/mem-sqlite/sync_engine/execute/database.ts:311:7)
      at retryDatabaseOperation (/home/joshf/mem-sqlite/sync_engine/execute/database.ts:163:14)
      at executeParsedEntries (/home/joshf/mem-sqlite/sync_engine/execute/database.ts:193:10)
      at processJsonlFile (/home/joshf/mem-sqlite/sync_engine/claude_code/index.ts:69:20)
      at runClaudeCodeSync (/home/joshf/mem-sqlite/sync_engine/claude_code/index.ts:112:13)
      at async sync (/home/joshf/mem-sqlite/cli.ts:19:3)
      at async main (/home/joshf/mem-sqlite/cli.ts:56:7)
]
DEBUG: Processing JSONL file: /home/joshf/.claude/projects/-home-joshf-burn-after-reading/f4685951-9cc1-43e2-8146-4bb35a539b3a.jsonl
DEBUG: Extracted session ID: f4685951-9cc1-43e2-8146-4bb35a539b3a
DEBUG: File size: 0.01 MB
DEBUG: Reading file content from: /home/joshf/.claude/projects/-home-joshf-burn-after-reading/f4685951-9cc1-43e2-8146-4bb35a539b3a.jsonl
DEBUG: File content length: 11411 characters
DEBUG: Found 14 non-empty lines
DEBUG: Parsed 14 JSON messages
DEBUG: Parsing stats - total: 14, messages: 10, toolUses: 2, toolResults: 2, errors: 1, skipped: 4
DEBUG: Database operation complete:
  - Messages inserted: 0, updated: 0
  - Tool uses inserted: 0
  - Tool results inserted: 0
  - Attachments inserted: 0
  - Env info inserted: 0
  - Errors: 1
Synced 0 records from f4685951-9cc1-43e2-8146-4bb35a539b3a (2 tool calls extracted)
Errors in f4685951-9cc1-43e2-8146-4bb35a539b3a: [
  TypeError: The database connection is not open
      at sqliteTransaction (/home/joshf/mem-sqlite/node_modules/better-sqlite3/lib/methods/transaction.js:63:9)
      at <anonymous> (/home/joshf/mem-sqlite/sync_engine/execute/database.ts:311:7)
      at retryDatabaseOperation (/home/joshf/mem-sqlite/sync_engine/execute/database.ts:163:14)
      at executeParsedEntries (/home/joshf/mem-sqlite/sync_engine/execute/database.ts:193:10)
      at processJsonlFile (/home/joshf/mem-sqlite/sync_engine/claude_code/index.ts:69:20)
      at runClaudeCodeSync (/home/joshf/mem-sqlite/sync_engine/claude_code/index.ts:112:13)
      at async sync (/home/joshf/mem-sqlite/cli.ts:19:3)
      at async main (/home/joshf/mem-sqlite/cli.ts:56:7)
]
DEBUG: Processing JSONL file: /home/joshf/.claude/projects/-home-joshf-crush/1152f6b3-335a-4b87-8469-f65c243d9918.jsonl
DEBUG: Extracted session ID: 1152f6b3-335a-4b87-8469-f65c243d9918
DEBUG: File size: 0.62 MB
DEBUG: Reading file content from: /home/joshf/.claude/projects/-home-joshf-crush/1152f6b3-335a-4b87-8469-f65c243d9918.jsonl
DEBUG: File content length: 647223 characters
DEBUG: Found 106 non-empty lines
DEBUG: Parsed 106 JSON messages
DEBUG: Parsing stats - total: 106, messages: 18, toolUses: 44, toolResults: 44, errors: 0, skipped: 88
DEBUG: Database operation complete:
  - Messages inserted: 0, updated: 0
  - Tool uses inserted: 0
  - Tool results inserted: 0
  - Attachments inserted: 0
  - Env info inserted: 0
  - Errors: 1
Synced 0 records from 1152f6b3-335a-4b87-8469-f65c243d9918 (44 tool calls extracted)
Errors in 1152f6b3-335a-4b87-8469-f65c243d9918: [
  TypeError: The database connection is not open
      at sqliteTransaction (/home/joshf/mem-sqlite/node_modules/better-sqlite3/lib/methods/transaction.js:63:9)
      at <anonymous> (/home/joshf/mem-sqlite/sync_engine/execute/database.ts:311:7)
      at retryDatabaseOperation (/home/joshf/mem-sqlite/sync_engine/execute/database.ts:163:14)
      at executeParsedEntries (/home/joshf/mem-sqlite/sync_engine/execute/database.ts:193:10)
      at processJsonlFile (/home/joshf/mem-sqlite/sync_engine/claude_code/index.ts:69:20)
      at runClaudeCodeSync (/home/joshf/mem-sqlite/sync_engine/claude_code/index.ts:112:13)
      at async sync (/home/joshf/mem-sqlite/cli.ts:19:3)
      at async main (/home/joshf/mem-sqlite/cli.ts:56:7)
]
DEBUG: Processing JSONL file: /home/joshf/.claude/projects/-home-joshf-crush/9d0637b5-2648-4b77-8c02-3a14fb580eab.jsonl
DEBUG: Extracted session ID: 9d0637b5-2648-4b77-8c02-3a14fb580eab
DEBUG: File size: 3.85 MB
DEBUG: Reading file content from: /home/joshf/.claude/projects/-home-joshf-crush/9d0637b5-2648-4b77-8c02-3a14fb580eab.jsonl
DEBUG: File content length: 4029402 characters
DEBUG: Found 1022 non-empty lines
DEBUG: Parsed 1022 JSON messages
DEBUG: Parsing stats - total: 1022, messages: 312, toolUses: 357, toolResults: 357, errors: 0, skipped: 710
DEBUG: Database operation complete:
  - Messages inserted: 0, updated: 0
  - Tool uses inserted: 0
  - Tool results inserted: 0
  - Attachments inserted: 0
  - Env info inserted: 0
  - Errors: 1
Synced 0 records from 9d0637b5-2648-4b77-8c02-3a14fb580eab (357 tool calls extracted)
Errors in 9d0637b5-2648-4b77-8c02-3a14fb580eab: [
  TypeError: The database connection is not open
      at sqliteTransaction (/home/joshf/mem-sqlite/node_modules/better-sqlite3/lib/methods/transaction.js:63:9)
      at <anonymous> (/home/joshf/mem-sqlite/sync_engine/execute/database.ts:311:7)
      at retryDatabaseOperation (/home/joshf/mem-sqlite/sync_engine/execute/database.ts:163:14)
      at executeParsedEntries (/home/joshf/mem-sqlite/sync_engine/execute/database.ts:193:10)
      at processJsonlFile (/home/joshf/mem-sqlite/sync_engine/claude_code/index.ts:69:20)
      at runClaudeCodeSync (/home/joshf/mem-sqlite/sync_engine/claude_code/index.ts:112:13)
      at async sync (/home/joshf/mem-sqlite/cli.ts:19:3)
      at async main (/home/joshf/mem-sqlite/cli.ts:56:7)
]
DEBUG: Processing JSONL file: /home/joshf/.claude/projects/-home-joshf-crush/f619efb2-e340-4bbb-9cd9-403b92ab2455.jsonl
DEBUG: Extracted session ID: f619efb2-e340-4bbb-9cd9-403b92ab2455
DEBUG: File size: 0.33 MB
DEBUG: Reading file content from: /home/joshf/.claude/projects/-home-joshf-crush/f619efb2-e340-4bbb-9cd9-403b92ab2455.jsonl
DEBUG: File content length: 340632 characters
DEBUG: Found 89 non-empty lines
DEBUG: Parsed 89 JSON messages
DEBUG: Parsing stats - total: 89, messages: 25, toolUses: 32, toolResults: 32, errors: 2, skipped: 64
DEBUG: Database operation complete:
  - Messages inserted: 0, updated: 0
  - Tool uses inserted: 0
  - Tool results inserted: 0
  - Attachments inserted: 0
  - Env info inserted: 0
  - Errors: 1
Synced 0 records from f619efb2-e340-4bbb-9cd9-403b92ab2455 (32 tool calls extracted)
Errors in f619efb2-e340-4bbb-9cd9-403b92ab2455: [
  TypeError: The database connection is not open
      at sqliteTransaction (/home/joshf/mem-sqlite/node_modules/better-sqlite3/lib/methods/transaction.js:63:9)
      at <anonymous> (/home/joshf/mem-sqlite/sync_engine/execute/database.ts:311:7)
      at retryDatabaseOperation (/home/joshf/mem-sqlite/sync_engine/execute/database.ts:163:14)
      at executeParsedEntries (/home/joshf/mem-sqlite/sync_engine/execute/database.ts:193:10)
      at processJsonlFile (/home/joshf/mem-sqlite/sync_engine/claude_code/index.ts:69:20)
      at runClaudeCodeSync (/home/joshf/mem-sqlite/sync_engine/claude_code/index.ts:112:13)
      at async sync (/home/joshf/mem-sqlite/cli.ts:19:3)
      at async main (/home/joshf/mem-sqlite/cli.ts:56:7)
]
DEBUG: Processing JSONL file: /home/joshf/.claude/projects/-home-joshf-kelly/46bef46a-715c-47b0-bcf3-89daeb5f174a.jsonl
DEBUG: Extracted session ID: 46bef46a-715c-47b0-bcf3-89daeb5f174a
DEBUG: File size: 0.08 MB
DEBUG: Reading file content from: /home/joshf/.claude/projects/-home-joshf-kelly/46bef46a-715c-47b0-bcf3-89daeb5f174a.jsonl
DEBUG: File content length: 86212 characters
DEBUG: Found 58 non-empty lines
DEBUG: Parsed 58 JSON messages
DEBUG: Parsing stats - total: 58, messages: 26, toolUses: 16, toolResults: 16, errors: 0, skipped: 32
DEBUG: Database operation complete:
  - Messages inserted: 0, updated: 0
  - Tool uses inserted: 0
  - Tool results inserted: 0
  - Attachments inserted: 0
  - Env info inserted: 0
  - Errors: 1
Synced 0 records from 46bef46a-715c-47b0-bcf3-89daeb5f174a (16 tool calls extracted)
Errors in 46bef46a-715c-47b0-bcf3-89daeb5f174a: [
  TypeError: The database connection is not open
      at sqliteTransaction (/home/joshf/mem-sqlite/node_modules/better-sqlite3/lib/methods/transaction.js:63:9)
      at <anonymous> (/home/joshf/mem-sqlite/sync_engine/execute/database.ts:311:7)
      at retryDatabaseOperation (/home/joshf/mem-sqlite/sync_engine/execute/database.ts:163:14)
      at executeParsedEntries (/home/joshf/mem-sqlite/sync_engine/execute/database.ts:193:10)
      at processJsonlFile (/home/joshf/mem-sqlite/sync_engine/claude_code/index.ts:69:20)
      at runClaudeCodeSync (/home/joshf/mem-sqlite/sync_engine/claude_code/index.ts:112:13)
      at async sync (/home/joshf/mem-sqlite/cli.ts:19:3)
      at async main (/home/joshf/mem-sqlite/cli.ts:56:7)
]
DEBUG: Processing JSONL file: /home/joshf/.claude/projects/-home-joshf-kelly/59aa0ea2-3c87-4fcf-ac52-7cf7014c7ba4.jsonl
DEBUG: Extracted session ID: 59aa0ea2-3c87-4fcf-ac52-7cf7014c7ba4
DEBUG: File size: 0.09 MB
DEBUG: Reading file content from: /home/joshf/.claude/projects/-home-joshf-kelly/59aa0ea2-3c87-4fcf-ac52-7cf7014c7ba4.jsonl
DEBUG: File content length: 94152 characters
DEBUG: Found 67 non-empty lines
DEBUG: Parsed 67 JSON messages
DEBUG: Parsing stats - total: 67, messages: 33, toolUses: 17, toolResults: 17, errors: 1, skipped: 34
DEBUG: Database operation complete:
  - Messages inserted: 0, updated: 0
  - Tool uses inserted: 0
  - Tool results inserted: 0
  - Attachments inserted: 0
  - Env info inserted: 0
  - Errors: 1
Synced 0 records from 59aa0ea2-3c87-4fcf-ac52-7cf7014c7ba4 (17 tool calls extracted)
Errors in 59aa0ea2-3c87-4fcf-ac52-7cf7014c7ba4: [
  TypeError: The database connection is not open
      at sqliteTransaction (/home/joshf/mem-sqlite/node_modules/better-sqlite3/lib/methods/transaction.js:63:9)
      at <anonymous> (/home/joshf/mem-sqlite/sync_engine/execute/database.ts:311:7)
      at retryDatabaseOperation (/home/joshf/mem-sqlite/sync_engine/execute/database.ts:163:14)
      at executeParsedEntries (/home/joshf/mem-sqlite/sync_engine/execute/database.ts:193:10)
      at processJsonlFile (/home/joshf/mem-sqlite/sync_engine/claude_code/index.ts:69:20)
      at runClaudeCodeSync (/home/joshf/mem-sqlite/sync_engine/claude_code/index.ts:112:13)
      at async sync (/home/joshf/mem-sqlite/cli.ts:19:3)
      at async main (/home/joshf/mem-sqlite/cli.ts:56:7)
]
DEBUG: Processing JSONL file: /home/joshf/.claude/projects/-home-joshf-kelly/63f52168-29a9-47f6-8618-782b60b77d9f.jsonl
DEBUG: Extracted session ID: 63f52168-29a9-47f6-8618-782b60b77d9f
DEBUG: File size: 0.10 MB
DEBUG: Reading file content from: /home/joshf/.claude/projects/-home-joshf-kelly/63f52168-29a9-47f6-8618-782b60b77d9f.jsonl
DEBUG: File content length: 103283 characters
DEBUG: Found 83 non-empty lines
DEBUG: Parsed 83 JSON messages
DEBUG: Parsing stats - total: 83, messages: 49, toolUses: 17, toolResults: 17, errors: 1, skipped: 34
DEBUG: Database operation complete:
  - Messages inserted: 0, updated: 0
  - Tool uses inserted: 0
  - Tool results inserted: 0
  - Attachments inserted: 0
  - Env info inserted: 0
  - Errors: 1
Synced 0 records from 63f52168-29a9-47f6-8618-782b60b77d9f (17 tool calls extracted)
Errors in 63f52168-29a9-47f6-8618-782b60b77d9f: [
  TypeError: The database connection is not open
      at sqliteTransaction (/home/joshf/mem-sqlite/node_modules/better-sqlite3/lib/methods/transaction.js:63:9)
      at <anonymous> (/home/joshf/mem-sqlite/sync_engine/execute/database.ts:311:7)
      at retryDatabaseOperation (/home/joshf/mem-sqlite/sync_engine/execute/database.ts:163:14)
      at executeParsedEntries (/home/joshf/mem-sqlite/sync_engine/execute/database.ts:193:10)
      at processJsonlFile (/home/joshf/mem-sqlite/sync_engine/claude_code/index.ts:69:20)
      at runClaudeCodeSync (/home/joshf/mem-sqlite/sync_engine/claude_code/index.ts:112:13)
      at async sync (/home/joshf/mem-sqlite/cli.ts:19:3)
      at async main (/home/joshf/mem-sqlite/cli.ts:56:7)
]
DEBUG: Processing JSONL file: /home/joshf/.claude/projects/-home-joshf-kelly/bcab64ab-acd9-465f-8e8e-dfc207793f50.jsonl
DEBUG: Extracted session ID: bcab64ab-acd9-465f-8e8e-dfc207793f50
DEBUG: File size: 0.09 MB
DEBUG: Reading file content from: /home/joshf/.claude/projects/-home-joshf-kelly/bcab64ab-acd9-465f-8e8e-dfc207793f50.jsonl
DEBUG: File content length: 99162 characters
DEBUG: Found 76 non-empty lines
DEBUG: Parsed 76 JSON messages
DEBUG: Parsing stats - total: 76, messages: 42, toolUses: 17, toolResults: 17, errors: 0, skipped: 34
DEBUG: Database operation complete:
  - Messages inserted: 0, updated: 0
  - Tool uses inserted: 0
  - Tool results inserted: 0
  - Attachments inserted: 0
  - Env info inserted: 0
  - Errors: 1
Synced 0 records from bcab64ab-acd9-465f-8e8e-dfc207793f50 (17 tool calls extracted)
Errors in bcab64ab-acd9-465f-8e8e-dfc207793f50: [
  TypeError: The database connection is not open
      at sqliteTransaction (/home/joshf/mem-sqlite/node_modules/better-sqlite3/lib/methods/transaction.js:63:9)
      at <anonymous> (/home/joshf/mem-sqlite/sync_engine/execute/database.ts:311:7)
      at retryDatabaseOperation (/home/joshf/mem-sqlite/sync_engine/execute/database.ts:163:14)
      at executeParsedEntries (/home/joshf/mem-sqlite/sync_engine/execute/database.ts:193:10)
      at processJsonlFile (/home/joshf/mem-sqlite/sync_engine/claude_code/index.ts:69:20)
      at runClaudeCodeSync (/home/joshf/mem-sqlite/sync_engine/claude_code/index.ts:112:13)
      at async sync (/home/joshf/mem-sqlite/cli.ts:19:3)
      at async main (/home/joshf/mem-sqlite/cli.ts:56:7)
]
DEBUG: Processing JSONL file: /home/joshf/.claude/projects/-home-joshf-kelly/c41e19a9-aead-4158-8970-2f9e978ebe5d.jsonl
DEBUG: Extracted session ID: c41e19a9-aead-4158-8970-2f9e978ebe5d
DEBUG: File size: 3.33 MB
DEBUG: Reading file content from: /home/joshf/.claude/projects/-home-joshf-kelly/c41e19a9-aead-4158-8970-2f9e978ebe5d.jsonl
DEBUG: File content length: 3473078 characters
DEBUG: Found 1039 non-empty lines
DEBUG: Parsed 1039 JSON messages
DEBUG: Parsing stats - total: 1039, messages: 287, toolUses: 376, toolResults: 376, errors: 2, skipped: 752
DEBUG: Database operation complete:
  - Messages inserted: 0, updated: 0
  - Tool uses inserted: 0
  - Tool results inserted: 0
  - Attachments inserted: 0
  - Env info inserted: 0
  - Errors: 1
Synced 0 records from c41e19a9-aead-4158-8970-2f9e978ebe5d (376 tool calls extracted)
Errors in c41e19a9-aead-4158-8970-2f9e978ebe5d: [
  TypeError: The database connection is not open
      at sqliteTransaction (/home/joshf/mem-sqlite/node_modules/better-sqlite3/lib/methods/transaction.js:63:9)
      at <anonymous> (/home/joshf/mem-sqlite/sync_engine/execute/database.ts:311:7)
      at retryDatabaseOperation (/home/joshf/mem-sqlite/sync_engine/execute/database.ts:163:14)
      at executeParsedEntries (/home/joshf/mem-sqlite/sync_engine/execute/database.ts:193:10)
      at processJsonlFile (/home/joshf/mem-sqlite/sync_engine/claude_code/index.ts:69:20)
      at runClaudeCodeSync (/home/joshf/mem-sqlite/sync_engine/claude_code/index.ts:112:13)
      at async sync (/home/joshf/mem-sqlite/cli.ts:19:3)
      at async main (/home/joshf/mem-sqlite/cli.ts:56:7)
]
DEBUG: Processing JSONL file: /home/joshf/.claude/projects/-home-joshf-kelly/e7410fd9-a404-4a21-8d68-d6800478d1f4.jsonl
DEBUG: Extracted session ID: e7410fd9-a404-4a21-8d68-d6800478d1f4
DEBUG: File size: 0.61 MB
DEBUG: Reading file content from: /home/joshf/.claude/projects/-home-joshf-kelly/e7410fd9-a404-4a21-8d68-d6800478d1f4.jsonl
DEBUG: File content length: 637480 characters
DEBUG: Found 312 non-empty lines
DEBUG: Parsed 312 JSON messages
DEBUG: Parsing stats - total: 312, messages: 118, toolUses: 97, toolResults: 97, errors: 0, skipped: 194
DEBUG: Database operation complete:
  - Messages inserted: 0, updated: 0
  - Tool uses inserted: 0
  - Tool results inserted: 0
  - Attachments inserted: 0
  - Env info inserted: 0
  - Errors: 1
Synced 0 records from e7410fd9-a404-4a21-8d68-d6800478d1f4 (97 tool calls extracted)
Errors in e7410fd9-a404-4a21-8d68-d6800478d1f4: [
  TypeError: The database connection is not open
      at sqliteTransaction (/home/joshf/mem-sqlite/node_modules/better-sqlite3/lib/methods/transaction.js:63:9)
      at <anonymous> (/home/joshf/mem-sqlite/sync_engine/execute/database.ts:311:7)
      at retryDatabaseOperation (/home/joshf/mem-sqlite/sync_engine/execute/database.ts:163:14)
      at executeParsedEntries (/home/joshf/mem-sqlite/sync_engine/execute/database.ts:193:10)
      at processJsonlFile (/home/joshf/mem-sqlite/sync_engine/claude_code/index.ts:69:20)
      at runClaudeCodeSync (/home/joshf/mem-sqlite/sync_engine/claude_code/index.ts:112:13)
      at async sync (/home/joshf/mem-sqlite/cli.ts:19:3)
      at async main (/home/joshf/mem-sqlite/cli.ts:56:7)
]
DEBUG: Processing JSONL file: /home/joshf/.claude/projects/-home-joshf-mem-sqlite/a850ce33-f4db-4c24-ab4d-420fa2a8d31c.jsonl
DEBUG: Extracted session ID: a850ce33-f4db-4c24-ab4d-420fa2a8d31c
DEBUG: File size: 1.32 MB
DEBUG: Reading file content from: /home/joshf/.claude/projects/-home-joshf-mem-sqlite/a850ce33-f4db-4c24-ab4d-420fa2a8d31c.jsonl
DEBUG: File content length: 1375885 characters
DEBUG: Found 476 non-empty lines
DEBUG: Parsed 476 JSON messages
DEBUG: Parsing stats - total: 476, messages: 138, toolUses: 170, toolResults: 170, errors: 0, skipped: 338
DEBUG: Database operation complete:
  - Messages inserted: 0, updated: 0
  - Tool uses inserted: 0
  - Tool results inserted: 0
  - Attachments inserted: 0
  - Env info inserted: 0
  - Errors: 1
Synced 0 records from a850ce33-f4db-4c24-ab4d-420fa2a8d31c (170 tool calls extracted)
Errors in a850ce33-f4db-4c24-ab4d-420fa2a8d31c: [
  TypeError: The database connection is not open
      at sqliteTransaction (/home/joshf/mem-sqlite/node_modules/better-sqlite3/lib/methods/transaction.js:63:9)
      at <anonymous> (/home/joshf/mem-sqlite/sync_engine/execute/database.ts:311:7)
      at retryDatabaseOperation (/home/joshf/mem-sqlite/sync_engine/execute/database.ts:163:14)
      at executeParsedEntries (/home/joshf/mem-sqlite/sync_engine/execute/database.ts:193:10)
      at processJsonlFile (/home/joshf/mem-sqlite/sync_engine/claude_code/index.ts:69:20)
      at runClaudeCodeSync (/home/joshf/mem-sqlite/sync_engine/claude_code/index.ts:112:13)
      at async sync (/home/joshf/mem-sqlite/cli.ts:19:3)
      at async main (/home/joshf/mem-sqlite/cli.ts:56:7)
]
DEBUG: Processing JSONL file: /home/joshf/.claude/projects/-home-joshf-mem-sqlite/d3650918-3d70-4a5d-b878-93d0a2ebd541.jsonl
DEBUG: Extracted session ID: d3650918-3d70-4a5d-b878-93d0a2ebd541
DEBUG: File size: 1.15 MB
DEBUG: Reading file content from: /home/joshf/.claude/projects/-home-joshf-mem-sqlite/d3650918-3d70-4a5d-b878-93d0a2ebd541.jsonl
DEBUG: File content length: 1201321 characters
DEBUG: Found 381 non-empty lines
DEBUG: Parsed 381 JSON messages
DEBUG: Parsing stats - total: 381, messages: 125, toolUses: 128, toolResults: 128, errors: 4, skipped: 256
DEBUG: Database operation complete:
  - Messages inserted: 0, updated: 0
  - Tool uses inserted: 0
  - Tool results inserted: 0
  - Attachments inserted: 0
  - Env info inserted: 0
  - Errors: 1
Synced 0 records from d3650918-3d70-4a5d-b878-93d0a2ebd541 (128 tool calls extracted)
Errors in d3650918-3d70-4a5d-b878-93d0a2ebd541: [
  TypeError: The database connection is not open
      at sqliteTransaction (/home/joshf/mem-sqlite/node_modules/better-sqlite3/lib/methods/transaction.js:63:9)
      at <anonymous> (/home/joshf/mem-sqlite/sync_engine/execute/database.ts:311:7)
      at retryDatabaseOperation (/home/joshf/mem-sqlite/sync_engine/execute/database.ts:163:14)
      at executeParsedEntries (/home/joshf/mem-sqlite/sync_engine/execute/database.ts:193:10)
      at processJsonlFile (/home/joshf/mem-sqlite/sync_engine/claude_code/index.ts:69:20)
      at runClaudeCodeSync (/home/joshf/mem-sqlite/sync_engine/claude_code/index.ts:112:13)
      at async sync (/home/joshf/mem-sqlite/cli.ts:19:3)
      at async main (/home/joshf/mem-sqlite/cli.ts:56:7)
]
DEBUG: Processing JSONL file: /home/joshf/.claude/projects/-home-joshf-memoize/1a989b90-a93d-498a-bba7-e8aa80de7ddb.jsonl
DEBUG: Extracted session ID: 1a989b90-a93d-498a-bba7-e8aa80de7ddb
DEBUG: File size: 0.06 MB
DEBUG: Reading file content from: /home/joshf/.claude/projects/-home-joshf-memoize/1a989b90-a93d-498a-bba7-e8aa80de7ddb.jsonl
DEBUG: File content length: 60630 characters
DEBUG: Found 10 non-empty lines
DEBUG: Parsed 10 JSON messages
DEBUG: Parsing stats - total: 10, messages: 8, toolUses: 1, toolResults: 1, errors: 0, skipped: 2
DEBUG: Database operation complete:
  - Messages inserted: 0, updated: 0
  - Tool uses inserted: 0
  - Tool results inserted: 0
  - Attachments inserted: 0
  - Env info inserted: 0
  - Errors: 1
Synced 0 records from 1a989b90-a93d-498a-bba7-e8aa80de7ddb (1 tool calls extracted)
Errors in 1a989b90-a93d-498a-bba7-e8aa80de7ddb: [
  TypeError: The database connection is not open
      at sqliteTransaction (/home/joshf/mem-sqlite/node_modules/better-sqlite3/lib/methods/transaction.js:63:9)
      at <anonymous> (/home/joshf/mem-sqlite/sync_engine/execute/database.ts:311:7)
      at retryDatabaseOperation (/home/joshf/mem-sqlite/sync_engine/execute/database.ts:163:14)
      at executeParsedEntries (/home/joshf/mem-sqlite/sync_engine/execute/database.ts:193:10)
      at processJsonlFile (/home/joshf/mem-sqlite/sync_engine/claude_code/index.ts:69:20)
      at runClaudeCodeSync (/home/joshf/mem-sqlite/sync_engine/claude_code/index.ts:112:13)
      at async sync (/home/joshf/mem-sqlite/cli.ts:19:3)
      at async main (/home/joshf/mem-sqlite/cli.ts:56:7)
]
DEBUG: Processing JSONL file: /home/joshf/.claude/projects/-home-joshf-memoize/4d5c7703-6e92-4e0e-a14a-19100ce3fdba.jsonl
DEBUG: Extracted session ID: 4d5c7703-6e92-4e0e-a14a-19100ce3fdba
DEBUG: File size: 0.01 MB
DEBUG: Reading file content from: /home/joshf/.claude/projects/-home-joshf-memoize/4d5c7703-6e92-4e0e-a14a-19100ce3fdba.jsonl
DEBUG: File content length: 10657 characters
DEBUG: Found 14 non-empty lines
DEBUG: Parsed 14 JSON messages
DEBUG: Parsing stats - total: 14, messages: 12, toolUses: 1, toolResults: 1, errors: 1, skipped: 2
DEBUG: Database operation complete:
  - Messages inserted: 0, updated: 0
  - Tool uses inserted: 0
  - Tool results inserted: 0
  - Attachments inserted: 0
  - Env info inserted: 0
  - Errors: 1
Synced 0 records from 4d5c7703-6e92-4e0e-a14a-19100ce3fdba (1 tool calls extracted)
Errors in 4d5c7703-6e92-4e0e-a14a-19100ce3fdba: [
  TypeError: The database connection is not open
      at sqliteTransaction (/home/joshf/mem-sqlite/node_modules/better-sqlite3/lib/methods/transaction.js:63:9)
      at <anonymous> (/home/joshf/mem-sqlite/sync_engine/execute/database.ts:311:7)
      at retryDatabaseOperation (/home/joshf/mem-sqlite/sync_engine/execute/database.ts:163:14)
      at executeParsedEntries (/home/joshf/mem-sqlite/sync_engine/execute/database.ts:193:10)
      at processJsonlFile (/home/joshf/mem-sqlite/sync_engine/claude_code/index.ts:69:20)
      at runClaudeCodeSync (/home/joshf/mem-sqlite/sync_engine/claude_code/index.ts:112:13)
      at async sync (/home/joshf/mem-sqlite/cli.ts:19:3)
      at async main (/home/joshf/mem-sqlite/cli.ts:56:7)
]
DEBUG: Processing JSONL file: /home/joshf/.claude/projects/-home-joshf-memoize/69cd8797-774c-41e1-a1d5-310dc8e168ee.jsonl
DEBUG: Extracted session ID: 69cd8797-774c-41e1-a1d5-310dc8e168ee
DEBUG: File size: 0.97 MB
DEBUG: Reading file content from: /home/joshf/.claude/projects/-home-joshf-memoize/69cd8797-774c-41e1-a1d5-310dc8e168ee.jsonl
DEBUG: File content length: 1009378 characters
DEBUG: Found 417 non-empty lines
DEBUG: Parsed 417 JSON messages
DEBUG: Parsing stats - total: 417, messages: 152, toolUses: 133, toolResults: 133, errors: 0, skipped: 265
DEBUG: Database operation complete:
  - Messages inserted: 0, updated: 0
  - Tool uses inserted: 0
  - Tool results inserted: 0
  - Attachments inserted: 0
  - Env info inserted: 0
  - Errors: 1
Synced 0 records from 69cd8797-774c-41e1-a1d5-310dc8e168ee (133 tool calls extracted)
Errors in 69cd8797-774c-41e1-a1d5-310dc8e168ee: [
  TypeError: The database connection is not open
      at sqliteTransaction (/home/joshf/mem-sqlite/node_modules/better-sqlite3/lib/methods/transaction.js:63:9)
      at <anonymous> (/home/joshf/mem-sqlite/sync_engine/execute/database.ts:311:7)
      at retryDatabaseOperation (/home/joshf/mem-sqlite/sync_engine/execute/database.ts:163:14)
      at executeParsedEntries (/home/joshf/mem-sqlite/sync_engine/execute/database.ts:193:10)
      at processJsonlFile (/home/joshf/mem-sqlite/sync_engine/claude_code/index.ts:69:20)
      at runClaudeCodeSync (/home/joshf/mem-sqlite/sync_engine/claude_code/index.ts:112:13)
      at async sync (/home/joshf/mem-sqlite/cli.ts:19:3)
      at async main (/home/joshf/mem-sqlite/cli.ts:56:7)
]
DEBUG: Processing JSONL file: /home/joshf/.claude/projects/-home-joshf-memoize/79d6c949-7f2d-4606-a52b-5c9f1298921a.jsonl
DEBUG: Extracted session ID: 79d6c949-7f2d-4606-a52b-5c9f1298921a
DEBUG: File size: 0.42 MB
DEBUG: Reading file content from: /home/joshf/.claude/projects/-home-joshf-memoize/79d6c949-7f2d-4606-a52b-5c9f1298921a.jsonl
DEBUG: File content length: 436421 characters
DEBUG: Found 139 non-empty lines
DEBUG: Parsed 139 JSON messages
DEBUG: Parsing stats - total: 139, messages: 33, toolUses: 53, toolResults: 53, errors: 0, skipped: 106
DEBUG: Database operation complete:
  - Messages inserted: 0, updated: 0
  - Tool uses inserted: 0
  - Tool results inserted: 0
  - Attachments inserted: 0
  - Env info inserted: 0
  - Errors: 1
Synced 0 records from 79d6c949-7f2d-4606-a52b-5c9f1298921a (53 tool calls extracted)
Errors in 79d6c949-7f2d-4606-a52b-5c9f1298921a: [
  TypeError: The database connection is not open
      at sqliteTransaction (/home/joshf/mem-sqlite/node_modules/better-sqlite3/lib/methods/transaction.js:63:9)
      at <anonymous> (/home/joshf/mem-sqlite/sync_engine/execute/database.ts:311:7)
      at retryDatabaseOperation (/home/joshf/mem-sqlite/sync_engine/execute/database.ts:163:14)
      at executeParsedEntries (/home/joshf/mem-sqlite/sync_engine/execute/database.ts:193:10)
      at processJsonlFile (/home/joshf/mem-sqlite/sync_engine/claude_code/index.ts:69:20)
      at runClaudeCodeSync (/home/joshf/mem-sqlite/sync_engine/claude_code/index.ts:112:13)
      at async sync (/home/joshf/mem-sqlite/cli.ts:19:3)
      at async main (/home/joshf/mem-sqlite/cli.ts:56:7)
]
DEBUG: Processing JSONL file: /home/joshf/.claude/projects/-home-joshf-memoize/9993f90e-3638-498d-9d2f-c42f3c92122e.jsonl
DEBUG: Extracted session ID: 9993f90e-3638-498d-9d2f-c42f3c92122e
DEBUG: File size: 0.39 MB
DEBUG: Reading file content from: /home/joshf/.claude/projects/-home-joshf-memoize/9993f90e-3638-498d-9d2f-c42f3c92122e.jsonl
DEBUG: File content length: 413471 characters
DEBUG: Found 137 non-empty lines
DEBUG: Parsed 137 JSON messages
DEBUG: Parsing stats - total: 137, messages: 35, toolUses: 51, toolResults: 51, errors: 0, skipped: 102
DEBUG: Database operation complete:
  - Messages inserted: 0, updated: 0
  - Tool uses inserted: 0
  - Tool results inserted: 0
  - Attachments inserted: 0
  - Env info inserted: 0
  - Errors: 1
Synced 0 records from 9993f90e-3638-498d-9d2f-c42f3c92122e (51 tool calls extracted)
Errors in 9993f90e-3638-498d-9d2f-c42f3c92122e: [
  TypeError: The database connection is not open
      at sqliteTransaction (/home/joshf/mem-sqlite/node_modules/better-sqlite3/lib/methods/transaction.js:63:9)
      at <anonymous> (/home/joshf/mem-sqlite/sync_engine/execute/database.ts:311:7)
      at retryDatabaseOperation (/home/joshf/mem-sqlite/sync_engine/execute/database.ts:163:14)
      at executeParsedEntries (/home/joshf/mem-sqlite/sync_engine/execute/database.ts:193:10)
      at processJsonlFile (/home/joshf/mem-sqlite/sync_engine/claude_code/index.ts:69:20)
      at runClaudeCodeSync (/home/joshf/mem-sqlite/sync_engine/claude_code/index.ts:112:13)
      at async sync (/home/joshf/mem-sqlite/cli.ts:19:3)
      at async main (/home/joshf/mem-sqlite/cli.ts:56:7)
]
DEBUG: Processing JSONL file: /home/joshf/.claude/projects/-home-joshf-memoize/9c0d055c-d691-4de7-acb1-2260be60af17.jsonl
DEBUG: Extracted session ID: 9c0d055c-d691-4de7-acb1-2260be60af17
DEBUG: File size: 0.51 MB
DEBUG: Reading file content from: /home/joshf/.claude/projects/-home-joshf-memoize/9c0d055c-d691-4de7-acb1-2260be60af17.jsonl
DEBUG: File content length: 530169 characters
DEBUG: Found 240 non-empty lines
DEBUG: Parsed 240 JSON messages
DEBUG: Parsing stats - total: 240, messages: 64, toolUses: 88, toolResults: 88, errors: 0, skipped: 176
DEBUG: Database operation complete:
  - Messages inserted: 0, updated: 0
  - Tool uses inserted: 0
  - Tool results inserted: 0
  - Attachments inserted: 0
  - Env info inserted: 0
  - Errors: 1
Synced 0 records from 9c0d055c-d691-4de7-acb1-2260be60af17 (88 tool calls extracted)
Errors in 9c0d055c-d691-4de7-acb1-2260be60af17: [
  TypeError: The database connection is not open
      at sqliteTransaction (/home/joshf/mem-sqlite/node_modules/better-sqlite3/lib/methods/transaction.js:63:9)
      at <anonymous> (/home/joshf/mem-sqlite/sync_engine/execute/database.ts:311:7)
      at retryDatabaseOperation (/home/joshf/mem-sqlite/sync_engine/execute/database.ts:163:14)
      at executeParsedEntries (/home/joshf/mem-sqlite/sync_engine/execute/database.ts:193:10)
      at processJsonlFile (/home/joshf/mem-sqlite/sync_engine/claude_code/index.ts:69:20)
      at runClaudeCodeSync (/home/joshf/mem-sqlite/sync_engine/claude_code/index.ts:112:13)
      at async sync (/home/joshf/mem-sqlite/cli.ts:19:3)
      at async main (/home/joshf/mem-sqlite/cli.ts:56:7)
]
DEBUG: Processing JSONL file: /home/joshf/.claude/projects/-home-joshf-memoize/a410d426-bbc5-4749-a492-0796a5f31510.jsonl
DEBUG: Extracted session ID: a410d426-bbc5-4749-a492-0796a5f31510
DEBUG: File size: 0.47 MB
DEBUG: Reading file content from: /home/joshf/.claude/projects/-home-joshf-memoize/a410d426-bbc5-4749-a492-0796a5f31510.jsonl
DEBUG: File content length: 488432 characters
DEBUG: Found 129 non-empty lines
DEBUG: Parsed 129 JSON messages
DEBUG: Parsing stats - total: 129, messages: 41, toolUses: 44, toolResults: 44, errors: 3, skipped: 88
DEBUG: Database operation complete:
  - Messages inserted: 0, updated: 0
  - Tool uses inserted: 0
  - Tool results inserted: 0
  - Attachments inserted: 0
  - Env info inserted: 0
  - Errors: 1
Synced 0 records from a410d426-bbc5-4749-a492-0796a5f31510 (44 tool calls extracted)
Errors in a410d426-bbc5-4749-a492-0796a5f31510: [
  TypeError: The database connection is not open
      at sqliteTransaction (/home/joshf/mem-sqlite/node_modules/better-sqlite3/lib/methods/transaction.js:63:9)
      at <anonymous> (/home/joshf/mem-sqlite/sync_engine/execute/database.ts:311:7)
      at retryDatabaseOperation (/home/joshf/mem-sqlite/sync_engine/execute/database.ts:163:14)
      at executeParsedEntries (/home/joshf/mem-sqlite/sync_engine/execute/database.ts:193:10)
      at processJsonlFile (/home/joshf/mem-sqlite/sync_engine/claude_code/index.ts:69:20)
      at runClaudeCodeSync (/home/joshf/mem-sqlite/sync_engine/claude_code/index.ts:112:13)
      at async sync (/home/joshf/mem-sqlite/cli.ts:19:3)
      at async main (/home/joshf/mem-sqlite/cli.ts:56:7)
]
DEBUG: Processing JSONL file: /home/joshf/.claude/projects/-home-joshf-memoize/adbfb4ac-4f99-4190-a247-5029476137c9.jsonl
DEBUG: Extracted session ID: adbfb4ac-4f99-4190-a247-5029476137c9
DEBUG: File size: 0.47 MB
DEBUG: Reading file content from: /home/joshf/.claude/projects/-home-joshf-memoize/adbfb4ac-4f99-4190-a247-5029476137c9.jsonl
DEBUG: File content length: 488559 characters
DEBUG: Found 225 non-empty lines
DEBUG: Parsed 225 JSON messages
DEBUG: Parsing stats - total: 225, messages: 65, toolUses: 80, toolResults: 80, errors: 0, skipped: 160
DEBUG: Database operation complete:
  - Messages inserted: 0, updated: 0
  - Tool uses inserted: 0
  - Tool results inserted: 0
  - Attachments inserted: 0
  - Env info inserted: 0
  - Errors: 1
Synced 0 records from adbfb4ac-4f99-4190-a247-5029476137c9 (80 tool calls extracted)
Errors in adbfb4ac-4f99-4190-a247-5029476137c9: [
  TypeError: The database connection is not open
      at sqliteTransaction (/home/joshf/mem-sqlite/node_modules/better-sqlite3/lib/methods/transaction.js:63:9)
      at <anonymous> (/home/joshf/mem-sqlite/sync_engine/execute/database.ts:311:7)
      at retryDatabaseOperation (/home/joshf/mem-sqlite/sync_engine/execute/database.ts:163:14)
      at executeParsedEntries (/home/joshf/mem-sqlite/sync_engine/execute/database.ts:193:10)
      at processJsonlFile (/home/joshf/mem-sqlite/sync_engine/claude_code/index.ts:69:20)
      at runClaudeCodeSync (/home/joshf/mem-sqlite/sync_engine/claude_code/index.ts:112:13)
      at async sync (/home/joshf/mem-sqlite/cli.ts:19:3)
      at async main (/home/joshf/mem-sqlite/cli.ts:56:7)
]
DEBUG: Processing JSONL file: /home/joshf/.claude/projects/-home-joshf-memoize/e7fe5919-ba4e-4b27-831d-106b28656b2b.jsonl
DEBUG: Extracted session ID: e7fe5919-ba4e-4b27-831d-106b28656b2b
DEBUG: File size: 0.00 MB
DEBUG: Reading file content from: /home/joshf/.claude/projects/-home-joshf-memoize/e7fe5919-ba4e-4b27-831d-106b28656b2b.jsonl
DEBUG: File content length: 406 characters
DEBUG: Found 3 non-empty lines
DEBUG: Parsed 3 JSON messages
DEBUG: Parsing stats - total: 3, messages: 3, toolUses: 0, toolResults: 0, errors: 3, skipped: 0
DEBUG: Database operation complete:
  - Messages inserted: 0, updated: 0
  - Tool uses inserted: 0
  - Tool results inserted: 0
  - Attachments inserted: 0
  - Env info inserted: 0
  - Errors: 1
Synced 0 records from e7fe5919-ba4e-4b27-831d-106b28656b2b (0 tool calls extracted)
Errors in e7fe5919-ba4e-4b27-831d-106b28656b2b: [
  TypeError: The database connection is not open
      at sqliteTransaction (/home/joshf/mem-sqlite/node_modules/better-sqlite3/lib/methods/transaction.js:63:9)
      at <anonymous> (/home/joshf/mem-sqlite/sync_engine/execute/database.ts:311:7)
      at retryDatabaseOperation (/home/joshf/mem-sqlite/sync_engine/execute/database.ts:163:14)
      at executeParsedEntries (/home/joshf/mem-sqlite/sync_engine/execute/database.ts:193:10)
      at processJsonlFile (/home/joshf/mem-sqlite/sync_engine/claude_code/index.ts:69:20)
      at runClaudeCodeSync (/home/joshf/mem-sqlite/sync_engine/claude_code/index.ts:112:13)
      at async sync (/home/joshf/mem-sqlite/cli.ts:19:3)
      at async main (/home/joshf/mem-sqlite/cli.ts:56:7)
]
DEBUG: Processing JSONL file: /home/joshf/.claude/projects/-home-joshf-okta-mcp-server/015006c5-b0de-4820-b859-a238f0adc1ea.jsonl
DEBUG: Extracted session ID: 015006c5-b0de-4820-b859-a238f0adc1ea
DEBUG: File size: 1.11 MB
DEBUG: Reading file content from: /home/joshf/.claude/projects/-home-joshf-okta-mcp-server/015006c5-b0de-4820-b859-a238f0adc1ea.jsonl
DEBUG: File content length: 1161608 characters
DEBUG: Found 482 non-empty lines
DEBUG: Parsed 482 JSON messages
DEBUG: Parsing stats - total: 482, messages: 152, toolUses: 157, toolResults: 157, errors: 0, skipped: 330
DEBUG: Database operation complete:
  - Messages inserted: 0, updated: 0
  - Tool uses inserted: 0
  - Tool results inserted: 0
  - Attachments inserted: 0
  - Env info inserted: 0
  - Errors: 1
Synced 0 records from 015006c5-b0de-4820-b859-a238f0adc1ea (157 tool calls extracted)
Errors in 015006c5-b0de-4820-b859-a238f0adc1ea: [
  TypeError: The database connection is not open
      at sqliteTransaction (/home/joshf/mem-sqlite/node_modules/better-sqlite3/lib/methods/transaction.js:63:9)
      at <anonymous> (/home/joshf/mem-sqlite/sync_engine/execute/database.ts:311:7)
      at retryDatabaseOperation (/home/joshf/mem-sqlite/sync_engine/execute/database.ts:163:14)
      at executeParsedEntries (/home/joshf/mem-sqlite/sync_engine/execute/database.ts:193:10)
      at processJsonlFile (/home/joshf/mem-sqlite/sync_engine/claude_code/index.ts:69:20)
      at runClaudeCodeSync (/home/joshf/mem-sqlite/sync_engine/claude_code/index.ts:112:13)
      at async sync (/home/joshf/mem-sqlite/cli.ts:19:3)
      at async main (/home/joshf/mem-sqlite/cli.ts:56:7)
]
DEBUG: Processing JSONL file: /home/joshf/.claude/projects/-home-joshf-okta-mcp-server/0692a77c-9c0a-477f-aa7e-6297850d73ad.jsonl
DEBUG: Extracted session ID: 0692a77c-9c0a-477f-aa7e-6297850d73ad
DEBUG: File size: 0.03 MB
DEBUG: Reading file content from: /home/joshf/.claude/projects/-home-joshf-okta-mcp-server/0692a77c-9c0a-477f-aa7e-6297850d73ad.jsonl
DEBUG: File content length: 33333 characters
DEBUG: Found 45 non-empty lines
DEBUG: Parsed 45 JSON messages
DEBUG: Parsing stats - total: 45, messages: 31, toolUses: 7, toolResults: 7, errors: 12, skipped: 14
DEBUG: Database operation complete:
  - Messages inserted: 0, updated: 0
  - Tool uses inserted: 0
  - Tool results inserted: 0
  - Attachments inserted: 0
  - Env info inserted: 0
  - Errors: 1
Synced 0 records from 0692a77c-9c0a-477f-aa7e-6297850d73ad (7 tool calls extracted)
Errors in 0692a77c-9c0a-477f-aa7e-6297850d73ad: [
  TypeError: The database connection is not open
      at sqliteTransaction (/home/joshf/mem-sqlite/node_modules/better-sqlite3/lib/methods/transaction.js:63:9)
      at <anonymous> (/home/joshf/mem-sqlite/sync_engine/execute/database.ts:311:7)
      at retryDatabaseOperation (/home/joshf/mem-sqlite/sync_engine/execute/database.ts:163:14)
      at executeParsedEntries (/home/joshf/mem-sqlite/sync_engine/execute/database.ts:193:10)
      at processJsonlFile (/home/joshf/mem-sqlite/sync_engine/claude_code/index.ts:69:20)
      at runClaudeCodeSync (/home/joshf/mem-sqlite/sync_engine/claude_code/index.ts:112:13)
      at async sync (/home/joshf/mem-sqlite/cli.ts:19:3)
      at async main (/home/joshf/mem-sqlite/cli.ts:56:7)
]
DEBUG: Processing JSONL file: /home/joshf/.claude/projects/-home-joshf-okta-mcp-server/11b0666b-535b-457b-a989-95a0a804a0fd.jsonl
DEBUG: Extracted session ID: 11b0666b-535b-457b-a989-95a0a804a0fd
DEBUG: File size: 0.13 MB
DEBUG: Reading file content from: /home/joshf/.claude/projects/-home-joshf-okta-mcp-server/11b0666b-535b-457b-a989-95a0a804a0fd.jsonl
DEBUG: File content length: 132166 characters
DEBUG: Found 49 non-empty lines
DEBUG: Parsed 49 JSON messages
DEBUG: Parsing stats - total: 49, messages: 17, toolUses: 16, toolResults: 16, errors: 2, skipped: 32
DEBUG: Database operation complete:
  - Messages inserted: 0, updated: 0
  - Tool uses inserted: 0
  - Tool results inserted: 0
  - Attachments inserted: 0
  - Env info inserted: 0
  - Errors: 1
Synced 0 records from 11b0666b-535b-457b-a989-95a0a804a0fd (16 tool calls extracted)
Errors in 11b0666b-535b-457b-a989-95a0a804a0fd: [
  TypeError: The database connection is not open
      at sqliteTransaction (/home/joshf/mem-sqlite/node_modules/better-sqlite3/lib/methods/transaction.js:63:9)
      at <anonymous> (/home/joshf/mem-sqlite/sync_engine/execute/database.ts:311:7)
      at retryDatabaseOperation (/home/joshf/mem-sqlite/sync_engine/execute/database.ts:163:14)
      at executeParsedEntries (/home/joshf/mem-sqlite/sync_engine/execute/database.ts:193:10)
      at processJsonlFile (/home/joshf/mem-sqlite/sync_engine/claude_code/index.ts:69:20)
      at runClaudeCodeSync (/home/joshf/mem-sqlite/sync_engine/claude_code/index.ts:112:13)
      at async sync (/home/joshf/mem-sqlite/cli.ts:19:3)
      at async main (/home/joshf/mem-sqlite/cli.ts:56:7)
]
DEBUG: Processing JSONL file: /home/joshf/.claude/projects/-home-joshf-okta-mcp-server/13035ebc-1a98-4616-aa36-6c02a19e464a.jsonl
DEBUG: Extracted session ID: 13035ebc-1a98-4616-aa36-6c02a19e464a
DEBUG: File size: 0.08 MB
DEBUG: Reading file content from: /home/joshf/.claude/projects/-home-joshf-okta-mcp-server/13035ebc-1a98-4616-aa36-6c02a19e464a.jsonl
DEBUG: File content length: 86989 characters
DEBUG: Found 33 non-empty lines
DEBUG: Parsed 33 JSON messages
DEBUG: Parsing stats - total: 33, messages: 13, toolUses: 10, toolResults: 10, errors: 2, skipped: 20
DEBUG: Database operation complete:
  - Messages inserted: 0, updated: 0
  - Tool uses inserted: 0
  - Tool results inserted: 0
  - Attachments inserted: 0
  - Env info inserted: 0
  - Errors: 1
Synced 0 records from 13035ebc-1a98-4616-aa36-6c02a19e464a (10 tool calls extracted)
Errors in 13035ebc-1a98-4616-aa36-6c02a19e464a: [
  TypeError: The database connection is not open
      at sqliteTransaction (/home/joshf/mem-sqlite/node_modules/better-sqlite3/lib/methods/transaction.js:63:9)
      at <anonymous> (/home/joshf/mem-sqlite/sync_engine/execute/database.ts:311:7)
      at retryDatabaseOperation (/home/joshf/mem-sqlite/sync_engine/execute/database.ts:163:14)
      at executeParsedEntries (/home/joshf/mem-sqlite/sync_engine/execute/database.ts:193:10)
      at processJsonlFile (/home/joshf/mem-sqlite/sync_engine/claude_code/index.ts:69:20)
      at runClaudeCodeSync (/home/joshf/mem-sqlite/sync_engine/claude_code/index.ts:112:13)
      at async sync (/home/joshf/mem-sqlite/cli.ts:19:3)
      at async main (/home/joshf/mem-sqlite/cli.ts:56:7)
]
DEBUG: Processing JSONL file: /home/joshf/.claude/projects/-home-joshf-okta-mcp-server/155cf07f-f2fa-4097-8e8e-c7578518c4b8.jsonl
DEBUG: Extracted session ID: 155cf07f-f2fa-4097-8e8e-c7578518c4b8
DEBUG: File size: 0.53 MB
DEBUG: Reading file content from: /home/joshf/.claude/projects/-home-joshf-okta-mcp-server/155cf07f-f2fa-4097-8e8e-c7578518c4b8.jsonl
DEBUG: File content length: 551494 characters
DEBUG: Found 88 non-empty lines
DEBUG: Parsed 88 JSON messages
DEBUG: Parsing stats - total: 88, messages: 46, toolUses: 21, toolResults: 21, errors: 2, skipped: 42
DEBUG: Database operation complete:
  - Messages inserted: 0, updated: 0
  - Tool uses inserted: 0
  - Tool results inserted: 0
  - Attachments inserted: 0
  - Env info inserted: 0
  - Errors: 1
Synced 0 records from 155cf07f-f2fa-4097-8e8e-c7578518c4b8 (21 tool calls extracted)
Errors in 155cf07f-f2fa-4097-8e8e-c7578518c4b8: [
  TypeError: The database connection is not open
      at sqliteTransaction (/home/joshf/mem-sqlite/node_modules/better-sqlite3/lib/methods/transaction.js:63:9)
      at <anonymous> (/home/joshf/mem-sqlite/sync_engine/execute/database.ts:311:7)
      at retryDatabaseOperation (/home/joshf/mem-sqlite/sync_engine/execute/database.ts:163:14)
      at executeParsedEntries (/home/joshf/mem-sqlite/sync_engine/execute/database.ts:193:10)
      at processJsonlFile (/home/joshf/mem-sqlite/sync_engine/claude_code/index.ts:69:20)
      at runClaudeCodeSync (/home/joshf/mem-sqlite/sync_engine/claude_code/index.ts:112:13)
      at async sync (/home/joshf/mem-sqlite/cli.ts:19:3)
      at async main (/home/joshf/mem-sqlite/cli.ts:56:7)
]
DEBUG: Processing JSONL file: /home/joshf/.claude/projects/-home-joshf-okta-mcp-server/1c5de0f1-68cc-41ce-ad3e-bb7d4a824940.jsonl
DEBUG: Extracted session ID: 1c5de0f1-68cc-41ce-ad3e-bb7d4a824940
DEBUG: File size: 0.10 MB
DEBUG: Reading file content from: /home/joshf/.claude/projects/-home-joshf-okta-mcp-server/1c5de0f1-68cc-41ce-ad3e-bb7d4a824940.jsonl
DEBUG: File content length: 109304 characters
DEBUG: Found 47 non-empty lines
DEBUG: Parsed 47 JSON messages
DEBUG: Parsing stats - total: 47, messages: 15, toolUses: 16, toolResults: 16, errors: 0, skipped: 32
DEBUG: Database operation complete:
  - Messages inserted: 0, updated: 0
  - Tool uses inserted: 0
  - Tool results inserted: 0
  - Attachments inserted: 0
  - Env info inserted: 0
  - Errors: 1
Synced 0 records from 1c5de0f1-68cc-41ce-ad3e-bb7d4a824940 (16 tool calls extracted)
Errors in 1c5de0f1-68cc-41ce-ad3e-bb7d4a824940: [
  TypeError: The database connection is not open
      at sqliteTransaction (/home/joshf/mem-sqlite/node_modules/better-sqlite3/lib/methods/transaction.js:63:9)
      at <anonymous> (/home/joshf/mem-sqlite/sync_engine/execute/database.ts:311:7)
      at retryDatabaseOperation (/home/joshf/mem-sqlite/sync_engine/execute/database.ts:163:14)
      at executeParsedEntries (/home/joshf/mem-sqlite/sync_engine/execute/database.ts:193:10)
      at processJsonlFile (/home/joshf/mem-sqlite/sync_engine/claude_code/index.ts:69:20)
      at runClaudeCodeSync (/home/joshf/mem-sqlite/sync_engine/claude_code/index.ts:112:13)
      at async sync (/home/joshf/mem-sqlite/cli.ts:19:3)
      at async main (/home/joshf/mem-sqlite/cli.ts:56:7)
]
DEBUG: Processing JSONL file: /home/joshf/.claude/projects/-home-joshf-okta-mcp-server/24252aa2-bca1-4a63-93fc-854091cf60bf.jsonl
DEBUG: Extracted session ID: 24252aa2-bca1-4a63-93fc-854091cf60bf
DEBUG: File size: 0.99 MB
DEBUG: Reading file content from: /home/joshf/.claude/projects/-home-joshf-okta-mcp-server/24252aa2-bca1-4a63-93fc-854091cf60bf.jsonl
DEBUG: File content length: 1036414 characters
DEBUG: Found 295 non-empty lines
DEBUG: Parsed 295 JSON messages
DEBUG: Parsing stats - total: 295, messages: 113, toolUses: 91, toolResults: 91, errors: 0, skipped: 182
DEBUG: Database operation complete:
  - Messages inserted: 0, updated: 0
  - Tool uses inserted: 0
  - Tool results inserted: 0
  - Attachments inserted: 0
  - Env info inserted: 0
  - Errors: 1
Synced 0 records from 24252aa2-bca1-4a63-93fc-854091cf60bf (91 tool calls extracted)
Errors in 24252aa2-bca1-4a63-93fc-854091cf60bf: [
  TypeError: The database connection is not open
      at sqliteTransaction (/home/joshf/mem-sqlite/node_modules/better-sqlite3/lib/methods/transaction.js:63:9)
      at <anonymous> (/home/joshf/mem-sqlite/sync_engine/execute/database.ts:311:7)
      at retryDatabaseOperation (/home/joshf/mem-sqlite/sync_engine/execute/database.ts:163:14)
      at executeParsedEntries (/home/joshf/mem-sqlite/sync_engine/execute/database.ts:193:10)
      at processJsonlFile (/home/joshf/mem-sqlite/sync_engine/claude_code/index.ts:69:20)
      at runClaudeCodeSync (/home/joshf/mem-sqlite/sync_engine/claude_code/index.ts:112:13)
      at async sync (/home/joshf/mem-sqlite/cli.ts:19:3)
      at async main (/home/joshf/mem-sqlite/cli.ts:56:7)
]
DEBUG: Processing JSONL file: /home/joshf/.claude/projects/-home-joshf-okta-mcp-server/270467df-7ac6-4b2f-a53e-f8d780fac333.jsonl
DEBUG: Extracted session ID: 270467df-7ac6-4b2f-a53e-f8d780fac333
DEBUG: File size: 0.36 MB
DEBUG: Reading file content from: /home/joshf/.claude/projects/-home-joshf-okta-mcp-server/270467df-7ac6-4b2f-a53e-f8d780fac333.jsonl
DEBUG: File content length: 373100 characters
DEBUG: Found 121 non-empty lines
DEBUG: Parsed 121 JSON messages
DEBUG: Parsing stats - total: 121, messages: 44, toolUses: 39, toolResults: 39, errors: 2, skipped: 77
DEBUG: Database operation complete:
  - Messages inserted: 0, updated: 0
  - Tool uses inserted: 0
  - Tool results inserted: 0
  - Attachments inserted: 0
  - Env info inserted: 0
  - Errors: 1
Synced 0 records from 270467df-7ac6-4b2f-a53e-f8d780fac333 (39 tool calls extracted)
Errors in 270467df-7ac6-4b2f-a53e-f8d780fac333: [
  TypeError: The database connection is not open
      at sqliteTransaction (/home/joshf/mem-sqlite/node_modules/better-sqlite3/lib/methods/transaction.js:63:9)
      at <anonymous> (/home/joshf/mem-sqlite/sync_engine/execute/database.ts:311:7)
      at retryDatabaseOperation (/home/joshf/mem-sqlite/sync_engine/execute/database.ts:163:14)
      at executeParsedEntries (/home/joshf/mem-sqlite/sync_engine/execute/database.ts:193:10)
      at processJsonlFile (/home/joshf/mem-sqlite/sync_engine/claude_code/index.ts:69:20)
      at runClaudeCodeSync (/home/joshf/mem-sqlite/sync_engine/claude_code/index.ts:112:13)
      at async sync (/home/joshf/mem-sqlite/cli.ts:19:3)
      at async main (/home/joshf/mem-sqlite/cli.ts:56:7)
]
DEBUG: Processing JSONL file: /home/joshf/.claude/projects/-home-joshf-okta-mcp-server/4edee32a-f234-454c-b097-d8df46981c36.jsonl
DEBUG: Extracted session ID: 4edee32a-f234-454c-b097-d8df46981c36
DEBUG: File size: 3.33 MB
DEBUG: Reading file content from: /home/joshf/.claude/projects/-home-joshf-okta-mcp-server/4edee32a-f234-454c-b097-d8df46981c36.jsonl
DEBUG: File content length: 3471703 characters
DEBUG: Found 1093 non-empty lines
DEBUG: Parsed 1093 JSON messages
DEBUG: Parsing stats - total: 1093, messages: 331, toolUses: 381, toolResults: 381, errors: 5, skipped: 762
DEBUG: Database operation complete:
  - Messages inserted: 0, updated: 0
  - Tool uses inserted: 0
  - Tool results inserted: 0
  - Attachments inserted: 0
  - Env info inserted: 0
  - Errors: 1
Synced 0 records from 4edee32a-f234-454c-b097-d8df46981c36 (381 tool calls extracted)
Errors in 4edee32a-f234-454c-b097-d8df46981c36: [
  TypeError: The database connection is not open
      at sqliteTransaction (/home/joshf/mem-sqlite/node_modules/better-sqlite3/lib/methods/transaction.js:63:9)
      at <anonymous> (/home/joshf/mem-sqlite/sync_engine/execute/database.ts:311:7)
      at retryDatabaseOperation (/home/joshf/mem-sqlite/sync_engine/execute/database.ts:163:14)
      at executeParsedEntries (/home/joshf/mem-sqlite/sync_engine/execute/database.ts:193:10)
      at processJsonlFile (/home/joshf/mem-sqlite/sync_engine/claude_code/index.ts:69:20)
      at runClaudeCodeSync (/home/joshf/mem-sqlite/sync_engine/claude_code/index.ts:112:13)
      at async sync (/home/joshf/mem-sqlite/cli.ts:19:3)
      at async main (/home/joshf/mem-sqlite/cli.ts:56:7)
]
DEBUG: Processing JSONL file: /home/joshf/.claude/projects/-home-joshf-okta-mcp-server/5031ddc0-ddf1-45d5-8773-64abb3244867.jsonl
DEBUG: Extracted session ID: 5031ddc0-ddf1-45d5-8773-64abb3244867
DEBUG: File size: 0.31 MB
DEBUG: Reading file content from: /home/joshf/.claude/projects/-home-joshf-okta-mcp-server/5031ddc0-ddf1-45d5-8773-64abb3244867.jsonl
DEBUG: File content length: 322024 characters
DEBUG: Found 102 non-empty lines
DEBUG: Parsed 102 JSON messages
DEBUG: Parsing stats - total: 102, messages: 32, toolUses: 35, toolResults: 35, errors: 0, skipped: 70
DEBUG: Database operation complete:
  - Messages inserted: 0, updated: 0
  - Tool uses inserted: 0
  - Tool results inserted: 0
  - Attachments inserted: 0
  - Env info inserted: 0
  - Errors: 1
Synced 0 records from 5031ddc0-ddf1-45d5-8773-64abb3244867 (35 tool calls extracted)
Errors in 5031ddc0-ddf1-45d5-8773-64abb3244867: [
  TypeError: The database connection is not open
      at sqliteTransaction (/home/joshf/mem-sqlite/node_modules/better-sqlite3/lib/methods/transaction.js:63:9)
      at <anonymous> (/home/joshf/mem-sqlite/sync_engine/execute/database.ts:311:7)
      at retryDatabaseOperation (/home/joshf/mem-sqlite/sync_engine/execute/database.ts:163:14)
      at executeParsedEntries (/home/joshf/mem-sqlite/sync_engine/execute/database.ts:193:10)
      at processJsonlFile (/home/joshf/mem-sqlite/sync_engine/claude_code/index.ts:69:20)
      at runClaudeCodeSync (/home/joshf/mem-sqlite/sync_engine/claude_code/index.ts:112:13)
      at async sync (/home/joshf/mem-sqlite/cli.ts:19:3)
      at async main (/home/joshf/mem-sqlite/cli.ts:56:7)
]
DEBUG: Processing JSONL file: /home/joshf/.claude/projects/-home-joshf-okta-mcp-server/50fb4481-83c4-44fc-bad2-733eeae83ffa.jsonl
DEBUG: Extracted session ID: 50fb4481-83c4-44fc-bad2-733eeae83ffa
DEBUG: File size: 0.08 MB
DEBUG: Reading file content from: /home/joshf/.claude/projects/-home-joshf-okta-mcp-server/50fb4481-83c4-44fc-bad2-733eeae83ffa.jsonl
DEBUG: File content length: 84705 characters
DEBUG: Found 54 non-empty lines
DEBUG: Parsed 54 JSON messages
DEBUG: Parsing stats - total: 54, messages: 26, toolUses: 14, toolResults: 14, errors: 2, skipped: 28
DEBUG: Database operation complete:
  - Messages inserted: 0, updated: 0
  - Tool uses inserted: 0
  - Tool results inserted: 0
  - Attachments inserted: 0
  - Env info inserted: 0
  - Errors: 1
Synced 0 records from 50fb4481-83c4-44fc-bad2-733eeae83ffa (14 tool calls extracted)
Errors in 50fb4481-83c4-44fc-bad2-733eeae83ffa: [
  TypeError: The database connection is not open
      at sqliteTransaction (/home/joshf/mem-sqlite/node_modules/better-sqlite3/lib/methods/transaction.js:63:9)
      at <anonymous> (/home/joshf/mem-sqlite/sync_engine/execute/database.ts:311:7)
      at retryDatabaseOperation (/home/joshf/mem-sqlite/sync_engine/execute/database.ts:163:14)
      at executeParsedEntries (/home/joshf/mem-sqlite/sync_engine/execute/database.ts:193:10)
      at processJsonlFile (/home/joshf/mem-sqlite/sync_engine/claude_code/index.ts:69:20)
      at runClaudeCodeSync (/home/joshf/mem-sqlite/sync_engine/claude_code/index.ts:112:13)
      at async sync (/home/joshf/mem-sqlite/cli.ts:19:3)
      at async main (/home/joshf/mem-sqlite/cli.ts:56:7)
]
DEBUG: Processing JSONL file: /home/joshf/.claude/projects/-home-joshf-okta-mcp-server/5b1e75d5-11e0-474d-bee9-bc32aaa2a22d.jsonl
DEBUG: Extracted session ID: 5b1e75d5-11e0-474d-bee9-bc32aaa2a22d
DEBUG: File size: 11.04 MB
DEBUG: Using streaming for large file
DEBUG: Streaming complete. Total entries processed: 0
DEBUG: Processing JSONL file: /home/joshf/.claude/projects/-home-joshf-okta-mcp-server/6aa6c878-3538-4c00-83c3-176e2b270010.jsonl
DEBUG: Extracted session ID: 6aa6c878-3538-4c00-83c3-176e2b270010
DEBUG: File size: 0.00 MB
DEBUG: Reading file content from: /home/joshf/.claude/projects/-home-joshf-okta-mcp-server/6aa6c878-3538-4c00-83c3-176e2b270010.jsonl
DEBUG: File content length: 2467 characters
DEBUG: Found 6 non-empty lines
DEBUG: Parsed 6 JSON messages
DEBUG: Parsing stats - total: 6, messages: 6, toolUses: 0, toolResults: 0, errors: 1, skipped: 0
DEBUG: Database operation complete:
  - Messages inserted: 0, updated: 0
  - Tool uses inserted: 0
  - Tool results inserted: 0
  - Attachments inserted: 0
  - Env info inserted: 0
  - Errors: 1
Synced 0 records from 6aa6c878-3538-4c00-83c3-176e2b270010 (0 tool calls extracted)
Errors in 6aa6c878-3538-4c00-83c3-176e2b270010: [
  TypeError: The database connection is not open
      at sqliteTransaction (/home/joshf/mem-sqlite/node_modules/better-sqlite3/lib/methods/transaction.js:63:9)
      at <anonymous> (/home/joshf/mem-sqlite/sync_engine/execute/database.ts:311:7)
      at retryDatabaseOperation (/home/joshf/mem-sqlite/sync_engine/execute/database.ts:163:14)
      at executeParsedEntries (/home/joshf/mem-sqlite/sync_engine/execute/database.ts:193:10)
      at processJsonlFile (/home/joshf/mem-sqlite/sync_engine/claude_code/index.ts:69:20)
      at runClaudeCodeSync (/home/joshf/mem-sqlite/sync_engine/claude_code/index.ts:112:13)
      at process.processTicksAndRejections (node:internal/process/task_queues:105:5)
      at async sync (/home/joshf/mem-sqlite/cli.ts:19:3)
      at async main (/home/joshf/mem-sqlite/cli.ts:56:7)
]
DEBUG: Processing JSONL file: /home/joshf/.claude/projects/-home-joshf-okta-mcp-server/6bbf7b41-75c9-4e70-a3c0-411fb00cd1b6.jsonl
DEBUG: Extracted session ID: 6bbf7b41-75c9-4e70-a3c0-411fb00cd1b6
DEBUG: File size: 8.74 MB
DEBUG: Reading file content from: /home/joshf/.claude/projects/-home-joshf-okta-mcp-server/6bbf7b41-75c9-4e70-a3c0-411fb00cd1b6.jsonl
DEBUG: File content length: 9089716 characters
DEBUG: Found 1607 non-empty lines
DEBUG: Parsed 1607 JSON messages
DEBUG: Parsing stats - total: 1607, messages: 407, toolUses: 601, toolResults: 601, errors: 0, skipped: 1200
DEBUG: Database operation complete:
  - Messages inserted: 0, updated: 0
  - Tool uses inserted: 0
  - Tool results inserted: 0
  - Attachments inserted: 0
  - Env info inserted: 0
  - Errors: 1
Synced 0 records from 6bbf7b41-75c9-4e70-a3c0-411fb00cd1b6 (601 tool calls extracted)
Errors in 6bbf7b41-75c9-4e70-a3c0-411fb00cd1b6: [
  TypeError: The database connection is not open
      at sqliteTransaction (/home/joshf/mem-sqlite/node_modules/better-sqlite3/lib/methods/transaction.js:63:9)
      at <anonymous> (/home/joshf/mem-sqlite/sync_engine/execute/database.ts:311:7)
      at retryDatabaseOperation (/home/joshf/mem-sqlite/sync_engine/execute/database.ts:163:14)
      at executeParsedEntries (/home/joshf/mem-sqlite/sync_engine/execute/database.ts:193:10)
      at processJsonlFile (/home/joshf/mem-sqlite/sync_engine/claude_code/index.ts:69:20)
      at runClaudeCodeSync (/home/joshf/mem-sqlite/sync_engine/claude_code/index.ts:112:13)
      at process.processTicksAndRejections (node:internal/process/task_queues:105:5)
      at async sync (/home/joshf/mem-sqlite/cli.ts:19:3)
      at async main (/home/joshf/mem-sqlite/cli.ts:56:7)
]
DEBUG: Processing JSONL file: /home/joshf/.claude/projects/-home-joshf-okta-mcp-server/8a7ceb2d-6e01-423c-a21d-f54f7868ec1f.jsonl
DEBUG: Extracted session ID: 8a7ceb2d-6e01-423c-a21d-f54f7868ec1f
DEBUG: File size: 0.00 MB
DEBUG: Reading file content from: /home/joshf/.claude/projects/-home-joshf-okta-mcp-server/8a7ceb2d-6e01-423c-a21d-f54f7868ec1f.jsonl
DEBUG: File content length: 2347 characters
DEBUG: Found 5 non-empty lines
DEBUG: Parsed 5 JSON messages
DEBUG: Parsing stats - total: 5, messages: 5, toolUses: 0, toolResults: 0, errors: 0, skipped: 0
DEBUG: Database operation complete:
  - Messages inserted: 0, updated: 0
  - Tool uses inserted: 0
  - Tool results inserted: 0
  - Attachments inserted: 0
  - Env info inserted: 0
  - Errors: 1
Synced 0 records from 8a7ceb2d-6e01-423c-a21d-f54f7868ec1f (0 tool calls extracted)
Errors in 8a7ceb2d-6e01-423c-a21d-f54f7868ec1f: [
  TypeError: The database connection is not open
      at sqliteTransaction (/home/joshf/mem-sqlite/node_modules/better-sqlite3/lib/methods/transaction.js:63:9)
      at <anonymous> (/home/joshf/mem-sqlite/sync_engine/execute/database.ts:311:7)
      at retryDatabaseOperation (/home/joshf/mem-sqlite/sync_engine/execute/database.ts:163:14)
      at executeParsedEntries (/home/joshf/mem-sqlite/sync_engine/execute/database.ts:193:10)
      at processJsonlFile (/home/joshf/mem-sqlite/sync_engine/claude_code/index.ts:69:20)
      at runClaudeCodeSync (/home/joshf/mem-sqlite/sync_engine/claude_code/index.ts:112:13)
      at process.processTicksAndRejections (node:internal/process/task_queues:105:5)
      at async sync (/home/joshf/mem-sqlite/cli.ts:19:3)
      at async main (/home/joshf/mem-sqlite/cli.ts:56:7)
]
DEBUG: Processing JSONL file: /home/joshf/.claude/projects/-home-joshf-okta-mcp-server/8c142aa3-c375-49ab-a3ac-6e9afbdec064.jsonl
DEBUG: Extracted session ID: 8c142aa3-c375-49ab-a3ac-6e9afbdec064
DEBUG: File size: 4.52 MB
DEBUG: Reading file content from: /home/joshf/.claude/projects/-home-joshf-okta-mcp-server/8c142aa3-c375-49ab-a3ac-6e9afbdec064.jsonl
DEBUG: File content length: 4712310 characters
DEBUG: Found 1418 non-empty lines
DEBUG: Parsed 1418 JSON messages
DEBUG: Parsing stats - total: 1418, messages: 455, toolUses: 481, toolResults: 481, errors: 5, skipped: 963
DEBUG: Database operation complete:
  - Messages inserted: 0, updated: 0
  - Tool uses inserted: 0
  - Tool results inserted: 0
  - Attachments inserted: 0
  - Env info inserted: 0
  - Errors: 1
Synced 0 records from 8c142aa3-c375-49ab-a3ac-6e9afbdec064 (481 tool calls extracted)
Errors in 8c142aa3-c375-49ab-a3ac-6e9afbdec064: [
  TypeError: The database connection is not open
      at sqliteTransaction (/home/joshf/mem-sqlite/node_modules/better-sqlite3/lib/methods/transaction.js:63:9)
      at <anonymous> (/home/joshf/mem-sqlite/sync_engine/execute/database.ts:311:7)
      at retryDatabaseOperation (/home/joshf/mem-sqlite/sync_engine/execute/database.ts:163:14)
      at executeParsedEntries (/home/joshf/mem-sqlite/sync_engine/execute/database.ts:193:10)
      at processJsonlFile (/home/joshf/mem-sqlite/sync_engine/claude_code/index.ts:69:20)
      at runClaudeCodeSync (/home/joshf/mem-sqlite/sync_engine/claude_code/index.ts:112:13)
      at process.processTicksAndRejections (node:internal/process/task_queues:105:5)
      at async sync (/home/joshf/mem-sqlite/cli.ts:19:3)
      at async main (/home/joshf/mem-sqlite/cli.ts:56:7)
]
DEBUG: Processing JSONL file: /home/joshf/.claude/projects/-home-joshf-okta-mcp-server/8d8f1f5c-acfa-4f72-bf28-e17bd342d6fb.jsonl
DEBUG: Extracted session ID: 8d8f1f5c-acfa-4f72-bf28-e17bd342d6fb
DEBUG: File size: 0.57 MB
DEBUG: Reading file content from: /home/joshf/.claude/projects/-home-joshf-okta-mcp-server/8d8f1f5c-acfa-4f72-bf28-e17bd342d6fb.jsonl
DEBUG: File content length: 595722 characters
DEBUG: Found 222 non-empty lines
DEBUG: Parsed 222 JSON messages
DEBUG: Parsing stats - total: 222, messages: 80, toolUses: 71, toolResults: 71, errors: 0, skipped: 142
DEBUG: Database operation complete:
  - Messages inserted: 0, updated: 0
  - Tool uses inserted: 0
  - Tool results inserted: 0
  - Attachments inserted: 0
  - Env info inserted: 0
  - Errors: 1
Synced 0 records from 8d8f1f5c-acfa-4f72-bf28-e17bd342d6fb (71 tool calls extracted)
Errors in 8d8f1f5c-acfa-4f72-bf28-e17bd342d6fb: [
  TypeError: The database connection is not open
      at sqliteTransaction (/home/joshf/mem-sqlite/node_modules/better-sqlite3/lib/methods/transaction.js:63:9)
      at <anonymous> (/home/joshf/mem-sqlite/sync_engine/execute/database.ts:311:7)
      at retryDatabaseOperation (/home/joshf/mem-sqlite/sync_engine/execute/database.ts:163:14)
      at executeParsedEntries (/home/joshf/mem-sqlite/sync_engine/execute/database.ts:193:10)
      at processJsonlFile (/home/joshf/mem-sqlite/sync_engine/claude_code/index.ts:69:20)
      at runClaudeCodeSync (/home/joshf/mem-sqlite/sync_engine/claude_code/index.ts:112:13)
      at process.processTicksAndRejections (node:internal/process/task_queues:105:5)
      at async sync (/home/joshf/mem-sqlite/cli.ts:19:3)
      at async main (/home/joshf/mem-sqlite/cli.ts:56:7)
]
DEBUG: Processing JSONL file: /home/joshf/.claude/projects/-home-joshf-okta-mcp-server/92439d86-db27-4957-825e-6c5b52578b5e.jsonl
DEBUG: Extracted session ID: 92439d86-db27-4957-825e-6c5b52578b5e
DEBUG: File size: 0.41 MB
DEBUG: Reading file content from: /home/joshf/.claude/projects/-home-joshf-okta-mcp-server/92439d86-db27-4957-825e-6c5b52578b5e.jsonl
DEBUG: File content length: 429073 characters
DEBUG: Found 137 non-empty lines
DEBUG: Parsed 137 JSON messages
DEBUG: Parsing stats - total: 137, messages: 49, toolUses: 44, toolResults: 44, errors: 0, skipped: 88
DEBUG: Database operation complete:
  - Messages inserted: 0, updated: 0
  - Tool uses inserted: 0
  - Tool results inserted: 0
  - Attachments inserted: 0
  - Env info inserted: 0
  - Errors: 1
Synced 0 records from 92439d86-db27-4957-825e-6c5b52578b5e (44 tool calls extracted)
Errors in 92439d86-db27-4957-825e-6c5b52578b5e: [
  TypeError: The database connection is not open
      at sqliteTransaction (/home/joshf/mem-sqlite/node_modules/better-sqlite3/lib/methods/transaction.js:63:9)
      at <anonymous> (/home/joshf/mem-sqlite/sync_engine/execute/database.ts:311:7)
      at retryDatabaseOperation (/home/joshf/mem-sqlite/sync_engine/execute/database.ts:163:14)
      at executeParsedEntries (/home/joshf/mem-sqlite/sync_engine/execute/database.ts:193:10)
      at processJsonlFile (/home/joshf/mem-sqlite/sync_engine/claude_code/index.ts:69:20)
      at runClaudeCodeSync (/home/joshf/mem-sqlite/sync_engine/claude_code/index.ts:112:13)
      at process.processTicksAndRejections (node:internal/process/task_queues:105:5)
      at async sync (/home/joshf/mem-sqlite/cli.ts:19:3)
      at async main (/home/joshf/mem-sqlite/cli.ts:56:7)
]
DEBUG: Processing JSONL file: /home/joshf/.claude/projects/-home-joshf-okta-mcp-server/9392b63a-6674-4b5a-976d-d90d09ad2885.jsonl
DEBUG: Extracted session ID: 9392b63a-6674-4b5a-976d-d90d09ad2885
DEBUG: File size: 0.64 MB
DEBUG: Reading file content from: /home/joshf/.claude/projects/-home-joshf-okta-mcp-server/9392b63a-6674-4b5a-976d-d90d09ad2885.jsonl
DEBUG: File content length: 661057 characters
DEBUG: Found 277 non-empty lines
DEBUG: Parsed 277 JSON messages
DEBUG: Parsing stats - total: 277, messages: 101, toolUses: 88, toolResults: 88, errors: 0, skipped: 176
DEBUG: Database operation complete:
  - Messages inserted: 0, updated: 0
  - Tool uses inserted: 0
  - Tool results inserted: 0
  - Attachments inserted: 0
  - Env info inserted: 0
  - Errors: 1
Synced 0 records from 9392b63a-6674-4b5a-976d-d90d09ad2885 (88 tool calls extracted)
Errors in 9392b63a-6674-4b5a-976d-d90d09ad2885: [
  TypeError: The database connection is not open
      at sqliteTransaction (/home/joshf/mem-sqlite/node_modules/better-sqlite3/lib/methods/transaction.js:63:9)
      at <anonymous> (/home/joshf/mem-sqlite/sync_engine/execute/database.ts:311:7)
      at retryDatabaseOperation (/home/joshf/mem-sqlite/sync_engine/execute/database.ts:163:14)
      at executeParsedEntries (/home/joshf/mem-sqlite/sync_engine/execute/database.ts:193:10)
      at processJsonlFile (/home/joshf/mem-sqlite/sync_engine/claude_code/index.ts:69:20)
      at runClaudeCodeSync (/home/joshf/mem-sqlite/sync_engine/claude_code/index.ts:112:13)
      at process.processTicksAndRejections (node:internal/process/task_queues:105:5)
      at async sync (/home/joshf/mem-sqlite/cli.ts:19:3)
      at async main (/home/joshf/mem-sqlite/cli.ts:56:7)
]
DEBUG: Processing JSONL file: /home/joshf/.claude/projects/-home-joshf-okta-mcp-server/9753bdcd-f260-4d31-8d35-78dafc9e395f.jsonl
DEBUG: Extracted session ID: 9753bdcd-f260-4d31-8d35-78dafc9e395f
DEBUG: File size: 0.09 MB
DEBUG: Reading file content from: /home/joshf/.claude/projects/-home-joshf-okta-mcp-server/9753bdcd-f260-4d31-8d35-78dafc9e395f.jsonl
DEBUG: File content length: 98314 characters
DEBUG: Found 67 non-empty lines
DEBUG: Parsed 67 JSON messages
DEBUG: Parsing stats - total: 67, messages: 28, toolUses: 17, toolResults: 17, errors: 0, skipped: 39
DEBUG: Database operation complete:
  - Messages inserted: 0, updated: 0
  - Tool uses inserted: 0
  - Tool results inserted: 0
  - Attachments inserted: 0
  - Env info inserted: 0
  - Errors: 1
Synced 0 records from 9753bdcd-f260-4d31-8d35-78dafc9e395f (17 tool calls extracted)
Errors in 9753bdcd-f260-4d31-8d35-78dafc9e395f: [
  TypeError: The database connection is not open
      at sqliteTransaction (/home/joshf/mem-sqlite/node_modules/better-sqlite3/lib/methods/transaction.js:63:9)
      at <anonymous> (/home/joshf/mem-sqlite/sync_engine/execute/database.ts:311:7)
      at retryDatabaseOperation (/home/joshf/mem-sqlite/sync_engine/execute/database.ts:163:14)
      at executeParsedEntries (/home/joshf/mem-sqlite/sync_engine/execute/database.ts:193:10)
      at processJsonlFile (/home/joshf/mem-sqlite/sync_engine/claude_code/index.ts:69:20)
      at runClaudeCodeSync (/home/joshf/mem-sqlite/sync_engine/claude_code/index.ts:112:13)
      at process.processTicksAndRejections (node:internal/process/task_queues:105:5)
      at async sync (/home/joshf/mem-sqlite/cli.ts:19:3)
      at async main (/home/joshf/mem-sqlite/cli.ts:56:7)
]
DEBUG: Processing JSONL file: /home/joshf/.claude/projects/-home-joshf-okta-mcp-server/a876a16d-ec48-4d1c-8961-c9230cab55e4.jsonl
DEBUG: Extracted session ID: a876a16d-ec48-4d1c-8961-c9230cab55e4
DEBUG: File size: 0.07 MB
DEBUG: Reading file content from: /home/joshf/.claude/projects/-home-joshf-okta-mcp-server/a876a16d-ec48-4d1c-8961-c9230cab55e4.jsonl
DEBUG: File content length: 73949 characters
DEBUG: Found 25 non-empty lines
DEBUG: Parsed 25 JSON messages
DEBUG: Parsing stats - total: 25, messages: 13, toolUses: 6, toolResults: 6, errors: 0, skipped: 12
DEBUG: Database operation complete:
  - Messages inserted: 0, updated: 0
  - Tool uses inserted: 0
  - Tool results inserted: 0
  - Attachments inserted: 0
  - Env info inserted: 0
  - Errors: 1
Synced 0 records from a876a16d-ec48-4d1c-8961-c9230cab55e4 (6 tool calls extracted)
Errors in a876a16d-ec48-4d1c-8961-c9230cab55e4: [
  TypeError: The database connection is not open
      at sqliteTransaction (/home/joshf/mem-sqlite/node_modules/better-sqlite3/lib/methods/transaction.js:63:9)
      at <anonymous> (/home/joshf/mem-sqlite/sync_engine/execute/database.ts:311:7)
      at retryDatabaseOperation (/home/joshf/mem-sqlite/sync_engine/execute/database.ts:163:14)
      at executeParsedEntries (/home/joshf/mem-sqlite/sync_engine/execute/database.ts:193:10)
      at processJsonlFile (/home/joshf/mem-sqlite/sync_engine/claude_code/index.ts:69:20)
      at runClaudeCodeSync (/home/joshf/mem-sqlite/sync_engine/claude_code/index.ts:112:13)
      at process.processTicksAndRejections (node:internal/process/task_queues:105:5)
      at async sync (/home/joshf/mem-sqlite/cli.ts:19:3)
      at async main (/home/joshf/mem-sqlite/cli.ts:56:7)
]
DEBUG: Processing JSONL file: /home/joshf/.claude/projects/-home-joshf-okta-mcp-server/b9512dca-bb09-4e65-8e4f-b7a417e01dbd.jsonl
DEBUG: Extracted session ID: b9512dca-bb09-4e65-8e4f-b7a417e01dbd
DEBUG: File size: 0.66 MB
DEBUG: Reading file content from: /home/joshf/.claude/projects/-home-joshf-okta-mcp-server/b9512dca-bb09-4e65-8e4f-b7a417e01dbd.jsonl
DEBUG: File content length: 682947 characters
DEBUG: Found 301 non-empty lines
DEBUG: Parsed 301 JSON messages
DEBUG: Parsing stats - total: 301, messages: 115, toolUses: 93, toolResults: 93, errors: 1, skipped: 186
DEBUG: Database operation complete:
  - Messages inserted: 0, updated: 0
  - Tool uses inserted: 0
  - Tool results inserted: 0
  - Attachments inserted: 0
  - Env info inserted: 0
  - Errors: 1
Synced 0 records from b9512dca-bb09-4e65-8e4f-b7a417e01dbd (93 tool calls extracted)
Errors in b9512dca-bb09-4e65-8e4f-b7a417e01dbd: [
  TypeError: The database connection is not open
      at sqliteTransaction (/home/joshf/mem-sqlite/node_modules/better-sqlite3/lib/methods/transaction.js:63:9)
      at <anonymous> (/home/joshf/mem-sqlite/sync_engine/execute/database.ts:311:7)
      at retryDatabaseOperation (/home/joshf/mem-sqlite/sync_engine/execute/database.ts:163:14)
      at executeParsedEntries (/home/joshf/mem-sqlite/sync_engine/execute/database.ts:193:10)
      at processJsonlFile (/home/joshf/mem-sqlite/sync_engine/claude_code/index.ts:69:20)
      at runClaudeCodeSync (/home/joshf/mem-sqlite/sync_engine/claude_code/index.ts:112:13)
      at process.processTicksAndRejections (node:internal/process/task_queues:105:5)
      at async sync (/home/joshf/mem-sqlite/cli.ts:19:3)
      at async main (/home/joshf/mem-sqlite/cli.ts:56:7)
]
DEBUG: Processing JSONL file: /home/joshf/.claude/projects/-home-joshf-okta-mcp-server/b9ec232b-219c-42df-bb9e-3321c78801b7.jsonl
DEBUG: Extracted session ID: b9ec232b-219c-42df-bb9e-3321c78801b7
DEBUG: File size: 0.04 MB
DEBUG: Reading file content from: /home/joshf/.claude/projects/-home-joshf-okta-mcp-server/b9ec232b-219c-42df-bb9e-3321c78801b7.jsonl
DEBUG: File content length: 41408 characters
DEBUG: Found 21 non-empty lines
DEBUG: Parsed 21 JSON messages
DEBUG: Parsing stats - total: 21, messages: 11, toolUses: 5, toolResults: 5, errors: 0, skipped: 10
DEBUG: Database operation complete:
  - Messages inserted: 0, updated: 0
  - Tool uses inserted: 0
  - Tool results inserted: 0
  - Attachments inserted: 0
  - Env info inserted: 0
  - Errors: 1
Synced 0 records from b9ec232b-219c-42df-bb9e-3321c78801b7 (5 tool calls extracted)
Errors in b9ec232b-219c-42df-bb9e-3321c78801b7: [
  TypeError: The database connection is not open
      at sqliteTransaction (/home/joshf/mem-sqlite/node_modules/better-sqlite3/lib/methods/transaction.js:63:9)
      at <anonymous> (/home/joshf/mem-sqlite/sync_engine/execute/database.ts:311:7)
      at retryDatabaseOperation (/home/joshf/mem-sqlite/sync_engine/execute/database.ts:163:14)
      at executeParsedEntries (/home/joshf/mem-sqlite/sync_engine/execute/database.ts:193:10)
      at processJsonlFile (/home/joshf/mem-sqlite/sync_engine/claude_code/index.ts:69:20)
      at runClaudeCodeSync (/home/joshf/mem-sqlite/sync_engine/claude_code/index.ts:112:13)
      at process.processTicksAndRejections (node:internal/process/task_queues:105:5)
      at async sync (/home/joshf/mem-sqlite/cli.ts:19:3)
      at async main (/home/joshf/mem-sqlite/cli.ts:56:7)
]
DEBUG: Processing JSONL file: /home/joshf/.claude/projects/-home-joshf-okta-mcp-server/ba940289-96f3-4609-b5c5-aea2da2c858c.jsonl
DEBUG: Extracted session ID: ba940289-96f3-4609-b5c5-aea2da2c858c
DEBUG: File size: 0.14 MB
DEBUG: Reading file content from: /home/joshf/.claude/projects/-home-joshf-okta-mcp-server/ba940289-96f3-4609-b5c5-aea2da2c858c.jsonl
DEBUG: File content length: 142158 characters
DEBUG: Found 106 non-empty lines
DEBUG: Parsed 106 JSON messages
DEBUG: Parsing stats - total: 106, messages: 49, toolUses: 26, toolResults: 26, errors: 1, skipped: 57
DEBUG: Database operation complete:
  - Messages inserted: 0, updated: 0
  - Tool uses inserted: 0
  - Tool results inserted: 0
  - Attachments inserted: 0
  - Env info inserted: 0
  - Errors: 1
Synced 0 records from ba940289-96f3-4609-b5c5-aea2da2c858c (26 tool calls extracted)
Errors in ba940289-96f3-4609-b5c5-aea2da2c858c: [
  TypeError: The database connection is not open
      at sqliteTransaction (/home/joshf/mem-sqlite/node_modules/better-sqlite3/lib/methods/transaction.js:63:9)
      at <anonymous> (/home/joshf/mem-sqlite/sync_engine/execute/database.ts:311:7)
      at retryDatabaseOperation (/home/joshf/mem-sqlite/sync_engine/execute/database.ts:163:14)
      at executeParsedEntries (/home/joshf/mem-sqlite/sync_engine/execute/database.ts:193:10)
      at processJsonlFile (/home/joshf/mem-sqlite/sync_engine/claude_code/index.ts:69:20)
      at runClaudeCodeSync (/home/joshf/mem-sqlite/sync_engine/claude_code/index.ts:112:13)
      at process.processTicksAndRejections (node:internal/process/task_queues:105:5)
      at async sync (/home/joshf/mem-sqlite/cli.ts:19:3)
      at async main (/home/joshf/mem-sqlite/cli.ts:56:7)
]
DEBUG: Processing JSONL file: /home/joshf/.claude/projects/-home-joshf-okta-mcp-server/baa3851d-4dc5-4097-936f-44c38a3fd6e3.jsonl
DEBUG: Extracted session ID: baa3851d-4dc5-4097-936f-44c38a3fd6e3
DEBUG: File size: 0.07 MB
DEBUG: Reading file content from: /home/joshf/.claude/projects/-home-joshf-okta-mcp-server/baa3851d-4dc5-4097-936f-44c38a3fd6e3.jsonl
DEBUG: File content length: 71783 characters
DEBUG: Found 48 non-empty lines
DEBUG: Parsed 48 JSON messages
DEBUG: Parsing stats - total: 48, messages: 26, toolUses: 11, toolResults: 11, errors: 0, skipped: 22
DEBUG: Database operation complete:
  - Messages inserted: 0, updated: 0
  - Tool uses inserted: 0
  - Tool results inserted: 0
  - Attachments inserted: 0
  - Env info inserted: 0
  - Errors: 1
Synced 0 records from baa3851d-4dc5-4097-936f-44c38a3fd6e3 (11 tool calls extracted)
Errors in baa3851d-4dc5-4097-936f-44c38a3fd6e3: [
  TypeError: The database connection is not open
      at sqliteTransaction (/home/joshf/mem-sqlite/node_modules/better-sqlite3/lib/methods/transaction.js:63:9)
      at <anonymous> (/home/joshf/mem-sqlite/sync_engine/execute/database.ts:311:7)
      at retryDatabaseOperation (/home/joshf/mem-sqlite/sync_engine/execute/database.ts:163:14)
      at executeParsedEntries (/home/joshf/mem-sqlite/sync_engine/execute/database.ts:193:10)
      at processJsonlFile (/home/joshf/mem-sqlite/sync_engine/claude_code/index.ts:69:20)
      at runClaudeCodeSync (/home/joshf/mem-sqlite/sync_engine/claude_code/index.ts:112:13)
      at process.processTicksAndRejections (node:internal/process/task_queues:105:5)
      at async sync (/home/joshf/mem-sqlite/cli.ts:19:3)
      at async main (/home/joshf/mem-sqlite/cli.ts:56:7)
]
DEBUG: Processing JSONL file: /home/joshf/.claude/projects/-home-joshf-okta-mcp-server/bc80ceb1-e925-4f10-8cd3-80cdc7ca8edc.jsonl
DEBUG: Extracted session ID: bc80ceb1-e925-4f10-8cd3-80cdc7ca8edc
DEBUG: File size: 0.58 MB
DEBUG: Reading file content from: /home/joshf/.claude/projects/-home-joshf-okta-mcp-server/bc80ceb1-e925-4f10-8cd3-80cdc7ca8edc.jsonl
DEBUG: File content length: 599688 characters
DEBUG: Found 222 non-empty lines
DEBUG: Parsed 222 JSON messages
DEBUG: Parsing stats - total: 222, messages: 60, toolUses: 82, toolResults: 82, errors: 0, skipped: 162
DEBUG: Database operation complete:
  - Messages inserted: 0, updated: 0
  - Tool uses inserted: 0
  - Tool results inserted: 0
  - Attachments inserted: 0
  - Env info inserted: 0
  - Errors: 1
Synced 0 records from bc80ceb1-e925-4f10-8cd3-80cdc7ca8edc (82 tool calls extracted)
Errors in bc80ceb1-e925-4f10-8cd3-80cdc7ca8edc: [
  TypeError: The database connection is not open
      at sqliteTransaction (/home/joshf/mem-sqlite/node_modules/better-sqlite3/lib/methods/transaction.js:63:9)
      at <anonymous> (/home/joshf/mem-sqlite/sync_engine/execute/database.ts:311:7)
      at retryDatabaseOperation (/home/joshf/mem-sqlite/sync_engine/execute/database.ts:163:14)
      at executeParsedEntries (/home/joshf/mem-sqlite/sync_engine/execute/database.ts:193:10)
      at processJsonlFile (/home/joshf/mem-sqlite/sync_engine/claude_code/index.ts:69:20)
      at runClaudeCodeSync (/home/joshf/mem-sqlite/sync_engine/claude_code/index.ts:112:13)
      at process.processTicksAndRejections (node:internal/process/task_queues:105:5)
      at async sync (/home/joshf/mem-sqlite/cli.ts:19:3)
      at async main (/home/joshf/mem-sqlite/cli.ts:56:7)
]
DEBUG: Processing JSONL file: /home/joshf/.claude/projects/-home-joshf-okta-mcp-server/c851e8f9-5990-478b-bbba-760ea8e6633f.jsonl
DEBUG: Extracted session ID: c851e8f9-5990-478b-bbba-760ea8e6633f
DEBUG: File size: 0.00 MB
DEBUG: Reading file content from: /home/joshf/.claude/projects/-home-joshf-okta-mcp-server/c851e8f9-5990-478b-bbba-760ea8e6633f.jsonl
DEBUG: File content length: 2381 characters
DEBUG: Found 4 non-empty lines
DEBUG: Parsed 4 JSON messages
DEBUG: Parsing stats - total: 4, messages: 3, toolUses: 1, toolResults: 0, errors: 1, skipped: 1
DEBUG: Database operation complete:
  - Messages inserted: 0, updated: 0
  - Tool uses inserted: 0
  - Tool results inserted: 0
  - Attachments inserted: 0
  - Env info inserted: 0
  - Errors: 1
Synced 0 records from c851e8f9-5990-478b-bbba-760ea8e6633f (1 tool calls extracted)
Errors in c851e8f9-5990-478b-bbba-760ea8e6633f: [
  TypeError: The database connection is not open
      at sqliteTransaction (/home/joshf/mem-sqlite/node_modules/better-sqlite3/lib/methods/transaction.js:63:9)
      at <anonymous> (/home/joshf/mem-sqlite/sync_engine/execute/database.ts:311:7)
      at retryDatabaseOperation (/home/joshf/mem-sqlite/sync_engine/execute/database.ts:163:14)
      at executeParsedEntries (/home/joshf/mem-sqlite/sync_engine/execute/database.ts:193:10)
      at processJsonlFile (/home/joshf/mem-sqlite/sync_engine/claude_code/index.ts:69:20)
      at runClaudeCodeSync (/home/joshf/mem-sqlite/sync_engine/claude_code/index.ts:112:13)
      at process.processTicksAndRejections (node:internal/process/task_queues:105:5)
      at async sync (/home/joshf/mem-sqlite/cli.ts:19:3)
      at async main (/home/joshf/mem-sqlite/cli.ts:56:7)
]
DEBUG: Processing JSONL file: /home/joshf/.claude/projects/-home-joshf-okta-mcp-server/c8a53af3-6716-4889-b022-2bb8f691feab.jsonl
DEBUG: Extracted session ID: c8a53af3-6716-4889-b022-2bb8f691feab
DEBUG: File size: 0.63 MB
DEBUG: Reading file content from: /home/joshf/.claude/projects/-home-joshf-okta-mcp-server/c8a53af3-6716-4889-b022-2bb8f691feab.jsonl
DEBUG: File content length: 650943 characters
DEBUG: Found 265 non-empty lines
DEBUG: Parsed 265 JSON messages
DEBUG: Parsing stats - total: 265, messages: 95, toolUses: 85, toolResults: 85, errors: 1, skipped: 170
DEBUG: Database operation complete:
  - Messages inserted: 0, updated: 0
  - Tool uses inserted: 0
  - Tool results inserted: 0
  - Attachments inserted: 0
  - Env info inserted: 0
  - Errors: 1
Synced 0 records from c8a53af3-6716-4889-b022-2bb8f691feab (85 tool calls extracted)
Errors in c8a53af3-6716-4889-b022-2bb8f691feab: [
  TypeError: The database connection is not open
      at sqliteTransaction (/home/joshf/mem-sqlite/node_modules/better-sqlite3/lib/methods/transaction.js:63:9)
      at <anonymous> (/home/joshf/mem-sqlite/sync_engine/execute/database.ts:311:7)
      at retryDatabaseOperation (/home/joshf/mem-sqlite/sync_engine/execute/database.ts:163:14)
      at executeParsedEntries (/home/joshf/mem-sqlite/sync_engine/execute/database.ts:193:10)
      at processJsonlFile (/home/joshf/mem-sqlite/sync_engine/claude_code/index.ts:69:20)
      at runClaudeCodeSync (/home/joshf/mem-sqlite/sync_engine/claude_code/index.ts:112:13)
      at process.processTicksAndRejections (node:internal/process/task_queues:105:5)
      at async sync (/home/joshf/mem-sqlite/cli.ts:19:3)
      at async main (/home/joshf/mem-sqlite/cli.ts:56:7)
]
DEBUG: Processing JSONL file: /home/joshf/.claude/projects/-home-joshf-okta-mcp-server/da7830e9-87e3-4d77-9a3e-1cab01424664.jsonl
DEBUG: Extracted session ID: da7830e9-87e3-4d77-9a3e-1cab01424664
DEBUG: File size: 3.49 MB
DEBUG: Reading file content from: /home/joshf/.claude/projects/-home-joshf-okta-mcp-server/da7830e9-87e3-4d77-9a3e-1cab01424664.jsonl
DEBUG: File content length: 3629745 characters
DEBUG: Found 1107 non-empty lines
DEBUG: Parsed 1107 JSON messages
DEBUG: Parsing stats - total: 1107, messages: 304, toolUses: 402, toolResults: 402, errors: 1, skipped: 803
DEBUG: Database operation complete:
  - Messages inserted: 0, updated: 0
  - Tool uses inserted: 0
  - Tool results inserted: 0
  - Attachments inserted: 0
  - Env info inserted: 0
  - Errors: 1
Synced 0 records from da7830e9-87e3-4d77-9a3e-1cab01424664 (402 tool calls extracted)
Errors in da7830e9-87e3-4d77-9a3e-1cab01424664: [
  TypeError: The database connection is not open
      at sqliteTransaction (/home/joshf/mem-sqlite/node_modules/better-sqlite3/lib/methods/transaction.js:63:9)
      at <anonymous> (/home/joshf/mem-sqlite/sync_engine/execute/database.ts:311:7)
      at retryDatabaseOperation (/home/joshf/mem-sqlite/sync_engine/execute/database.ts:163:14)
      at executeParsedEntries (/home/joshf/mem-sqlite/sync_engine/execute/database.ts:193:10)
      at processJsonlFile (/home/joshf/mem-sqlite/sync_engine/claude_code/index.ts:69:20)
      at runClaudeCodeSync (/home/joshf/mem-sqlite/sync_engine/claude_code/index.ts:112:13)
      at process.processTicksAndRejections (node:internal/process/task_queues:105:5)
      at async sync (/home/joshf/mem-sqlite/cli.ts:19:3)
      at async main (/home/joshf/mem-sqlite/cli.ts:56:7)
]
DEBUG: Processing JSONL file: /home/joshf/.claude/projects/-home-joshf-okta-mcp-server/dac8d6b5-e833-4c8f-a87b-987164853888.jsonl
DEBUG: Extracted session ID: dac8d6b5-e833-4c8f-a87b-987164853888
DEBUG: File size: 0.03 MB
DEBUG: Reading file content from: /home/joshf/.claude/projects/-home-joshf-okta-mcp-server/dac8d6b5-e833-4c8f-a87b-987164853888.jsonl
DEBUG: File content length: 28900 characters
DEBUG: Found 33 non-empty lines
DEBUG: Parsed 33 JSON messages
DEBUG: Parsing stats - total: 33, messages: 15, toolUses: 9, toolResults: 9, errors: 0, skipped: 18
DEBUG: Database operation complete:
  - Messages inserted: 0, updated: 0
  - Tool uses inserted: 0
  - Tool results inserted: 0
  - Attachments inserted: 0
  - Env info inserted: 0
  - Errors: 1
Synced 0 records from dac8d6b5-e833-4c8f-a87b-987164853888 (9 tool calls extracted)
Errors in dac8d6b5-e833-4c8f-a87b-987164853888: [
  TypeError: The database connection is not open
      at sqliteTransaction (/home/joshf/mem-sqlite/node_modules/better-sqlite3/lib/methods/transaction.js:63:9)
      at <anonymous> (/home/joshf/mem-sqlite/sync_engine/execute/database.ts:311:7)
      at retryDatabaseOperation (/home/joshf/mem-sqlite/sync_engine/execute/database.ts:163:14)
      at executeParsedEntries (/home/joshf/mem-sqlite/sync_engine/execute/database.ts:193:10)
      at processJsonlFile (/home/joshf/mem-sqlite/sync_engine/claude_code/index.ts:69:20)
      at runClaudeCodeSync (/home/joshf/mem-sqlite/sync_engine/claude_code/index.ts:112:13)
      at process.processTicksAndRejections (node:internal/process/task_queues:105:5)
      at async sync (/home/joshf/mem-sqlite/cli.ts:19:3)
      at async main (/home/joshf/mem-sqlite/cli.ts:56:7)
]
DEBUG: Processing JSONL file: /home/joshf/.claude/projects/-home-joshf-okta-mcp-server/e12e7765-d144-479b-af06-a5cda7031714.jsonl
DEBUG: Extracted session ID: e12e7765-d144-479b-af06-a5cda7031714
DEBUG: File size: 0.31 MB
DEBUG: Reading file content from: /home/joshf/.claude/projects/-home-joshf-okta-mcp-server/e12e7765-d144-479b-af06-a5cda7031714.jsonl
DEBUG: File content length: 324296 characters
DEBUG: Found 106 non-empty lines
DEBUG: Parsed 106 JSON messages
DEBUG: Parsing stats - total: 106, messages: 36, toolUses: 35, toolResults: 35, errors: 0, skipped: 70
DEBUG: Database operation complete:
  - Messages inserted: 0, updated: 0
  - Tool uses inserted: 0
  - Tool results inserted: 0
  - Attachments inserted: 0
  - Env info inserted: 0
  - Errors: 1
Synced 0 records from e12e7765-d144-479b-af06-a5cda7031714 (35 tool calls extracted)
Errors in e12e7765-d144-479b-af06-a5cda7031714: [
  TypeError: The database connection is not open
      at sqliteTransaction (/home/joshf/mem-sqlite/node_modules/better-sqlite3/lib/methods/transaction.js:63:9)
      at <anonymous> (/home/joshf/mem-sqlite/sync_engine/execute/database.ts:311:7)
      at retryDatabaseOperation (/home/joshf/mem-sqlite/sync_engine/execute/database.ts:163:14)
      at executeParsedEntries (/home/joshf/mem-sqlite/sync_engine/execute/database.ts:193:10)
      at processJsonlFile (/home/joshf/mem-sqlite/sync_engine/claude_code/index.ts:69:20)
      at runClaudeCodeSync (/home/joshf/mem-sqlite/sync_engine/claude_code/index.ts:112:13)
      at process.processTicksAndRejections (node:internal/process/task_queues:105:5)
      at async sync (/home/joshf/mem-sqlite/cli.ts:19:3)
      at async main (/home/joshf/mem-sqlite/cli.ts:56:7)
]
DEBUG: Processing JSONL file: /home/joshf/.claude/projects/-home-joshf-okta-mcp-server/e3e27d99-29fc-4fe7-8225-44705e63c8ec.jsonl
DEBUG: Extracted session ID: e3e27d99-29fc-4fe7-8225-44705e63c8ec
DEBUG: File size: 0.48 MB
DEBUG: Reading file content from: /home/joshf/.claude/projects/-home-joshf-okta-mcp-server/e3e27d99-29fc-4fe7-8225-44705e63c8ec.jsonl
DEBUG: File content length: 498063 characters
DEBUG: Found 169 non-empty lines
DEBUG: Parsed 169 JSON messages
DEBUG: Parsing stats - total: 169, messages: 65, toolUses: 52, toolResults: 52, errors: 1, skipped: 104
DEBUG: Database operation complete:
  - Messages inserted: 0, updated: 0
  - Tool uses inserted: 0
  - Tool results inserted: 0
  - Attachments inserted: 0
  - Env info inserted: 0
  - Errors: 1
Synced 0 records from e3e27d99-29fc-4fe7-8225-44705e63c8ec (52 tool calls extracted)
Errors in e3e27d99-29fc-4fe7-8225-44705e63c8ec: [
  TypeError: The database connection is not open
      at sqliteTransaction (/home/joshf/mem-sqlite/node_modules/better-sqlite3/lib/methods/transaction.js:63:9)
      at <anonymous> (/home/joshf/mem-sqlite/sync_engine/execute/database.ts:311:7)
      at retryDatabaseOperation (/home/joshf/mem-sqlite/sync_engine/execute/database.ts:163:14)
      at executeParsedEntries (/home/joshf/mem-sqlite/sync_engine/execute/database.ts:193:10)
      at processJsonlFile (/home/joshf/mem-sqlite/sync_engine/claude_code/index.ts:69:20)
      at runClaudeCodeSync (/home/joshf/mem-sqlite/sync_engine/claude_code/index.ts:112:13)
      at process.processTicksAndRejections (node:internal/process/task_queues:105:5)
      at async sync (/home/joshf/mem-sqlite/cli.ts:19:3)
      at async main (/home/joshf/mem-sqlite/cli.ts:56:7)
]
DEBUG: Processing JSONL file: /home/joshf/.claude/projects/-home-joshf-okta-mcp-server/e5ff973d-7be3-4557-b3d2-4c6a120450a4.jsonl
DEBUG: Extracted session ID: e5ff973d-7be3-4557-b3d2-4c6a120450a4
DEBUG: File size: 0.34 MB
DEBUG: Reading file content from: /home/joshf/.claude/projects/-home-joshf-okta-mcp-server/e5ff973d-7be3-4557-b3d2-4c6a120450a4.jsonl
DEBUG: File content length: 357294 characters
DEBUG: Found 123 non-empty lines
DEBUG: Parsed 123 JSON messages
DEBUG: Parsing stats - total: 123, messages: 45, toolUses: 39, toolResults: 39, errors: 0, skipped: 78
DEBUG: Database operation complete:
  - Messages inserted: 0, updated: 0
  - Tool uses inserted: 0
  - Tool results inserted: 0
  - Attachments inserted: 0
  - Env info inserted: 0
  - Errors: 1
Synced 0 records from e5ff973d-7be3-4557-b3d2-4c6a120450a4 (39 tool calls extracted)
Errors in e5ff973d-7be3-4557-b3d2-4c6a120450a4: [
  TypeError: The database connection is not open
      at sqliteTransaction (/home/joshf/mem-sqlite/node_modules/better-sqlite3/lib/methods/transaction.js:63:9)
      at <anonymous> (/home/joshf/mem-sqlite/sync_engine/execute/database.ts:311:7)
      at retryDatabaseOperation (/home/joshf/mem-sqlite/sync_engine/execute/database.ts:163:14)
      at executeParsedEntries (/home/joshf/mem-sqlite/sync_engine/execute/database.ts:193:10)
      at processJsonlFile (/home/joshf/mem-sqlite/sync_engine/claude_code/index.ts:69:20)
      at runClaudeCodeSync (/home/joshf/mem-sqlite/sync_engine/claude_code/index.ts:112:13)
      at process.processTicksAndRejections (node:internal/process/task_queues:105:5)
      at async sync (/home/joshf/mem-sqlite/cli.ts:19:3)
      at async main (/home/joshf/mem-sqlite/cli.ts:56:7)
]
DEBUG: Processing JSONL file: /home/joshf/.claude/projects/-home-joshf-okta-mcp-server/e6fc47d4-5f00-46b4-a92c-4c3836034a15.jsonl
DEBUG: Extracted session ID: e6fc47d4-5f00-46b4-a92c-4c3836034a15
DEBUG: File size: 0.02 MB
DEBUG: Reading file content from: /home/joshf/.claude/projects/-home-joshf-okta-mcp-server/e6fc47d4-5f00-46b4-a92c-4c3836034a15.jsonl
DEBUG: File content length: 18161 characters
DEBUG: Found 19 non-empty lines
DEBUG: Parsed 19 JSON messages
DEBUG: Parsing stats - total: 19, messages: 11, toolUses: 4, toolResults: 4, errors: 0, skipped: 8
DEBUG: Database operation complete:
  - Messages inserted: 0, updated: 0
  - Tool uses inserted: 0
  - Tool results inserted: 0
  - Attachments inserted: 0
  - Env info inserted: 0
  - Errors: 1
Synced 0 records from e6fc47d4-5f00-46b4-a92c-4c3836034a15 (4 tool calls extracted)
Errors in e6fc47d4-5f00-46b4-a92c-4c3836034a15: [
  TypeError: The database connection is not open
      at sqliteTransaction (/home/joshf/mem-sqlite/node_modules/better-sqlite3/lib/methods/transaction.js:63:9)
      at <anonymous> (/home/joshf/mem-sqlite/sync_engine/execute/database.ts:311:7)
      at retryDatabaseOperation (/home/joshf/mem-sqlite/sync_engine/execute/database.ts:163:14)
      at executeParsedEntries (/home/joshf/mem-sqlite/sync_engine/execute/database.ts:193:10)
      at processJsonlFile (/home/joshf/mem-sqlite/sync_engine/claude_code/index.ts:69:20)
      at runClaudeCodeSync (/home/joshf/mem-sqlite/sync_engine/claude_code/index.ts:112:13)
      at process.processTicksAndRejections (node:internal/process/task_queues:105:5)
      at async sync (/home/joshf/mem-sqlite/cli.ts:19:3)
      at async main (/home/joshf/mem-sqlite/cli.ts:56:7)
]
DEBUG: Processing JSONL file: /home/joshf/.claude/projects/-home-joshf-okta-mcp-server/eb11e25b-76e0-4c09-859b-b0a51e5bb0e3.jsonl
DEBUG: Extracted session ID: eb11e25b-76e0-4c09-859b-b0a51e5bb0e3
DEBUG: File size: 0.02 MB
DEBUG: Reading file content from: /home/joshf/.claude/projects/-home-joshf-okta-mcp-server/eb11e25b-76e0-4c09-859b-b0a51e5bb0e3.jsonl
DEBUG: File content length: 21546 characters
DEBUG: Found 14 non-empty lines
DEBUG: Parsed 14 JSON messages
DEBUG: Parsing stats - total: 14, messages: 8, toolUses: 3, toolResults: 3, errors: 0, skipped: 6
DEBUG: Database operation complete:
  - Messages inserted: 0, updated: 0
  - Tool uses inserted: 0
  - Tool results inserted: 0
  - Attachments inserted: 0
  - Env info inserted: 0
  - Errors: 1
Synced 0 records from eb11e25b-76e0-4c09-859b-b0a51e5bb0e3 (3 tool calls extracted)
Errors in eb11e25b-76e0-4c09-859b-b0a51e5bb0e3: [
  TypeError: The database connection is not open
      at sqliteTransaction (/home/joshf/mem-sqlite/node_modules/better-sqlite3/lib/methods/transaction.js:63:9)
      at <anonymous> (/home/joshf/mem-sqlite/sync_engine/execute/database.ts:311:7)
      at retryDatabaseOperation (/home/joshf/mem-sqlite/sync_engine/execute/database.ts:163:14)
      at executeParsedEntries (/home/joshf/mem-sqlite/sync_engine/execute/database.ts:193:10)
      at processJsonlFile (/home/joshf/mem-sqlite/sync_engine/claude_code/index.ts:69:20)
      at runClaudeCodeSync (/home/joshf/mem-sqlite/sync_engine/claude_code/index.ts:112:13)
      at process.processTicksAndRejections (node:internal/process/task_queues:105:5)
      at async sync (/home/joshf/mem-sqlite/cli.ts:19:3)
      at async main (/home/joshf/mem-sqlite/cli.ts:56:7)
]
DEBUG: Processing JSONL file: /home/joshf/.claude/projects/-home-joshf-okta-mcp-server/eca5fe17-2991-457a-9a68-e49eba74ed17.jsonl
DEBUG: Extracted session ID: eca5fe17-2991-457a-9a68-e49eba74ed17
DEBUG: File size: 0.12 MB
DEBUG: Reading file content from: /home/joshf/.claude/projects/-home-joshf-okta-mcp-server/eca5fe17-2991-457a-9a68-e49eba74ed17.jsonl
DEBUG: File content length: 129843 characters
DEBUG: Found 46 non-empty lines
DEBUG: Parsed 46 JSON messages
DEBUG: Parsing stats - total: 46, messages: 22, toolUses: 12, toolResults: 12, errors: 2, skipped: 24
DEBUG: Database operation complete:
  - Messages inserted: 0, updated: 0
  - Tool uses inserted: 0
  - Tool results inserted: 0
  - Attachments inserted: 0
  - Env info inserted: 0
  - Errors: 1
Synced 0 records from eca5fe17-2991-457a-9a68-e49eba74ed17 (12 tool calls extracted)
Errors in eca5fe17-2991-457a-9a68-e49eba74ed17: [
  TypeError: The database connection is not open
      at sqliteTransaction (/home/joshf/mem-sqlite/node_modules/better-sqlite3/lib/methods/transaction.js:63:9)
      at <anonymous> (/home/joshf/mem-sqlite/sync_engine/execute/database.ts:311:7)
      at retryDatabaseOperation (/home/joshf/mem-sqlite/sync_engine/execute/database.ts:163:14)
      at executeParsedEntries (/home/joshf/mem-sqlite/sync_engine/execute/database.ts:193:10)
      at processJsonlFile (/home/joshf/mem-sqlite/sync_engine/claude_code/index.ts:69:20)
      at runClaudeCodeSync (/home/joshf/mem-sqlite/sync_engine/claude_code/index.ts:112:13)
      at process.processTicksAndRejections (node:internal/process/task_queues:105:5)
      at async sync (/home/joshf/mem-sqlite/cli.ts:19:3)
      at async main (/home/joshf/mem-sqlite/cli.ts:56:7)
]
DEBUG: Processing JSONL file: /home/joshf/.claude/projects/-home-joshf-okta-mcp-server/f88672f2-82a2-419c-a916-77b7abaa69d3.jsonl
DEBUG: Extracted session ID: f88672f2-82a2-419c-a916-77b7abaa69d3
DEBUG: File size: 5.66 MB
DEBUG: Reading file content from: /home/joshf/.claude/projects/-home-joshf-okta-mcp-server/f88672f2-82a2-419c-a916-77b7abaa69d3.jsonl
DEBUG: File content length: 5896323 characters
DEBUG: Found 1758 non-empty lines
DEBUG: Parsed 1758 JSON messages
DEBUG: Parsing stats - total: 1758, messages: 521, toolUses: 612, toolResults: 612, errors: 0, skipped: 1237
DEBUG: Database operation complete:
  - Messages inserted: 0, updated: 0
  - Tool uses inserted: 0
  - Tool results inserted: 0
  - Attachments inserted: 0
  - Env info inserted: 0
  - Errors: 1
Synced 0 records from f88672f2-82a2-419c-a916-77b7abaa69d3 (612 tool calls extracted)
Errors in f88672f2-82a2-419c-a916-77b7abaa69d3: [
  TypeError: The database connection is not open
      at sqliteTransaction (/home/joshf/mem-sqlite/node_modules/better-sqlite3/lib/methods/transaction.js:63:9)
      at <anonymous> (/home/joshf/mem-sqlite/sync_engine/execute/database.ts:311:7)
      at retryDatabaseOperation (/home/joshf/mem-sqlite/sync_engine/execute/database.ts:163:14)
      at executeParsedEntries (/home/joshf/mem-sqlite/sync_engine/execute/database.ts:193:10)
      at processJsonlFile (/home/joshf/mem-sqlite/sync_engine/claude_code/index.ts:69:20)
      at runClaudeCodeSync (/home/joshf/mem-sqlite/sync_engine/claude_code/index.ts:112:13)
      at process.processTicksAndRejections (node:internal/process/task_queues:105:5)
      at async sync (/home/joshf/mem-sqlite/cli.ts:19:3)
      at async main (/home/joshf/mem-sqlite/cli.ts:56:7)
]
DEBUG: Processing JSONL file: /home/joshf/.claude/projects/-home-joshf-okta-mcp-server/fe12cc66-7614-4d1c-ba97-c0a969fdf1e2.jsonl
DEBUG: Extracted session ID: fe12cc66-7614-4d1c-ba97-c0a969fdf1e2
DEBUG: File size: 0.00 MB
DEBUG: Reading file content from: /home/joshf/.claude/projects/-home-joshf-okta-mcp-server/fe12cc66-7614-4d1c-ba97-c0a969fdf1e2.jsonl
DEBUG: File content length: 2347 characters
DEBUG: Found 5 non-empty lines
DEBUG: Parsed 5 JSON messages
DEBUG: Parsing stats - total: 5, messages: 5, toolUses: 0, toolResults: 0, errors: 0, skipped: 0
DEBUG: Database operation complete:
  - Messages inserted: 0, updated: 0
  - Tool uses inserted: 0
  - Tool results inserted: 0
  - Attachments inserted: 0
  - Env info inserted: 0
  - Errors: 1
Synced 0 records from fe12cc66-7614-4d1c-ba97-c0a969fdf1e2 (0 tool calls extracted)
Errors in fe12cc66-7614-4d1c-ba97-c0a969fdf1e2: [
  TypeError: The database connection is not open
      at sqliteTransaction (/home/joshf/mem-sqlite/node_modules/better-sqlite3/lib/methods/transaction.js:63:9)
      at <anonymous> (/home/joshf/mem-sqlite/sync_engine/execute/database.ts:311:7)
      at retryDatabaseOperation (/home/joshf/mem-sqlite/sync_engine/execute/database.ts:163:14)
      at executeParsedEntries (/home/joshf/mem-sqlite/sync_engine/execute/database.ts:193:10)
      at processJsonlFile (/home/joshf/mem-sqlite/sync_engine/claude_code/index.ts:69:20)
      at runClaudeCodeSync (/home/joshf/mem-sqlite/sync_engine/claude_code/index.ts:112:13)
      at process.processTicksAndRejections (node:internal/process/task_queues:105:5)
      at async sync (/home/joshf/mem-sqlite/cli.ts:19:3)
      at async main (/home/joshf/mem-sqlite/cli.ts:56:7)
]
DEBUG: Processing JSONL file: /home/joshf/.claude/projects/-home-joshf-okta-mcp-server-python/1f00ec73-90e6-4dff-9bc9-1b92b787cce5.jsonl
DEBUG: Extracted session ID: 1f00ec73-90e6-4dff-9bc9-1b92b787cce5
DEBUG: File size: 0.00 MB
DEBUG: Reading file content from: /home/joshf/.claude/projects/-home-joshf-okta-mcp-server-python/1f00ec73-90e6-4dff-9bc9-1b92b787cce5.jsonl
DEBUG: File content length: 2962 characters
DEBUG: Found 6 non-empty lines
DEBUG: Parsed 6 JSON messages
DEBUG: Parsing stats - total: 6, messages: 6, toolUses: 0, toolResults: 0, errors: 0, skipped: 0
DEBUG: Database operation complete:
  - Messages inserted: 0, updated: 0
  - Tool uses inserted: 0
  - Tool results inserted: 0
  - Attachments inserted: 0
  - Env info inserted: 0
  - Errors: 1
Synced 0 records from 1f00ec73-90e6-4dff-9bc9-1b92b787cce5 (0 tool calls extracted)
Errors in 1f00ec73-90e6-4dff-9bc9-1b92b787cce5: [
  TypeError: The database connection is not open
      at sqliteTransaction (/home/joshf/mem-sqlite/node_modules/better-sqlite3/lib/methods/transaction.js:63:9)
      at <anonymous> (/home/joshf/mem-sqlite/sync_engine/execute/database.ts:311:7)
      at retryDatabaseOperation (/home/joshf/mem-sqlite/sync_engine/execute/database.ts:163:14)
      at executeParsedEntries (/home/joshf/mem-sqlite/sync_engine/execute/database.ts:193:10)
      at processJsonlFile (/home/joshf/mem-sqlite/sync_engine/claude_code/index.ts:69:20)
      at runClaudeCodeSync (/home/joshf/mem-sqlite/sync_engine/claude_code/index.ts:112:13)
      at process.processTicksAndRejections (node:internal/process/task_queues:105:5)
      at async sync (/home/joshf/mem-sqlite/cli.ts:19:3)
      at async main (/home/joshf/mem-sqlite/cli.ts:56:7)
]
DEBUG: Processing JSONL file: /home/joshf/.claude/projects/-home-joshf-okta-mcp-server-python/35cabcb4-85a9-4e17-9fc4-42d54af72db1.jsonl
DEBUG: Extracted session ID: 35cabcb4-85a9-4e17-9fc4-42d54af72db1
DEBUG: File size: 0.01 MB
DEBUG: Reading file content from: /home/joshf/.claude/projects/-home-joshf-okta-mcp-server-python/35cabcb4-85a9-4e17-9fc4-42d54af72db1.jsonl
DEBUG: File content length: 11195 characters
DEBUG: Found 15 non-empty lines
DEBUG: Parsed 15 JSON messages
DEBUG: Parsing stats - total: 15, messages: 11, toolUses: 2, toolResults: 2, errors: 1, skipped: 4
DEBUG: Database operation complete:
  - Messages inserted: 0, updated: 0
  - Tool uses inserted: 0
  - Tool results inserted: 0
  - Attachments inserted: 0
  - Env info inserted: 0
  - Errors: 1
Synced 0 records from 35cabcb4-85a9-4e17-9fc4-42d54af72db1 (2 tool calls extracted)
Errors in 35cabcb4-85a9-4e17-9fc4-42d54af72db1: [
  TypeError: The database connection is not open
      at sqliteTransaction (/home/joshf/mem-sqlite/node_modules/better-sqlite3/lib/methods/transaction.js:63:9)
      at <anonymous> (/home/joshf/mem-sqlite/sync_engine/execute/database.ts:311:7)
      at retryDatabaseOperation (/home/joshf/mem-sqlite/sync_engine/execute/database.ts:163:14)
      at executeParsedEntries (/home/joshf/mem-sqlite/sync_engine/execute/database.ts:193:10)
      at processJsonlFile (/home/joshf/mem-sqlite/sync_engine/claude_code/index.ts:69:20)
      at runClaudeCodeSync (/home/joshf/mem-sqlite/sync_engine/claude_code/index.ts:112:13)
      at process.processTicksAndRejections (node:internal/process/task_queues:105:5)
      at async sync (/home/joshf/mem-sqlite/cli.ts:19:3)
      at async main (/home/joshf/mem-sqlite/cli.ts:56:7)
]
DEBUG: Processing JSONL file: /home/joshf/.claude/projects/-home-joshf-okta-mcp-server-python/3651cc1f-b856-4cc4-b8bc-6888fc30427e.jsonl
DEBUG: Extracted session ID: 3651cc1f-b856-4cc4-b8bc-6888fc30427e
DEBUG: File size: 0.02 MB
DEBUG: Reading file content from: /home/joshf/.claude/projects/-home-joshf-okta-mcp-server-python/3651cc1f-b856-4cc4-b8bc-6888fc30427e.jsonl
DEBUG: File content length: 22844 characters
DEBUG: Found 27 non-empty lines
DEBUG: Parsed 27 JSON messages
DEBUG: Parsing stats - total: 27, messages: 15, toolUses: 6, toolResults: 6, errors: 0, skipped: 12
DEBUG: Database operation complete:
  - Messages inserted: 0, updated: 0
  - Tool uses inserted: 0
  - Tool results inserted: 0
  - Attachments inserted: 0
  - Env info inserted: 0
  - Errors: 1
Synced 0 records from 3651cc1f-b856-4cc4-b8bc-6888fc30427e (6 tool calls extracted)
Errors in 3651cc1f-b856-4cc4-b8bc-6888fc30427e: [
  TypeError: The database connection is not open
      at sqliteTransaction (/home/joshf/mem-sqlite/node_modules/better-sqlite3/lib/methods/transaction.js:63:9)
      at <anonymous> (/home/joshf/mem-sqlite/sync_engine/execute/database.ts:311:7)
      at retryDatabaseOperation (/home/joshf/mem-sqlite/sync_engine/execute/database.ts:163:14)
      at executeParsedEntries (/home/joshf/mem-sqlite/sync_engine/execute/database.ts:193:10)
      at processJsonlFile (/home/joshf/mem-sqlite/sync_engine/claude_code/index.ts:69:20)
      at runClaudeCodeSync (/home/joshf/mem-sqlite/sync_engine/claude_code/index.ts:112:13)
      at process.processTicksAndRejections (node:internal/process/task_queues:105:5)
      at async sync (/home/joshf/mem-sqlite/cli.ts:19:3)
      at async main (/home/joshf/mem-sqlite/cli.ts:56:7)
]
DEBUG: Processing JSONL file: /home/joshf/.claude/projects/-home-joshf-okta-mcp-server-python/3b944abd-36bc-4b69-b8cc-0b5f7d3a4e87.jsonl
DEBUG: Extracted session ID: 3b944abd-36bc-4b69-b8cc-0b5f7d3a4e87
DEBUG: File size: 0.02 MB
DEBUG: Reading file content from: /home/joshf/.claude/projects/-home-joshf-okta-mcp-server-python/3b944abd-36bc-4b69-b8cc-0b5f7d3a4e87.jsonl
DEBUG: File content length: 21918 characters
DEBUG: Found 28 non-empty lines
DEBUG: Parsed 28 JSON messages
DEBUG: Parsing stats - total: 28, messages: 14, toolUses: 7, toolResults: 7, errors: 1, skipped: 14
DEBUG: Database operation complete:
  - Messages inserted: 0, updated: 0
  - Tool uses inserted: 0
  - Tool results inserted: 0
  - Attachments inserted: 0
  - Env info inserted: 0
  - Errors: 1
Synced 0 records from 3b944abd-36bc-4b69-b8cc-0b5f7d3a4e87 (7 tool calls extracted)
Errors in 3b944abd-36bc-4b69-b8cc-0b5f7d3a4e87: [
  TypeError: The database connection is not open
      at sqliteTransaction (/home/joshf/mem-sqlite/node_modules/better-sqlite3/lib/methods/transaction.js:63:9)
      at <anonymous> (/home/joshf/mem-sqlite/sync_engine/execute/database.ts:311:7)
      at retryDatabaseOperation (/home/joshf/mem-sqlite/sync_engine/execute/database.ts:163:14)
      at executeParsedEntries (/home/joshf/mem-sqlite/sync_engine/execute/database.ts:193:10)
      at processJsonlFile (/home/joshf/mem-sqlite/sync_engine/claude_code/index.ts:69:20)
      at runClaudeCodeSync (/home/joshf/mem-sqlite/sync_engine/claude_code/index.ts:112:13)
      at process.processTicksAndRejections (node:internal/process/task_queues:105:5)
      at async sync (/home/joshf/mem-sqlite/cli.ts:19:3)
      at async main (/home/joshf/mem-sqlite/cli.ts:56:7)
]
DEBUG: Processing JSONL file: /home/joshf/.claude/projects/-home-joshf-okta-mcp-server-python/4c1a07f9-7cc5-40c9-b29c-778f3ab5b93e.jsonl
DEBUG: Extracted session ID: 4c1a07f9-7cc5-40c9-b29c-778f3ab5b93e
DEBUG: File size: 0.02 MB
DEBUG: Reading file content from: /home/joshf/.claude/projects/-home-joshf-okta-mcp-server-python/4c1a07f9-7cc5-40c9-b29c-778f3ab5b93e.jsonl
DEBUG: File content length: 18356 characters
DEBUG: Found 22 non-empty lines
DEBUG: Parsed 22 JSON messages
DEBUG: Parsing stats - total: 22, messages: 10, toolUses: 6, toolResults: 6, errors: 0, skipped: 12
DEBUG: Database operation complete:
  - Messages inserted: 0, updated: 0
  - Tool uses inserted: 0
  - Tool results inserted: 0
  - Attachments inserted: 0
  - Env info inserted: 0
  - Errors: 1
Synced 0 records from 4c1a07f9-7cc5-40c9-b29c-778f3ab5b93e (6 tool calls extracted)
Errors in 4c1a07f9-7cc5-40c9-b29c-778f3ab5b93e: [
  TypeError: The database connection is not open
      at sqliteTransaction (/home/joshf/mem-sqlite/node_modules/better-sqlite3/lib/methods/transaction.js:63:9)
      at <anonymous> (/home/joshf/mem-sqlite/sync_engine/execute/database.ts:311:7)
      at retryDatabaseOperation (/home/joshf/mem-sqlite/sync_engine/execute/database.ts:163:14)
      at executeParsedEntries (/home/joshf/mem-sqlite/sync_engine/execute/database.ts:193:10)
      at processJsonlFile (/home/joshf/mem-sqlite/sync_engine/claude_code/index.ts:69:20)
      at runClaudeCodeSync (/home/joshf/mem-sqlite/sync_engine/claude_code/index.ts:112:13)
      at process.processTicksAndRejections (node:internal/process/task_queues:105:5)
      at async sync (/home/joshf/mem-sqlite/cli.ts:19:3)
      at async main (/home/joshf/mem-sqlite/cli.ts:56:7)
]
DEBUG: Processing JSONL file: /home/joshf/.claude/projects/-home-joshf-okta-mcp-server-python/5ae2c397-3cb9-453e-8ee6-ce64db08ac5d.jsonl
DEBUG: Extracted session ID: 5ae2c397-3cb9-453e-8ee6-ce64db08ac5d
DEBUG: File size: 0.05 MB
DEBUG: Reading file content from: /home/joshf/.claude/projects/-home-joshf-okta-mcp-server-python/5ae2c397-3cb9-453e-8ee6-ce64db08ac5d.jsonl
DEBUG: File content length: 49176 characters
DEBUG: Found 33 non-empty lines
DEBUG: Parsed 33 JSON messages
DEBUG: Parsing stats - total: 33, messages: 17, toolUses: 8, toolResults: 8, errors: 0, skipped: 16
DEBUG: Database operation complete:
  - Messages inserted: 0, updated: 0
  - Tool uses inserted: 0
  - Tool results inserted: 0
  - Attachments inserted: 0
  - Env info inserted: 0
  - Errors: 1
Synced 0 records from 5ae2c397-3cb9-453e-8ee6-ce64db08ac5d (8 tool calls extracted)
Errors in 5ae2c397-3cb9-453e-8ee6-ce64db08ac5d: [
  TypeError: The database connection is not open
      at sqliteTransaction (/home/joshf/mem-sqlite/node_modules/better-sqlite3/lib/methods/transaction.js:63:9)
      at <anonymous> (/home/joshf/mem-sqlite/sync_engine/execute/database.ts:311:7)
      at retryDatabaseOperation (/home/joshf/mem-sqlite/sync_engine/execute/database.ts:163:14)
      at executeParsedEntries (/home/joshf/mem-sqlite/sync_engine/execute/database.ts:193:10)
      at processJsonlFile (/home/joshf/mem-sqlite/sync_engine/claude_code/index.ts:69:20)
      at runClaudeCodeSync (/home/joshf/mem-sqlite/sync_engine/claude_code/index.ts:112:13)
      at process.processTicksAndRejections (node:internal/process/task_queues:105:5)
      at async sync (/home/joshf/mem-sqlite/cli.ts:19:3)
      at async main (/home/joshf/mem-sqlite/cli.ts:56:7)
]
DEBUG: Processing JSONL file: /home/joshf/.claude/projects/-home-joshf-okta-mcp-server-python/5cc3e61f-09de-428d-a35a-69feecf23f99.jsonl
DEBUG: Extracted session ID: 5cc3e61f-09de-428d-a35a-69feecf23f99
DEBUG: File size: 0.02 MB
DEBUG: Reading file content from: /home/joshf/.claude/projects/-home-joshf-okta-mcp-server-python/5cc3e61f-09de-428d-a35a-69feecf23f99.jsonl
DEBUG: File content length: 16895 characters
DEBUG: Found 24 non-empty lines
DEBUG: Parsed 24 JSON messages
DEBUG: Parsing stats - total: 24, messages: 14, toolUses: 5, toolResults: 5, errors: 1, skipped: 10
DEBUG: Database operation complete:
  - Messages inserted: 0, updated: 0
  - Tool uses inserted: 0
  - Tool results inserted: 0
  - Attachments inserted: 0
  - Env info inserted: 0
  - Errors: 1
Synced 0 records from 5cc3e61f-09de-428d-a35a-69feecf23f99 (5 tool calls extracted)
Errors in 5cc3e61f-09de-428d-a35a-69feecf23f99: [
  TypeError: The database connection is not open
      at sqliteTransaction (/home/joshf/mem-sqlite/node_modules/better-sqlite3/lib/methods/transaction.js:63:9)
      at <anonymous> (/home/joshf/mem-sqlite/sync_engine/execute/database.ts:311:7)
      at retryDatabaseOperation (/home/joshf/mem-sqlite/sync_engine/execute/database.ts:163:14)
      at executeParsedEntries (/home/joshf/mem-sqlite/sync_engine/execute/database.ts:193:10)
      at processJsonlFile (/home/joshf/mem-sqlite/sync_engine/claude_code/index.ts:69:20)
      at runClaudeCodeSync (/home/joshf/mem-sqlite/sync_engine/claude_code/index.ts:112:13)
      at process.processTicksAndRejections (node:internal/process/task_queues:105:5)
      at async sync (/home/joshf/mem-sqlite/cli.ts:19:3)
      at async main (/home/joshf/mem-sqlite/cli.ts:56:7)
]
DEBUG: Processing JSONL file: /home/joshf/.claude/projects/-home-joshf-okta-mcp-server-python/694487d7-1c35-47a7-b10d-2d671a0cabd3.jsonl
DEBUG: Extracted session ID: 694487d7-1c35-47a7-b10d-2d671a0cabd3
DEBUG: File size: 0.03 MB
DEBUG: Reading file content from: /home/joshf/.claude/projects/-home-joshf-okta-mcp-server-python/694487d7-1c35-47a7-b10d-2d671a0cabd3.jsonl
DEBUG: File content length: 26781 characters
DEBUG: Found 18 non-empty lines
DEBUG: Parsed 18 JSON messages
DEBUG: Parsing stats - total: 18, messages: 16, toolUses: 1, toolResults: 1, errors: 1, skipped: 2
DEBUG: Database operation complete:
  - Messages inserted: 0, updated: 0
  - Tool uses inserted: 0
  - Tool results inserted: 0
  - Attachments inserted: 0
  - Env info inserted: 0
  - Errors: 1
Synced 0 records from 694487d7-1c35-47a7-b10d-2d671a0cabd3 (1 tool calls extracted)
Errors in 694487d7-1c35-47a7-b10d-2d671a0cabd3: [
  TypeError: The database connection is not open
      at sqliteTransaction (/home/joshf/mem-sqlite/node_modules/better-sqlite3/lib/methods/transaction.js:63:9)
      at <anonymous> (/home/joshf/mem-sqlite/sync_engine/execute/database.ts:311:7)
      at retryDatabaseOperation (/home/joshf/mem-sqlite/sync_engine/execute/database.ts:163:14)
      at executeParsedEntries (/home/joshf/mem-sqlite/sync_engine/execute/database.ts:193:10)
      at processJsonlFile (/home/joshf/mem-sqlite/sync_engine/claude_code/index.ts:69:20)
      at runClaudeCodeSync (/home/joshf/mem-sqlite/sync_engine/claude_code/index.ts:112:13)
      at process.processTicksAndRejections (node:internal/process/task_queues:105:5)
      at async sync (/home/joshf/mem-sqlite/cli.ts:19:3)
      at async main (/home/joshf/mem-sqlite/cli.ts:56:7)
]
DEBUG: Processing JSONL file: /home/joshf/.claude/projects/-home-joshf-okta-mcp-server-python/750c5928-f858-4058-8002-b0b645315805.jsonl
DEBUG: Extracted session ID: 750c5928-f858-4058-8002-b0b645315805
DEBUG: File size: 0.06 MB
DEBUG: Reading file content from: /home/joshf/.claude/projects/-home-joshf-okta-mcp-server-python/750c5928-f858-4058-8002-b0b645315805.jsonl
DEBUG: File content length: 61383 characters
DEBUG: Found 39 non-empty lines
DEBUG: Parsed 39 JSON messages
DEBUG: Parsing stats - total: 39, messages: 21, toolUses: 9, toolResults: 9, errors: 0, skipped: 18
DEBUG: Database operation complete:
  - Messages inserted: 0, updated: 0
  - Tool uses inserted: 0
  - Tool results inserted: 0
  - Attachments inserted: 0
  - Env info inserted: 0
  - Errors: 1
Synced 0 records from 750c5928-f858-4058-8002-b0b645315805 (9 tool calls extracted)
Errors in 750c5928-f858-4058-8002-b0b645315805: [
  TypeError: The database connection is not open
      at sqliteTransaction (/home/joshf/mem-sqlite/node_modules/better-sqlite3/lib/methods/transaction.js:63:9)
      at <anonymous> (/home/joshf/mem-sqlite/sync_engine/execute/database.ts:311:7)
      at retryDatabaseOperation (/home/joshf/mem-sqlite/sync_engine/execute/database.ts:163:14)
      at executeParsedEntries (/home/joshf/mem-sqlite/sync_engine/execute/database.ts:193:10)
      at processJsonlFile (/home/joshf/mem-sqlite/sync_engine/claude_code/index.ts:69:20)
      at runClaudeCodeSync (/home/joshf/mem-sqlite/sync_engine/claude_code/index.ts:112:13)
      at process.processTicksAndRejections (node:internal/process/task_queues:105:5)
      at async sync (/home/joshf/mem-sqlite/cli.ts:19:3)
      at async main (/home/joshf/mem-sqlite/cli.ts:56:7)
]
DEBUG: Processing JSONL file: /home/joshf/.claude/projects/-home-joshf-okta-mcp-server-python/977fc2a7-74d0-433c-b5e9-1645903b93d6.jsonl
DEBUG: Extracted session ID: 977fc2a7-74d0-433c-b5e9-1645903b93d6
DEBUG: File size: 0.06 MB
DEBUG: Reading file content from: /home/joshf/.claude/projects/-home-joshf-okta-mcp-server-python/977fc2a7-74d0-433c-b5e9-1645903b93d6.jsonl
DEBUG: File content length: 62064 characters
DEBUG: Found 44 non-empty lines
DEBUG: Parsed 44 JSON messages
DEBUG: Parsing stats - total: 44, messages: 26, toolUses: 9, toolResults: 9, errors: 0, skipped: 18
DEBUG: Database operation complete:
  - Messages inserted: 0, updated: 0
  - Tool uses inserted: 0
  - Tool results inserted: 0
  - Attachments inserted: 0
  - Env info inserted: 0
  - Errors: 1
Synced 0 records from 977fc2a7-74d0-433c-b5e9-1645903b93d6 (9 tool calls extracted)
Errors in 977fc2a7-74d0-433c-b5e9-1645903b93d6: [
  TypeError: The database connection is not open
      at sqliteTransaction (/home/joshf/mem-sqlite/node_modules/better-sqlite3/lib/methods/transaction.js:63:9)
      at <anonymous> (/home/joshf/mem-sqlite/sync_engine/execute/database.ts:311:7)
      at retryDatabaseOperation (/home/joshf/mem-sqlite/sync_engine/execute/database.ts:163:14)
      at executeParsedEntries (/home/joshf/mem-sqlite/sync_engine/execute/database.ts:193:10)
      at processJsonlFile (/home/joshf/mem-sqlite/sync_engine/claude_code/index.ts:69:20)
      at runClaudeCodeSync (/home/joshf/mem-sqlite/sync_engine/claude_code/index.ts:112:13)
      at process.processTicksAndRejections (node:internal/process/task_queues:105:5)
      at async sync (/home/joshf/mem-sqlite/cli.ts:19:3)
      at async main (/home/joshf/mem-sqlite/cli.ts:56:7)
]
DEBUG: Processing JSONL file: /home/joshf/.claude/projects/-home-joshf-okta-mcp-server-python/b393d366-eac0-4227-9907-22474454793f.jsonl
DEBUG: Extracted session ID: b393d366-eac0-4227-9907-22474454793f
DEBUG: File size: 0.01 MB
DEBUG: Reading file content from: /home/joshf/.claude/projects/-home-joshf-okta-mcp-server-python/b393d366-eac0-4227-9907-22474454793f.jsonl
DEBUG: File content length: 7024 characters
DEBUG: Found 10 non-empty lines
DEBUG: Parsed 10 JSON messages
DEBUG: Parsing stats - total: 10, messages: 8, toolUses: 1, toolResults: 1, errors: 0, skipped: 2
DEBUG: Database operation complete:
  - Messages inserted: 0, updated: 0
  - Tool uses inserted: 0
  - Tool results inserted: 0
  - Attachments inserted: 0
  - Env info inserted: 0
  - Errors: 1
Synced 0 records from b393d366-eac0-4227-9907-22474454793f (1 tool calls extracted)
Errors in b393d366-eac0-4227-9907-22474454793f: [
  TypeError: The database connection is not open
      at sqliteTransaction (/home/joshf/mem-sqlite/node_modules/better-sqlite3/lib/methods/transaction.js:63:9)
      at <anonymous> (/home/joshf/mem-sqlite/sync_engine/execute/database.ts:311:7)
      at retryDatabaseOperation (/home/joshf/mem-sqlite/sync_engine/execute/database.ts:163:14)
      at executeParsedEntries (/home/joshf/mem-sqlite/sync_engine/execute/database.ts:193:10)
      at processJsonlFile (/home/joshf/mem-sqlite/sync_engine/claude_code/index.ts:69:20)
      at runClaudeCodeSync (/home/joshf/mem-sqlite/sync_engine/claude_code/index.ts:112:13)
      at process.processTicksAndRejections (node:internal/process/task_queues:105:5)
      at async sync (/home/joshf/mem-sqlite/cli.ts:19:3)
      at async main (/home/joshf/mem-sqlite/cli.ts:56:7)
]
DEBUG: Processing JSONL file: /home/joshf/.claude/projects/-home-joshf-okta-mcp-server-python/c01c97fb-9cac-482a-8971-154c1f08aa40.jsonl
DEBUG: Extracted session ID: c01c97fb-9cac-482a-8971-154c1f08aa40
DEBUG: File size: 0.00 MB
DEBUG: Reading file content from: /home/joshf/.claude/projects/-home-joshf-okta-mcp-server-python/c01c97fb-9cac-482a-8971-154c1f08aa40.jsonl
DEBUG: File content length: 3084 characters
DEBUG: Found 7 non-empty lines
DEBUG: Parsed 7 JSON messages
DEBUG: Parsing stats - total: 7, messages: 7, toolUses: 0, toolResults: 0, errors: 1, skipped: 0
DEBUG: Database operation complete:
  - Messages inserted: 0, updated: 0
  - Tool uses inserted: 0
  - Tool results inserted: 0
  - Attachments inserted: 0
  - Env info inserted: 0
  - Errors: 1
Synced 0 records from c01c97fb-9cac-482a-8971-154c1f08aa40 (0 tool calls extracted)
Errors in c01c97fb-9cac-482a-8971-154c1f08aa40: [
  TypeError: The database connection is not open
      at sqliteTransaction (/home/joshf/mem-sqlite/node_modules/better-sqlite3/lib/methods/transaction.js:63:9)
      at <anonymous> (/home/joshf/mem-sqlite/sync_engine/execute/database.ts:311:7)
      at retryDatabaseOperation (/home/joshf/mem-sqlite/sync_engine/execute/database.ts:163:14)
      at executeParsedEntries (/home/joshf/mem-sqlite/sync_engine/execute/database.ts:193:10)
      at processJsonlFile (/home/joshf/mem-sqlite/sync_engine/claude_code/index.ts:69:20)
      at runClaudeCodeSync (/home/joshf/mem-sqlite/sync_engine/claude_code/index.ts:112:13)
      at process.processTicksAndRejections (node:internal/process/task_queues:105:5)
      at async sync (/home/joshf/mem-sqlite/cli.ts:19:3)
      at async main (/home/joshf/mem-sqlite/cli.ts:56:7)
]
DEBUG: Processing JSONL file: /home/joshf/.claude/projects/-home-joshf-okta-mcp-server-python/cb4890dc-f986-4372-9158-0234f97661c3.jsonl
DEBUG: Extracted session ID: cb4890dc-f986-4372-9158-0234f97661c3
DEBUG: File size: 0.05 MB
DEBUG: Reading file content from: /home/joshf/.claude/projects/-home-joshf-okta-mcp-server-python/cb4890dc-f986-4372-9158-0234f97661c3.jsonl
DEBUG: File content length: 57499 characters
DEBUG: Found 61 non-empty lines
DEBUG: Parsed 61 JSON messages
DEBUG: Parsing stats - total: 61, messages: 25, toolUses: 18, toolResults: 18, errors: 0, skipped: 36
DEBUG: Database operation complete:
  - Messages inserted: 0, updated: 0
  - Tool uses inserted: 0
  - Tool results inserted: 0
  - Attachments inserted: 0
  - Env info inserted: 0
  - Errors: 1
Synced 0 records from cb4890dc-f986-4372-9158-0234f97661c3 (18 tool calls extracted)
Errors in cb4890dc-f986-4372-9158-0234f97661c3: [
  TypeError: The database connection is not open
      at sqliteTransaction (/home/joshf/mem-sqlite/node_modules/better-sqlite3/lib/methods/transaction.js:63:9)
      at <anonymous> (/home/joshf/mem-sqlite/sync_engine/execute/database.ts:311:7)
      at retryDatabaseOperation (/home/joshf/mem-sqlite/sync_engine/execute/database.ts:163:14)
      at executeParsedEntries (/home/joshf/mem-sqlite/sync_engine/execute/database.ts:193:10)
      at processJsonlFile (/home/joshf/mem-sqlite/sync_engine/claude_code/index.ts:69:20)
      at runClaudeCodeSync (/home/joshf/mem-sqlite/sync_engine/claude_code/index.ts:112:13)
      at process.processTicksAndRejections (node:internal/process/task_queues:105:5)
      at async sync (/home/joshf/mem-sqlite/cli.ts:19:3)
      at async main (/home/joshf/mem-sqlite/cli.ts:56:7)
]
DEBUG: Processing JSONL file: /home/joshf/.claude/projects/-home-joshf-okta-mcp-server-python/e0b3097c-57f8-4707-873f-765ddd04eab3.jsonl
DEBUG: Extracted session ID: e0b3097c-57f8-4707-873f-765ddd04eab3
DEBUG: File size: 6.01 MB
DEBUG: Reading file content from: /home/joshf/.claude/projects/-home-joshf-okta-mcp-server-python/e0b3097c-57f8-4707-873f-765ddd04eab3.jsonl
DEBUG: File content length: 6261238 characters
DEBUG: Found 2466 non-empty lines
DEBUG: Parsed 2466 JSON messages
DEBUG: Parsing stats - total: 2466, messages: 725, toolUses: 866, toolResults: 866, errors: 1, skipped: 1741
DEBUG: Database operation complete:
  - Messages inserted: 0, updated: 0
  - Tool uses inserted: 0
  - Tool results inserted: 0
  - Attachments inserted: 0
  - Env info inserted: 0
  - Errors: 1
Synced 0 records from e0b3097c-57f8-4707-873f-765ddd04eab3 (866 tool calls extracted)
Errors in e0b3097c-57f8-4707-873f-765ddd04eab3: [
  TypeError: The database connection is not open
      at sqliteTransaction (/home/joshf/mem-sqlite/node_modules/better-sqlite3/lib/methods/transaction.js:63:9)
      at <anonymous> (/home/joshf/mem-sqlite/sync_engine/execute/database.ts:311:7)
      at retryDatabaseOperation (/home/joshf/mem-sqlite/sync_engine/execute/database.ts:163:14)
      at executeParsedEntries (/home/joshf/mem-sqlite/sync_engine/execute/database.ts:193:10)
      at processJsonlFile (/home/joshf/mem-sqlite/sync_engine/claude_code/index.ts:69:20)
      at runClaudeCodeSync (/home/joshf/mem-sqlite/sync_engine/claude_code/index.ts:112:13)
      at process.processTicksAndRejections (node:internal/process/task_queues:105:5)
      at async sync (/home/joshf/mem-sqlite/cli.ts:19:3)
      at async main (/home/joshf/mem-sqlite/cli.ts:56:7)
]
DEBUG: Processing JSONL file: /home/joshf/.claude/projects/-home-joshf-okta-mcp-server-python/e63ba845-c705-4fba-9265-8c8fae096869.jsonl
DEBUG: Extracted session ID: e63ba845-c705-4fba-9265-8c8fae096869
DEBUG: File size: 0.01 MB
DEBUG: Reading file content from: /home/joshf/.claude/projects/-home-joshf-okta-mcp-server-python/e63ba845-c705-4fba-9265-8c8fae096869.jsonl
DEBUG: File content length: 8543 characters
DEBUG: Found 15 non-empty lines
DEBUG: Parsed 15 JSON messages
DEBUG: Parsing stats - total: 15, messages: 11, toolUses: 2, toolResults: 2, errors: 1, skipped: 4
DEBUG: Database operation complete:
  - Messages inserted: 0, updated: 0
  - Tool uses inserted: 0
  - Tool results inserted: 0
  - Attachments inserted: 0
  - Env info inserted: 0
  - Errors: 1
Synced 0 records from e63ba845-c705-4fba-9265-8c8fae096869 (2 tool calls extracted)
Errors in e63ba845-c705-4fba-9265-8c8fae096869: [
  TypeError: The database connection is not open
      at sqliteTransaction (/home/joshf/mem-sqlite/node_modules/better-sqlite3/lib/methods/transaction.js:63:9)
      at <anonymous> (/home/joshf/mem-sqlite/sync_engine/execute/database.ts:311:7)
      at retryDatabaseOperation (/home/joshf/mem-sqlite/sync_engine/execute/database.ts:163:14)
      at executeParsedEntries (/home/joshf/mem-sqlite/sync_engine/execute/database.ts:193:10)
      at processJsonlFile (/home/joshf/mem-sqlite/sync_engine/claude_code/index.ts:69:20)
      at runClaudeCodeSync (/home/joshf/mem-sqlite/sync_engine/claude_code/index.ts:112:13)
      at process.processTicksAndRejections (node:internal/process/task_queues:105:5)
      at async sync (/home/joshf/mem-sqlite/cli.ts:19:3)
      at async main (/home/joshf/mem-sqlite/cli.ts:56:7)
]
DEBUG: Processing JSONL file: /home/joshf/.claude/projects/-home-joshf-synapse/13dc75d8-1ccd-4b42-a48e-8a2a760be78c.jsonl
DEBUG: Extracted session ID: 13dc75d8-1ccd-4b42-a48e-8a2a760be78c
DEBUG: File size: 1.12 MB
DEBUG: Reading file content from: /home/joshf/.claude/projects/-home-joshf-synapse/13dc75d8-1ccd-4b42-a48e-8a2a760be78c.jsonl
DEBUG: File content length: 1160443 characters
DEBUG: Found 353 non-empty lines
DEBUG: Parsed 353 JSON messages
DEBUG: Parsing stats - total: 353, messages: 114, toolUses: 120, toolResults: 120, errors: 0, skipped: 239
DEBUG: Database operation complete:
  - Messages inserted: 0, updated: 0
  - Tool uses inserted: 0
  - Tool results inserted: 0
  - Attachments inserted: 0
  - Env info inserted: 0
  - Errors: 1
Synced 0 records from 13dc75d8-1ccd-4b42-a48e-8a2a760be78c (120 tool calls extracted)
Errors in 13dc75d8-1ccd-4b42-a48e-8a2a760be78c: [
  TypeError: The database connection is not open
      at sqliteTransaction (/home/joshf/mem-sqlite/node_modules/better-sqlite3/lib/methods/transaction.js:63:9)
      at <anonymous> (/home/joshf/mem-sqlite/sync_engine/execute/database.ts:311:7)
      at retryDatabaseOperation (/home/joshf/mem-sqlite/sync_engine/execute/database.ts:163:14)
      at executeParsedEntries (/home/joshf/mem-sqlite/sync_engine/execute/database.ts:193:10)
      at processJsonlFile (/home/joshf/mem-sqlite/sync_engine/claude_code/index.ts:69:20)
      at runClaudeCodeSync (/home/joshf/mem-sqlite/sync_engine/claude_code/index.ts:112:13)
      at process.processTicksAndRejections (node:internal/process/task_queues:105:5)
      at async sync (/home/joshf/mem-sqlite/cli.ts:19:3)
      at async main (/home/joshf/mem-sqlite/cli.ts:56:7)
]
DEBUG: Processing JSONL file: /home/joshf/.claude/projects/-home-joshf-synapse/22958070-47ea-4bd1-bd1a-55136b68302c.jsonl
DEBUG: Extracted session ID: 22958070-47ea-4bd1-bd1a-55136b68302c
DEBUG: File size: 0.31 MB
DEBUG: Reading file content from: /home/joshf/.claude/projects/-home-joshf-synapse/22958070-47ea-4bd1-bd1a-55136b68302c.jsonl
DEBUG: File content length: 323171 characters
DEBUG: Found 110 non-empty lines
DEBUG: Parsed 110 JSON messages
DEBUG: Parsing stats - total: 110, messages: 42, toolUses: 34, toolResults: 34, errors: 0, skipped: 68
DEBUG: Database operation complete:
  - Messages inserted: 0, updated: 0
  - Tool uses inserted: 0
  - Tool results inserted: 0
  - Attachments inserted: 0
  - Env info inserted: 0
  - Errors: 1
Synced 0 records from 22958070-47ea-4bd1-bd1a-55136b68302c (34 tool calls extracted)
Errors in 22958070-47ea-4bd1-bd1a-55136b68302c: [
  TypeError: The database connection is not open
      at sqliteTransaction (/home/joshf/mem-sqlite/node_modules/better-sqlite3/lib/methods/transaction.js:63:9)
      at <anonymous> (/home/joshf/mem-sqlite/sync_engine/execute/database.ts:311:7)
      at retryDatabaseOperation (/home/joshf/mem-sqlite/sync_engine/execute/database.ts:163:14)
      at executeParsedEntries (/home/joshf/mem-sqlite/sync_engine/execute/database.ts:193:10)
      at processJsonlFile (/home/joshf/mem-sqlite/sync_engine/claude_code/index.ts:69:20)
      at runClaudeCodeSync (/home/joshf/mem-sqlite/sync_engine/claude_code/index.ts:112:13)
      at process.processTicksAndRejections (node:internal/process/task_queues:105:5)
      at async sync (/home/joshf/mem-sqlite/cli.ts:19:3)
      at async main (/home/joshf/mem-sqlite/cli.ts:56:7)
]
DEBUG: Processing JSONL file: /home/joshf/.claude/projects/-home-joshf-synapse/2697feec-1936-40da-a9cb-95a007b76b92.jsonl
DEBUG: Extracted session ID: 2697feec-1936-40da-a9cb-95a007b76b92
DEBUG: File size: 0.91 MB
DEBUG: Reading file content from: /home/joshf/.claude/projects/-home-joshf-synapse/2697feec-1936-40da-a9cb-95a007b76b92.jsonl
DEBUG: File content length: 945693 characters
DEBUG: Found 240 non-empty lines
DEBUG: Parsed 240 JSON messages
DEBUG: Parsing stats - total: 240, messages: 109, toolUses: 64, toolResults: 64, errors: 5, skipped: 131
DEBUG: Database operation complete:
  - Messages inserted: 0, updated: 0
  - Tool uses inserted: 0
  - Tool results inserted: 0
  - Attachments inserted: 0
  - Env info inserted: 0
  - Errors: 1
Synced 0 records from 2697feec-1936-40da-a9cb-95a007b76b92 (64 tool calls extracted)
Errors in 2697feec-1936-40da-a9cb-95a007b76b92: [
  TypeError: The database connection is not open
      at sqliteTransaction (/home/joshf/mem-sqlite/node_modules/better-sqlite3/lib/methods/transaction.js:63:9)
      at <anonymous> (/home/joshf/mem-sqlite/sync_engine/execute/database.ts:311:7)
      at retryDatabaseOperation (/home/joshf/mem-sqlite/sync_engine/execute/database.ts:163:14)
      at executeParsedEntries (/home/joshf/mem-sqlite/sync_engine/execute/database.ts:193:10)
      at processJsonlFile (/home/joshf/mem-sqlite/sync_engine/claude_code/index.ts:69:20)
      at runClaudeCodeSync (/home/joshf/mem-sqlite/sync_engine/claude_code/index.ts:112:13)
      at process.processTicksAndRejections (node:internal/process/task_queues:105:5)
      at async sync (/home/joshf/mem-sqlite/cli.ts:19:3)
      at async main (/home/joshf/mem-sqlite/cli.ts:56:7)
]
DEBUG: Processing JSONL file: /home/joshf/.claude/projects/-home-joshf-synapse/29e7b325-4704-4234-8e54-1bfd17b58b93.jsonl
DEBUG: Extracted session ID: 29e7b325-4704-4234-8e54-1bfd17b58b93
DEBUG: File size: 4.91 MB
DEBUG: Reading file content from: /home/joshf/.claude/projects/-home-joshf-synapse/29e7b325-4704-4234-8e54-1bfd17b58b93.jsonl
DEBUG: File content length: 5122556 characters
DEBUG: Found 1887 non-empty lines
DEBUG: Parsed 1887 JSON messages
DEBUG: Parsing stats - total: 1887, messages: 562, toolUses: 663, toolResults: 663, errors: 11, skipped: 1325
DEBUG: Database operation complete:
  - Messages inserted: 0, updated: 0
  - Tool uses inserted: 0
  - Tool results inserted: 0
  - Attachments inserted: 0
  - Env info inserted: 0
  - Errors: 1
Synced 0 records from 29e7b325-4704-4234-8e54-1bfd17b58b93 (663 tool calls extracted)
Errors in 29e7b325-4704-4234-8e54-1bfd17b58b93: [
  TypeError: The database connection is not open
      at sqliteTransaction (/home/joshf/mem-sqlite/node_modules/better-sqlite3/lib/methods/transaction.js:63:9)
      at <anonymous> (/home/joshf/mem-sqlite/sync_engine/execute/database.ts:311:7)
      at retryDatabaseOperation (/home/joshf/mem-sqlite/sync_engine/execute/database.ts:163:14)
      at executeParsedEntries (/home/joshf/mem-sqlite/sync_engine/execute/database.ts:193:10)
      at processJsonlFile (/home/joshf/mem-sqlite/sync_engine/claude_code/index.ts:69:20)
      at runClaudeCodeSync (/home/joshf/mem-sqlite/sync_engine/claude_code/index.ts:112:13)
      at process.processTicksAndRejections (node:internal/process/task_queues:105:5)
      at async sync (/home/joshf/mem-sqlite/cli.ts:19:3)
      at async main (/home/joshf/mem-sqlite/cli.ts:56:7)
]
DEBUG: Processing JSONL file: /home/joshf/.claude/projects/-home-joshf-synapse/37c05718-216b-4def-8bf6-2a606101f4f6.jsonl
DEBUG: Extracted session ID: 37c05718-216b-4def-8bf6-2a606101f4f6
DEBUG: File size: 0.21 MB
DEBUG: Reading file content from: /home/joshf/.claude/projects/-home-joshf-synapse/37c05718-216b-4def-8bf6-2a606101f4f6.jsonl
DEBUG: File content length: 222607 characters
DEBUG: Found 94 non-empty lines
DEBUG: Parsed 94 JSON messages
DEBUG: Parsing stats - total: 94, messages: 44, toolUses: 25, toolResults: 25, errors: 2, skipped: 50
DEBUG: Database operation complete:
  - Messages inserted: 0, updated: 0
  - Tool uses inserted: 0
  - Tool results inserted: 0
  - Attachments inserted: 0
  - Env info inserted: 0
  - Errors: 1
Synced 0 records from 37c05718-216b-4def-8bf6-2a606101f4f6 (25 tool calls extracted)
Errors in 37c05718-216b-4def-8bf6-2a606101f4f6: [
  TypeError: The database connection is not open
      at sqliteTransaction (/home/joshf/mem-sqlite/node_modules/better-sqlite3/lib/methods/transaction.js:63:9)
      at <anonymous> (/home/joshf/mem-sqlite/sync_engine/execute/database.ts:311:7)
      at retryDatabaseOperation (/home/joshf/mem-sqlite/sync_engine/execute/database.ts:163:14)
      at executeParsedEntries (/home/joshf/mem-sqlite/sync_engine/execute/database.ts:193:10)
      at processJsonlFile (/home/joshf/mem-sqlite/sync_engine/claude_code/index.ts:69:20)
      at runClaudeCodeSync (/home/joshf/mem-sqlite/sync_engine/claude_code/index.ts:112:13)
      at process.processTicksAndRejections (node:internal/process/task_queues:105:5)
      at async sync (/home/joshf/mem-sqlite/cli.ts:19:3)
      at async main (/home/joshf/mem-sqlite/cli.ts:56:7)
]
DEBUG: Processing JSONL file: /home/joshf/.claude/projects/-home-joshf-synapse/5540e0b8-83cb-4c86-8ba1-e290b5948592.jsonl
DEBUG: Extracted session ID: 5540e0b8-83cb-4c86-8ba1-e290b5948592
DEBUG: File size: 5.71 MB
DEBUG: Reading file content from: /home/joshf/.claude/projects/-home-joshf-synapse/5540e0b8-83cb-4c86-8ba1-e290b5948592.jsonl
DEBUG: File content length: 5946797 characters
DEBUG: Found 1403 non-empty lines
DEBUG: Parsed 1403 JSON messages
DEBUG: Parsing stats - total: 1403, messages: 456, toolUses: 461, toolResults: 461, errors: 0, skipped: 947
DEBUG: Database operation complete:
  - Messages inserted: 0, updated: 0
  - Tool uses inserted: 0
  - Tool results inserted: 0
  - Attachments inserted: 0
  - Env info inserted: 0
  - Errors: 1
Synced 0 records from 5540e0b8-83cb-4c86-8ba1-e290b5948592 (461 tool calls extracted)
Errors in 5540e0b8-83cb-4c86-8ba1-e290b5948592: [
  TypeError: The database connection is not open
      at sqliteTransaction (/home/joshf/mem-sqlite/node_modules/better-sqlite3/lib/methods/transaction.js:63:9)
      at <anonymous> (/home/joshf/mem-sqlite/sync_engine/execute/database.ts:311:7)
      at retryDatabaseOperation (/home/joshf/mem-sqlite/sync_engine/execute/database.ts:163:14)
      at executeParsedEntries (/home/joshf/mem-sqlite/sync_engine/execute/database.ts:193:10)
      at processJsonlFile (/home/joshf/mem-sqlite/sync_engine/claude_code/index.ts:69:20)
      at runClaudeCodeSync (/home/joshf/mem-sqlite/sync_engine/claude_code/index.ts:112:13)
      at process.processTicksAndRejections (node:internal/process/task_queues:105:5)
      at async sync (/home/joshf/mem-sqlite/cli.ts:19:3)
      at async main (/home/joshf/mem-sqlite/cli.ts:56:7)
]
DEBUG: Processing JSONL file: /home/joshf/.claude/projects/-home-joshf-synapse/5ce498f4-a76e-4229-be28-8814246f6f2a.jsonl
DEBUG: Extracted session ID: 5ce498f4-a76e-4229-be28-8814246f6f2a
DEBUG: File size: 3.29 MB
DEBUG: Reading file content from: /home/joshf/.claude/projects/-home-joshf-synapse/5ce498f4-a76e-4229-be28-8814246f6f2a.jsonl
DEBUG: File content length: 3427833 characters
DEBUG: Found 917 non-empty lines
DEBUG: Parsed 917 JSON messages
DEBUG: Parsing stats - total: 917, messages: 325, toolUses: 293, toolResults: 293, errors: 1, skipped: 592
DEBUG: Database operation complete:
  - Messages inserted: 0, updated: 0
  - Tool uses inserted: 0
  - Tool results inserted: 0
  - Attachments inserted: 0
  - Env info inserted: 0
  - Errors: 1
Synced 0 records from 5ce498f4-a76e-4229-be28-8814246f6f2a (293 tool calls extracted)
Errors in 5ce498f4-a76e-4229-be28-8814246f6f2a: [
  TypeError: The database connection is not open
      at sqliteTransaction (/home/joshf/mem-sqlite/node_modules/better-sqlite3/lib/methods/transaction.js:63:9)
      at <anonymous> (/home/joshf/mem-sqlite/sync_engine/execute/database.ts:311:7)
      at retryDatabaseOperation (/home/joshf/mem-sqlite/sync_engine/execute/database.ts:163:14)
      at executeParsedEntries (/home/joshf/mem-sqlite/sync_engine/execute/database.ts:193:10)
      at processJsonlFile (/home/joshf/mem-sqlite/sync_engine/claude_code/index.ts:69:20)
      at runClaudeCodeSync (/home/joshf/mem-sqlite/sync_engine/claude_code/index.ts:112:13)
      at process.processTicksAndRejections (node:internal/process/task_queues:105:5)
      at async sync (/home/joshf/mem-sqlite/cli.ts:19:3)
      at async main (/home/joshf/mem-sqlite/cli.ts:56:7)
]
DEBUG: Processing JSONL file: /home/joshf/.claude/projects/-home-joshf-synapse/614df8b2-85ae-4cb0-9323-fcca4cd06dec.jsonl
DEBUG: Extracted session ID: 614df8b2-85ae-4cb0-9323-fcca4cd06dec
DEBUG: File size: 4.64 MB
DEBUG: Reading file content from: /home/joshf/.claude/projects/-home-joshf-synapse/614df8b2-85ae-4cb0-9323-fcca4cd06dec.jsonl
DEBUG: File content length: 4834397 characters
DEBUG: Found 1021 non-empty lines
DEBUG: Parsed 1021 JSON messages
DEBUG: Parsing stats - total: 1021, messages: 318, toolUses: 344, toolResults: 344, errors: 12, skipped: 703
DEBUG: Database operation complete:
  - Messages inserted: 0, updated: 0
  - Tool uses inserted: 0
  - Tool results inserted: 0
  - Attachments inserted: 0
  - Env info inserted: 0
  - Errors: 1
Synced 0 records from 614df8b2-85ae-4cb0-9323-fcca4cd06dec (344 tool calls extracted)
Errors in 614df8b2-85ae-4cb0-9323-fcca4cd06dec: [
  TypeError: The database connection is not open
      at sqliteTransaction (/home/joshf/mem-sqlite/node_modules/better-sqlite3/lib/methods/transaction.js:63:9)
      at <anonymous> (/home/joshf/mem-sqlite/sync_engine/execute/database.ts:311:7)
      at retryDatabaseOperation (/home/joshf/mem-sqlite/sync_engine/execute/database.ts:163:14)
      at executeParsedEntries (/home/joshf/mem-sqlite/sync_engine/execute/database.ts:193:10)
      at processJsonlFile (/home/joshf/mem-sqlite/sync_engine/claude_code/index.ts:69:20)
      at runClaudeCodeSync (/home/joshf/mem-sqlite/sync_engine/claude_code/index.ts:112:13)
      at process.processTicksAndRejections (node:internal/process/task_queues:105:5)
      at async sync (/home/joshf/mem-sqlite/cli.ts:19:3)
      at async main (/home/joshf/mem-sqlite/cli.ts:56:7)
]
DEBUG: Processing JSONL file: /home/joshf/.claude/projects/-home-joshf-synapse/71bfe654-99b9-43f7-9b2b-1a8d99f2070d.jsonl
DEBUG: Extracted session ID: 71bfe654-99b9-43f7-9b2b-1a8d99f2070d
DEBUG: File size: 0.06 MB
DEBUG: Reading file content from: /home/joshf/.claude/projects/-home-joshf-synapse/71bfe654-99b9-43f7-9b2b-1a8d99f2070d.jsonl
DEBUG: File content length: 59164 characters
DEBUG: Found 63 non-empty lines
DEBUG: Parsed 63 JSON messages
DEBUG: Parsing stats - total: 63, messages: 33, toolUses: 15, toolResults: 15, errors: 3, skipped: 30
DEBUG: Database operation complete:
  - Messages inserted: 0, updated: 0
  - Tool uses inserted: 0
  - Tool results inserted: 0
  - Attachments inserted: 0
  - Env info inserted: 0
  - Errors: 1
Synced 0 records from 71bfe654-99b9-43f7-9b2b-1a8d99f2070d (15 tool calls extracted)
Errors in 71bfe654-99b9-43f7-9b2b-1a8d99f2070d: [
  TypeError: The database connection is not open
      at sqliteTransaction (/home/joshf/mem-sqlite/node_modules/better-sqlite3/lib/methods/transaction.js:63:9)
      at <anonymous> (/home/joshf/mem-sqlite/sync_engine/execute/database.ts:311:7)
      at retryDatabaseOperation (/home/joshf/mem-sqlite/sync_engine/execute/database.ts:163:14)
      at executeParsedEntries (/home/joshf/mem-sqlite/sync_engine/execute/database.ts:193:10)
      at processJsonlFile (/home/joshf/mem-sqlite/sync_engine/claude_code/index.ts:69:20)
      at runClaudeCodeSync (/home/joshf/mem-sqlite/sync_engine/claude_code/index.ts:112:13)
      at process.processTicksAndRejections (node:internal/process/task_queues:105:5)
      at async sync (/home/joshf/mem-sqlite/cli.ts:19:3)
      at async main (/home/joshf/mem-sqlite/cli.ts:56:7)
]
DEBUG: Processing JSONL file: /home/joshf/.claude/projects/-home-joshf-synapse/780a1a93-3085-44aa-b9b5-43f5f679e940.jsonl
DEBUG: Extracted session ID: 780a1a93-3085-44aa-b9b5-43f5f679e940
DEBUG: File size: 6.39 MB
DEBUG: Reading file content from: /home/joshf/.claude/projects/-home-joshf-synapse/780a1a93-3085-44aa-b9b5-43f5f679e940.jsonl
DEBUG: File content length: 6653432 characters
DEBUG: Found 1895 non-empty lines
DEBUG: Parsed 1895 JSON messages
DEBUG: Parsing stats - total: 1895, messages: 524, toolUses: 655, toolResults: 655, errors: 0, skipped: 1371
DEBUG: Database operation complete:
  - Messages inserted: 0, updated: 0
  - Tool uses inserted: 0
  - Tool results inserted: 0
  - Attachments inserted: 0
  - Env info inserted: 0
  - Errors: 1
Synced 0 records from 780a1a93-3085-44aa-b9b5-43f5f679e940 (655 tool calls extracted)
Errors in 780a1a93-3085-44aa-b9b5-43f5f679e940: [
  TypeError: The database connection is not open
      at sqliteTransaction (/home/joshf/mem-sqlite/node_modules/better-sqlite3/lib/methods/transaction.js:63:9)
      at <anonymous> (/home/joshf/mem-sqlite/sync_engine/execute/database.ts:311:7)
      at retryDatabaseOperation (/home/joshf/mem-sqlite/sync_engine/execute/database.ts:163:14)
      at executeParsedEntries (/home/joshf/mem-sqlite/sync_engine/execute/database.ts:193:10)
      at processJsonlFile (/home/joshf/mem-sqlite/sync_engine/claude_code/index.ts:69:20)
      at runClaudeCodeSync (/home/joshf/mem-sqlite/sync_engine/claude_code/index.ts:112:13)
      at process.processTicksAndRejections (node:internal/process/task_queues:105:5)
      at async sync (/home/joshf/mem-sqlite/cli.ts:19:3)
      at async main (/home/joshf/mem-sqlite/cli.ts:56:7)
]
DEBUG: Processing JSONL file: /home/joshf/.claude/projects/-home-joshf-synapse/89d26f71-8ac7-4335-b3d0-d6bded608b22.jsonl
DEBUG: Extracted session ID: 89d26f71-8ac7-4335-b3d0-d6bded608b22
DEBUG: File size: 0.00 MB
DEBUG: Reading file content from: /home/joshf/.claude/projects/-home-joshf-synapse/89d26f71-8ac7-4335-b3d0-d6bded608b22.jsonl
DEBUG: File content length: 975 characters
DEBUG: Found 7 non-empty lines
DEBUG: Parsed 7 JSON messages
DEBUG: Parsing stats - total: 7, messages: 7, toolUses: 0, toolResults: 0, errors: 7, skipped: 0
DEBUG: Database operation complete:
  - Messages inserted: 0, updated: 0
  - Tool uses inserted: 0
  - Tool results inserted: 0
  - Attachments inserted: 0
  - Env info inserted: 0
  - Errors: 1
Synced 0 records from 89d26f71-8ac7-4335-b3d0-d6bded608b22 (0 tool calls extracted)
Errors in 89d26f71-8ac7-4335-b3d0-d6bded608b22: [
  TypeError: The database connection is not open
      at sqliteTransaction (/home/joshf/mem-sqlite/node_modules/better-sqlite3/lib/methods/transaction.js:63:9)
      at <anonymous> (/home/joshf/mem-sqlite/sync_engine/execute/database.ts:311:7)
      at retryDatabaseOperation (/home/joshf/mem-sqlite/sync_engine/execute/database.ts:163:14)
      at executeParsedEntries (/home/joshf/mem-sqlite/sync_engine/execute/database.ts:193:10)
      at processJsonlFile (/home/joshf/mem-sqlite/sync_engine/claude_code/index.ts:69:20)
      at runClaudeCodeSync (/home/joshf/mem-sqlite/sync_engine/claude_code/index.ts:112:13)
      at process.processTicksAndRejections (node:internal/process/task_queues:105:5)
      at async sync (/home/joshf/mem-sqlite/cli.ts:19:3)
      at async main (/home/joshf/mem-sqlite/cli.ts:56:7)
]
DEBUG: Processing JSONL file: /home/joshf/.claude/projects/-home-joshf-synapse/8ef72553-8a77-45f1-90a7-55de18a7bf03.jsonl
DEBUG: Extracted session ID: 8ef72553-8a77-45f1-90a7-55de18a7bf03
DEBUG: File size: 0.00 MB
DEBUG: Reading file content from: /home/joshf/.claude/projects/-home-joshf-synapse/8ef72553-8a77-45f1-90a7-55de18a7bf03.jsonl
DEBUG: File content length: 1603 characters
DEBUG: Found 4 non-empty lines
DEBUG: Parsed 4 JSON messages
DEBUG: Parsing stats - total: 4, messages: 4, toolUses: 0, toolResults: 0, errors: 1, skipped: 0
DEBUG: Database operation complete:
  - Messages inserted: 0, updated: 0
  - Tool uses inserted: 0
  - Tool results inserted: 0
  - Attachments inserted: 0
  - Env info inserted: 0
  - Errors: 1
Synced 0 records from 8ef72553-8a77-45f1-90a7-55de18a7bf03 (0 tool calls extracted)
Errors in 8ef72553-8a77-45f1-90a7-55de18a7bf03: [
  TypeError: The database connection is not open
      at sqliteTransaction (/home/joshf/mem-sqlite/node_modules/better-sqlite3/lib/methods/transaction.js:63:9)
      at <anonymous> (/home/joshf/mem-sqlite/sync_engine/execute/database.ts:311:7)
      at retryDatabaseOperation (/home/joshf/mem-sqlite/sync_engine/execute/database.ts:163:14)
      at executeParsedEntries (/home/joshf/mem-sqlite/sync_engine/execute/database.ts:193:10)
      at processJsonlFile (/home/joshf/mem-sqlite/sync_engine/claude_code/index.ts:69:20)
      at runClaudeCodeSync (/home/joshf/mem-sqlite/sync_engine/claude_code/index.ts:112:13)
      at process.processTicksAndRejections (node:internal/process/task_queues:105:5)
      at async sync (/home/joshf/mem-sqlite/cli.ts:19:3)
      at async main (/home/joshf/mem-sqlite/cli.ts:56:7)
]
DEBUG: Processing JSONL file: /home/joshf/.claude/projects/-home-joshf-synapse/9226dbc1-78f2-490b-949a-6113cd5be32d.jsonl
DEBUG: Extracted session ID: 9226dbc1-78f2-490b-949a-6113cd5be32d
DEBUG: File size: 0.62 MB
DEBUG: Reading file content from: /home/joshf/.claude/projects/-home-joshf-synapse/9226dbc1-78f2-490b-949a-6113cd5be32d.jsonl
DEBUG: File content length: 645723 characters
DEBUG: Found 174 non-empty lines
DEBUG: Parsed 174 JSON messages
DEBUG: Parsing stats - total: 174, messages: 77, toolUses: 47, toolResults: 47, errors: 0, skipped: 97
DEBUG: Database operation complete:
  - Messages inserted: 0, updated: 0
  - Tool uses inserted: 0
  - Tool results inserted: 0
  - Attachments inserted: 0
  - Env info inserted: 0
  - Errors: 1
Synced 0 records from 9226dbc1-78f2-490b-949a-6113cd5be32d (47 tool calls extracted)
Errors in 9226dbc1-78f2-490b-949a-6113cd5be32d: [
  TypeError: The database connection is not open
      at sqliteTransaction (/home/joshf/mem-sqlite/node_modules/better-sqlite3/lib/methods/transaction.js:63:9)
      at <anonymous> (/home/joshf/mem-sqlite/sync_engine/execute/database.ts:311:7)
      at retryDatabaseOperation (/home/joshf/mem-sqlite/sync_engine/execute/database.ts:163:14)
      at executeParsedEntries (/home/joshf/mem-sqlite/sync_engine/execute/database.ts:193:10)
      at processJsonlFile (/home/joshf/mem-sqlite/sync_engine/claude_code/index.ts:69:20)
      at runClaudeCodeSync (/home/joshf/mem-sqlite/sync_engine/claude_code/index.ts:112:13)
      at process.processTicksAndRejections (node:internal/process/task_queues:105:5)
      at async sync (/home/joshf/mem-sqlite/cli.ts:19:3)
      at async main (/home/joshf/mem-sqlite/cli.ts:56:7)
]
DEBUG: Processing JSONL file: /home/joshf/.claude/projects/-home-joshf-synapse/92696d77-bbf8-4c15-826f-dafa2c3fc466.jsonl
DEBUG: Extracted session ID: 92696d77-bbf8-4c15-826f-dafa2c3fc466
DEBUG: File size: 0.09 MB
DEBUG: Reading file content from: /home/joshf/.claude/projects/-home-joshf-synapse/92696d77-bbf8-4c15-826f-dafa2c3fc466.jsonl
DEBUG: File content length: 96261 characters
DEBUG: Found 58 non-empty lines
DEBUG: Parsed 58 JSON messages
DEBUG: Parsing stats - total: 58, messages: 22, toolUses: 18, toolResults: 18, errors: 0, skipped: 36
DEBUG: Database operation complete:
  - Messages inserted: 0, updated: 0
  - Tool uses inserted: 0
  - Tool results inserted: 0
  - Attachments inserted: 0
  - Env info inserted: 0
  - Errors: 1
Synced 0 records from 92696d77-bbf8-4c15-826f-dafa2c3fc466 (18 tool calls extracted)
Errors in 92696d77-bbf8-4c15-826f-dafa2c3fc466: [
  TypeError: The database connection is not open
      at sqliteTransaction (/home/joshf/mem-sqlite/node_modules/better-sqlite3/lib/methods/transaction.js:63:9)
      at <anonymous> (/home/joshf/mem-sqlite/sync_engine/execute/database.ts:311:7)
      at retryDatabaseOperation (/home/joshf/mem-sqlite/sync_engine/execute/database.ts:163:14)
      at executeParsedEntries (/home/joshf/mem-sqlite/sync_engine/execute/database.ts:193:10)
      at processJsonlFile (/home/joshf/mem-sqlite/sync_engine/claude_code/index.ts:69:20)
      at runClaudeCodeSync (/home/joshf/mem-sqlite/sync_engine/claude_code/index.ts:112:13)
      at process.processTicksAndRejections (node:internal/process/task_queues:105:5)
      at async sync (/home/joshf/mem-sqlite/cli.ts:19:3)
      at async main (/home/joshf/mem-sqlite/cli.ts:56:7)
]
DEBUG: Processing JSONL file: /home/joshf/.claude/projects/-home-joshf-synapse/993fb77d-ba75-496d-8880-20ca6c9e86c4.jsonl
DEBUG: Extracted session ID: 993fb77d-ba75-496d-8880-20ca6c9e86c4
DEBUG: File size: 0.01 MB
DEBUG: Reading file content from: /home/joshf/.claude/projects/-home-joshf-synapse/993fb77d-ba75-496d-8880-20ca6c9e86c4.jsonl
DEBUG: File content length: 6452 characters
DEBUG: Found 13 non-empty lines
DEBUG: Parsed 13 JSON messages
DEBUG: Parsing stats - total: 13, messages: 11, toolUses: 1, toolResults: 1, errors: 3, skipped: 2
DEBUG: Database operation complete:
  - Messages inserted: 0, updated: 0
  - Tool uses inserted: 0
  - Tool results inserted: 0
  - Attachments inserted: 0
  - Env info inserted: 0
  - Errors: 1
Synced 0 records from 993fb77d-ba75-496d-8880-20ca6c9e86c4 (1 tool calls extracted)
Errors in 993fb77d-ba75-496d-8880-20ca6c9e86c4: [
  TypeError: The database connection is not open
      at sqliteTransaction (/home/joshf/mem-sqlite/node_modules/better-sqlite3/lib/methods/transaction.js:63:9)
      at <anonymous> (/home/joshf/mem-sqlite/sync_engine/execute/database.ts:311:7)
      at retryDatabaseOperation (/home/joshf/mem-sqlite/sync_engine/execute/database.ts:163:14)
      at executeParsedEntries (/home/joshf/mem-sqlite/sync_engine/execute/database.ts:193:10)
      at processJsonlFile (/home/joshf/mem-sqlite/sync_engine/claude_code/index.ts:69:20)
      at runClaudeCodeSync (/home/joshf/mem-sqlite/sync_engine/claude_code/index.ts:112:13)
      at process.processTicksAndRejections (node:internal/process/task_queues:105:5)
      at async sync (/home/joshf/mem-sqlite/cli.ts:19:3)
      at async main (/home/joshf/mem-sqlite/cli.ts:56:7)
]
DEBUG: Processing JSONL file: /home/joshf/.claude/projects/-home-joshf-synapse/aaa337b0-2eed-493f-b5ff-bb3bbb1f240a.jsonl
DEBUG: Extracted session ID: aaa337b0-2eed-493f-b5ff-bb3bbb1f240a
DEBUG: File size: 7.32 MB
DEBUG: Reading file content from: /home/joshf/.claude/projects/-home-joshf-synapse/aaa337b0-2eed-493f-b5ff-bb3bbb1f240a.jsonl
DEBUG: File content length: 7647755 characters
DEBUG: Found 1692 non-empty lines
DEBUG: Parsed 1692 JSON messages
DEBUG: Parsing stats - total: 1692, messages: 545, toolUses: 566, toolResults: 566, errors: 0, skipped: 1147
DEBUG: Database operation complete:
  - Messages inserted: 0, updated: 0
  - Tool uses inserted: 0
  - Tool results inserted: 0
  - Attachments inserted: 0
  - Env info inserted: 0
  - Errors: 1
Synced 0 records from aaa337b0-2eed-493f-b5ff-bb3bbb1f240a (566 tool calls extracted)
Errors in aaa337b0-2eed-493f-b5ff-bb3bbb1f240a: [
  TypeError: The database connection is not open
      at sqliteTransaction (/home/joshf/mem-sqlite/node_modules/better-sqlite3/lib/methods/transaction.js:63:9)
      at <anonymous> (/home/joshf/mem-sqlite/sync_engine/execute/database.ts:311:7)
      at retryDatabaseOperation (/home/joshf/mem-sqlite/sync_engine/execute/database.ts:163:14)
      at executeParsedEntries (/home/joshf/mem-sqlite/sync_engine/execute/database.ts:193:10)
      at processJsonlFile (/home/joshf/mem-sqlite/sync_engine/claude_code/index.ts:69:20)
      at runClaudeCodeSync (/home/joshf/mem-sqlite/sync_engine/claude_code/index.ts:112:13)
      at process.processTicksAndRejections (node:internal/process/task_queues:105:5)
      at async sync (/home/joshf/mem-sqlite/cli.ts:19:3)
      at async main (/home/joshf/mem-sqlite/cli.ts:56:7)
]
DEBUG: Processing JSONL file: /home/joshf/.claude/projects/-home-joshf-synapse/d70c7db4-3373-408b-8dfe-bdefe228a6cc.jsonl
DEBUG: Extracted session ID: d70c7db4-3373-408b-8dfe-bdefe228a6cc
DEBUG: File size: 0.01 MB
DEBUG: Reading file content from: /home/joshf/.claude/projects/-home-joshf-synapse/d70c7db4-3373-408b-8dfe-bdefe228a6cc.jsonl
DEBUG: File content length: 13207 characters
DEBUG: Found 13 non-empty lines
DEBUG: Parsed 13 JSON messages
DEBUG: Parsing stats - total: 13, messages: 9, toolUses: 2, toolResults: 2, errors: 0, skipped: 4
DEBUG: Database operation complete:
  - Messages inserted: 0, updated: 0
  - Tool uses inserted: 0
  - Tool results inserted: 0
  - Attachments inserted: 0
  - Env info inserted: 0
  - Errors: 1
Synced 0 records from d70c7db4-3373-408b-8dfe-bdefe228a6cc (2 tool calls extracted)
Errors in d70c7db4-3373-408b-8dfe-bdefe228a6cc: [
  TypeError: The database connection is not open
      at sqliteTransaction (/home/joshf/mem-sqlite/node_modules/better-sqlite3/lib/methods/transaction.js:63:9)
      at <anonymous> (/home/joshf/mem-sqlite/sync_engine/execute/database.ts:311:7)
      at retryDatabaseOperation (/home/joshf/mem-sqlite/sync_engine/execute/database.ts:163:14)
      at executeParsedEntries (/home/joshf/mem-sqlite/sync_engine/execute/database.ts:193:10)
      at processJsonlFile (/home/joshf/mem-sqlite/sync_engine/claude_code/index.ts:69:20)
      at runClaudeCodeSync (/home/joshf/mem-sqlite/sync_engine/claude_code/index.ts:112:13)
      at process.processTicksAndRejections (node:internal/process/task_queues:105:5)
      at async sync (/home/joshf/mem-sqlite/cli.ts:19:3)
      at async main (/home/joshf/mem-sqlite/cli.ts:56:7)
]
DEBUG: Processing JSONL file: /home/joshf/.claude/projects/-home-joshf-synapse/de69985b-7f79-4e85-b08f-26609ce103f9.jsonl
DEBUG: Extracted session ID: de69985b-7f79-4e85-b08f-26609ce103f9
DEBUG: File size: 1.63 MB
DEBUG: Reading file content from: /home/joshf/.claude/projects/-home-joshf-synapse/de69985b-7f79-4e85-b08f-26609ce103f9.jsonl
DEBUG: File content length: 1697925 characters
DEBUG: Found 617 non-empty lines
DEBUG: Parsed 617 JSON messages
DEBUG: Parsing stats - total: 617, messages: 217, toolUses: 200, toolResults: 200, errors: 3, skipped: 400
DEBUG: Database operation complete:
  - Messages inserted: 0, updated: 0
  - Tool uses inserted: 0
  - Tool results inserted: 0
  - Attachments inserted: 0
  - Env info inserted: 0
  - Errors: 1
Synced 0 records from de69985b-7f79-4e85-b08f-26609ce103f9 (200 tool calls extracted)
Errors in de69985b-7f79-4e85-b08f-26609ce103f9: [
  TypeError: The database connection is not open
      at sqliteTransaction (/home/joshf/mem-sqlite/node_modules/better-sqlite3/lib/methods/transaction.js:63:9)
      at <anonymous> (/home/joshf/mem-sqlite/sync_engine/execute/database.ts:311:7)
      at retryDatabaseOperation (/home/joshf/mem-sqlite/sync_engine/execute/database.ts:163:14)
      at executeParsedEntries (/home/joshf/mem-sqlite/sync_engine/execute/database.ts:193:10)
      at processJsonlFile (/home/joshf/mem-sqlite/sync_engine/claude_code/index.ts:69:20)
      at runClaudeCodeSync (/home/joshf/mem-sqlite/sync_engine/claude_code/index.ts:112:13)
      at process.processTicksAndRejections (node:internal/process/task_queues:105:5)
      at async sync (/home/joshf/mem-sqlite/cli.ts:19:3)
      at async main (/home/joshf/mem-sqlite/cli.ts:56:7)
]
DEBUG: Processing JSONL file: /home/joshf/.claude/projects/-home-joshf-synapse/e66b6188-6aad-4191-87cd-ea91a8dff155.jsonl
DEBUG: Extracted session ID: e66b6188-6aad-4191-87cd-ea91a8dff155
DEBUG: File size: 0.08 MB
DEBUG: Reading file content from: /home/joshf/.claude/projects/-home-joshf-synapse/e66b6188-6aad-4191-87cd-ea91a8dff155.jsonl
DEBUG: File content length: 85776 characters
DEBUG: Found 72 non-empty lines
DEBUG: Parsed 72 JSON messages
DEBUG: Parsing stats - total: 72, messages: 32, toolUses: 20, toolResults: 20, errors: 0, skipped: 40
DEBUG: Database operation complete:
  - Messages inserted: 0, updated: 0
  - Tool uses inserted: 0
  - Tool results inserted: 0
  - Attachments inserted: 0
  - Env info inserted: 0
  - Errors: 1
Synced 0 records from e66b6188-6aad-4191-87cd-ea91a8dff155 (20 tool calls extracted)
Errors in e66b6188-6aad-4191-87cd-ea91a8dff155: [
  TypeError: The database connection is not open
      at sqliteTransaction (/home/joshf/mem-sqlite/node_modules/better-sqlite3/lib/methods/transaction.js:63:9)
      at <anonymous> (/home/joshf/mem-sqlite/sync_engine/execute/database.ts:311:7)
      at retryDatabaseOperation (/home/joshf/mem-sqlite/sync_engine/execute/database.ts:163:14)
      at executeParsedEntries (/home/joshf/mem-sqlite/sync_engine/execute/database.ts:193:10)
      at processJsonlFile (/home/joshf/mem-sqlite/sync_engine/claude_code/index.ts:69:20)
      at runClaudeCodeSync (/home/joshf/mem-sqlite/sync_engine/claude_code/index.ts:112:13)
      at process.processTicksAndRejections (node:internal/process/task_queues:105:5)
      at async sync (/home/joshf/mem-sqlite/cli.ts:19:3)
      at async main (/home/joshf/mem-sqlite/cli.ts:56:7)
]
Initial sync complete
Sync complete.
joshf@battlestation:~/mem-sqlite$
